ARM Linker, 4.1 [Build 894] [Evaluation]

==============================================================================

Section Cross References

    system_mk60dz10.o(.text) refers to system_mk60dz10.o(.data) for SystemCoreClock
    startup_mk60dz10.o(STACK) refers (Special) to heapauxi.o(.text) for __use_two_region_memory
    startup_mk60dz10.o(HEAP) refers (Special) to heapauxi.o(.text) for __use_two_region_memory
    startup_mk60dz10.o(RESET) refers (Special) to heapauxi.o(.text) for __use_two_region_memory
    startup_mk60dz10.o(RESET) refers to startup_mk60dz10.o(STACK) for __initial_sp
    startup_mk60dz10.o(RESET) refers to startup_mk60dz10.o(.text) for Reset_Handler
    startup_mk60dz10.o(RESET) refers to isr.o(.text) for UART4_RX_TX_IRQHandler
    startup_mk60dz10.o(.ARM.__at_0x400) refers (Special) to heapauxi.o(.text) for __use_two_region_memory
    startup_mk60dz10.o(.text) refers (Special) to heapauxi.o(.text) for __use_two_region_memory
    startup_mk60dz10.o(.text) refers to system_mk60dz10.o(.text) for SystemInit
    startup_mk60dz10.o(.text) refers to __main.o(!!!main) for __main
    startup_mk60dz10.o(.text) refers to startup_mk60dz10.o(HEAP) for Heap_Mem
    startup_mk60dz10.o(.text) refers to startup_mk60dz10.o(STACK) for Stack_Mem
    main.o(.text) refers to sys.o(.text) for SystemClockSetup
    main.o(.text) refers to delay.o(.text) for DelayInit
    main.o(.text) refers to steering.o(.text) for steering_init
    main.o(.text) refers to pit.o(.text) for PIT_Init
    main.o(.text) refers to uart.o(.text) for UART_DebugPortInit
    isr.o(.text) refers to uart.o(.text) for UART_SendDataIntProcess
    isr.o(.text) refers to pit.o(.text) for PIT_ClearITPendingBit
    isr.o(.text) refers to steering.o(.text) for set_steering_angle
    motor.o(.text) refers to ftm.o(.text) for FTM_Init
    steering.o(.text) refers to ftm.o(.text) for FTM_Init
    ccd.o(.text) refers to gpio.o(.text) for GPIO_Init
    ccd.o(.text) refers to adc.o(.text) for ADC_Init
    ccd.o(.text) refers to delay.o(.text) for DelayUs
    ccd.o(.text) refers to main.o(.bss) for ADC_Value
    sys.o(.text) refers to main.o(.text) for assert_failed
    sys.o(.text) refers to sys.o(.bss) for CPUInfo
    sys.o(.text) refers to system_mk60dz10.o(.data) for SystemCoreClock
    delay.o(.text) refers to sys.o(.text) for GetCPUInfo
    delay.o(.text) refers to sys.o(.bss) for CPUInfo
    delay.o(.text) refers to delay.o(.data) for fac_us
    ftm.o(.text) refers to main.o(.text) for assert_failed
    ftm.o(.text) refers to sys.o(.bss) for CPUInfo
    gpio.o(.text) refers to main.o(.text) for assert_failed
    pit.o(.text) refers to main.o(.text) for assert_failed
    pit.o(.text) refers to sys.o(.text) for GetCPUInfo
    pit.o(.text) refers to sys.o(.bss) for CPUInfo
    rtc.o(.text) refers to rtc.o(.constdata) for mon_table
    rtc.o(.text) refers to rtc.o(.data) for daycnt
    adc.o(.text) refers to main.o(.text) for assert_failed
    spi.o(.text) refers to main.o(.text) for assert_failed
    uart.o(.text) refers to main.o(.text) for assert_failed
    uart.o(.text) refers to sys.o(.text) for GetCPUInfo
    uart.o(.text) refers to sys.o(.bss) for CPUInfo
    uart.o(.text) refers to uart.o(.bss) for UART_TxIntStruct1
    uart.o(.text) refers to uart.o(.data) for UART_DebugPort
    uart.o(.text) refers to rt_memcpy_v6.o(.text) for __aeabi_memcpy
    uart.o(.data) refers to uart.o(.conststring) for .conststring
    led.o(.text) refers to gpio.o(.text) for GPIO_Init
    spilcd.o(.text) refers to spi.o(.text) for SPI_ReadWriteByte
    spilcd.o(.text) refers to spilcd.o(i.SPILCD_SetWindow) for SPILCD_SetWindow
    spilcd.o(.text) refers to spilcd.o(i.SPILCD_WriteRAM_Prepare) for SPILCD_WriteRAM_Prepare
    spilcd.o(.text) refers to gpio.o(.text) for GPIO_Init
    spilcd.o(.text) refers to spilcd.o(.data) for BACK_COLOR
    spilcd.o(.text) refers to spilcd.o(.constdata) for fontsizetable
    key.o(.text) refers to gpio.o(.text) for GPIO_Init
    key.o(.text) refers to key.o(.data) for key_state
    nrf2401.o(.text) refers to spi.o(.text) for SPI_ReadWriteByte
    nrf2401.o(.text) refers to gpio.o(.text) for GPIO_Init
    nrf2401.o(.text) refers to nrf2401.o(.constdata) for RX_ADDRESS
    rt_memcpy_v6.o(.text) refers to rt_memcpy_w.o(.text) for __aeabi_memcpy4
    __main.o(!!!main) refers to rtentry.o(.ARM.Collect$$rtentry$$00000000) for __rt_entry
    rtentry.o(.ARM.Collect$$rtentry$$00000000) refers (Special) to rtentry2.o(.ARM.Collect$$rtentry$$0000000A) for __rt_entry_li
    rtentry.o(.ARM.Collect$$rtentry$$00000000) refers (Special) to rtentry2.o(.ARM.Collect$$rtentry$$0000000D) for __rt_entry_main
    rtentry.o(.ARM.Collect$$rtentry$$00000000) refers (Special) to rtentry2.o(.ARM.Collect$$rtentry$$0000000C) for __rt_entry_postli_1
    rtentry.o(.ARM.Collect$$rtentry$$00000000) refers (Special) to rtentry2.o(.ARM.Collect$$rtentry$$00000009) for __rt_entry_postsh_1
    rtentry.o(.ARM.Collect$$rtentry$$00000000) refers (Special) to rtentry2.o(.ARM.Collect$$rtentry$$00000002) for __rt_entry_presh_1
    rtentry.o(.ARM.Collect$$rtentry$$00000000) refers (Special) to rtentry4.o(.ARM.Collect$$rtentry$$00000004) for __rt_entry_sh
    rtentry2.o(.ARM.Collect$$rtentry$$00000008) refers to boardinit2.o(.text) for _platform_post_stackheap_init
    rtentry2.o(.ARM.Collect$$rtentry$$0000000A) refers to libinit.o(.ARM.Collect$$libinit$$00000000) for __rt_lib_init
    rtentry2.o(.ARM.Collect$$rtentry$$0000000B) refers to boardinit3.o(.text) for _platform_post_lib_init
    rtentry2.o(.ARM.Collect$$rtentry$$0000000D) refers to main.o(.text) for main
    rtentry2.o(.ARM.Collect$$rtentry$$0000000D) refers to exit.o(.text) for exit
    rtentry2.o(.ARM.exidx) refers to rtentry2.o(.ARM.Collect$$rtentry$$00000001) for .ARM.Collect$$rtentry$$00000001
    rtentry2.o(.ARM.exidx) refers to rtentry2.o(.ARM.Collect$$rtentry$$00000008) for .ARM.Collect$$rtentry$$00000008
    rtentry2.o(.ARM.exidx) refers to rtentry2.o(.ARM.Collect$$rtentry$$0000000A) for .ARM.Collect$$rtentry$$0000000A
    rtentry2.o(.ARM.exidx) refers to rtentry2.o(.ARM.Collect$$rtentry$$0000000B) for .ARM.Collect$$rtentry$$0000000B
    rtentry2.o(.ARM.exidx) refers to rtentry2.o(.ARM.Collect$$rtentry$$0000000D) for .ARM.Collect$$rtentry$$0000000D
    rtentry4.o(.ARM.Collect$$rtentry$$00000004) refers to sys_stackheap_outer.o(.text) for __user_setup_stackheap
    rtentry4.o(.ARM.exidx) refers to rtentry4.o(.ARM.Collect$$rtentry$$00000004) for .ARM.Collect$$rtentry$$00000004
    sys_stackheap_outer.o(.text) refers to libspace.o(.text) for __user_perproc_libspace
    sys_stackheap_outer.o(.text) refers to startup_mk60dz10.o(.text) for __user_initial_stackheap
    exit.o(.text) refers to rtexit.o(.ARM.Collect$$rtexit$$00000000) for __rt_exit
    libinit.o(.ARM.Collect$$libinit$$00000000) refers (Special) to libinit2.o(.ARM.Collect$$libinit$$0000002A) for __rt_lib_init_alloca_1
    libinit.o(.ARM.Collect$$libinit$$00000000) refers (Special) to libinit2.o(.ARM.Collect$$libinit$$00000028) for __rt_lib_init_argv_1
    libinit.o(.ARM.Collect$$libinit$$00000000) refers (Special) to libinit2.o(.ARM.Collect$$libinit$$00000017) for __rt_lib_init_atexit_1
    libinit.o(.ARM.Collect$$libinit$$00000000) refers (Special) to libinit2.o(.ARM.Collect$$libinit$$0000001D) for __rt_lib_init_clock_1
    libinit.o(.ARM.Collect$$libinit$$00000000) refers (Special) to libinit2.o(.ARM.Collect$$libinit$$0000002E) for __rt_lib_init_cpp_1
    libinit.o(.ARM.Collect$$libinit$$00000000) refers (Special) to libinit2.o(.ARM.Collect$$libinit$$0000002C) for __rt_lib_init_exceptions_1
    libinit.o(.ARM.Collect$$libinit$$00000000) refers (Special) to libinit2.o(.ARM.Collect$$libinit$$0000001B) for __rt_lib_init_fp_trap_1
    libinit.o(.ARM.Collect$$libinit$$00000000) refers (Special) to libinit2.o(.ARM.Collect$$libinit$$0000001F) for __rt_lib_init_getenv_1
    libinit.o(.ARM.Collect$$libinit$$00000000) refers (Special) to libinit2.o(.ARM.Collect$$libinit$$00000006) for __rt_lib_init_heap_1
    libinit.o(.ARM.Collect$$libinit$$00000000) refers (Special) to libinit2.o(.ARM.Collect$$libinit$$0000000D) for __rt_lib_init_lc_collate_1
    libinit.o(.ARM.Collect$$libinit$$00000000) refers (Special) to libinit2.o(.ARM.Collect$$libinit$$0000000F) for __rt_lib_init_lc_ctype_1
    libinit.o(.ARM.Collect$$libinit$$00000000) refers (Special) to libinit2.o(.ARM.Collect$$libinit$$00000011) for __rt_lib_init_lc_monetary_1
    libinit.o(.ARM.Collect$$libinit$$00000000) refers (Special) to libinit2.o(.ARM.Collect$$libinit$$00000013) for __rt_lib_init_lc_numeric_1
    libinit.o(.ARM.Collect$$libinit$$00000000) refers (Special) to libinit2.o(.ARM.Collect$$libinit$$00000015) for __rt_lib_init_lc_time_1
    libinit.o(.ARM.Collect$$libinit$$00000000) refers (Special) to libinit2.o(.ARM.Collect$$libinit$$0000000A) for __rt_lib_init_rand_1
    libinit.o(.ARM.Collect$$libinit$$00000000) refers (Special) to libinit2.o(.ARM.Collect$$libinit$$0000002F) for __rt_lib_init_return
    libinit.o(.ARM.Collect$$libinit$$00000000) refers (Special) to libinit2.o(.ARM.Collect$$libinit$$00000019) for __rt_lib_init_signal_1
    libinit.o(.ARM.Collect$$libinit$$00000000) refers (Special) to libinit2.o(.ARM.Collect$$libinit$$00000021) for __rt_lib_init_stdio_1
    libinit.o(.ARM.Collect$$libinit$$00000000) refers (Special) to libinit2.o(.ARM.Collect$$libinit$$00000008) for __rt_lib_init_user_alloc_1
    libinit.o(.ARM.Collect$$libinit$$00000000) refers to fpinit.o(x$fpl$fpinit) for _fp_init
    libspace.o(.text) refers to libspace.o(.bss) for __libspace_start
    rtexit.o(.ARM.Collect$$rtexit$$00000000) refers (Special) to rtexit2.o(.ARM.Collect$$rtexit$$00000004) for __rt_exit_exit
    rtexit.o(.ARM.Collect$$rtexit$$00000000) refers (Special) to rtexit2.o(.ARM.Collect$$rtexit$$00000003) for __rt_exit_ls
    rtexit.o(.ARM.Collect$$rtexit$$00000000) refers (Special) to rtexit2.o(.ARM.Collect$$rtexit$$00000002) for __rt_exit_prels_1
    rtexit.o(.ARM.exidx) refers (Special) to rtexit2.o(.ARM.Collect$$rtexit$$00000004) for __rt_exit_exit
    rtexit.o(.ARM.exidx) refers (Special) to rtexit2.o(.ARM.Collect$$rtexit$$00000003) for __rt_exit_ls
    rtexit.o(.ARM.exidx) refers (Special) to rtexit2.o(.ARM.Collect$$rtexit$$00000002) for __rt_exit_prels_1
    rtexit.o(.ARM.exidx) refers to rtexit.o(.ARM.Collect$$rtexit$$00000000) for .ARM.Collect$$rtexit$$00000000
    libinit2.o(.ARM.Collect$$libinit$$0000000C) refers to libinit2.o(.ARM.Collect$$libinit$$0000000B) for .ARM.Collect$$libinit$$0000000B
    libinit2.o(.ARM.Collect$$libinit$$0000000E) refers to libinit2.o(.ARM.Collect$$libinit$$0000000B) for .ARM.Collect$$libinit$$0000000B
    libinit2.o(.ARM.Collect$$libinit$$00000010) refers to libinit2.o(.ARM.Collect$$libinit$$0000000B) for .ARM.Collect$$libinit$$0000000B
    libinit2.o(.ARM.Collect$$libinit$$00000012) refers to libinit2.o(.ARM.Collect$$libinit$$0000000B) for .ARM.Collect$$libinit$$0000000B
    libinit2.o(.ARM.Collect$$libinit$$00000014) refers to libinit2.o(.ARM.Collect$$libinit$$0000000B) for .ARM.Collect$$libinit$$0000000B
    libinit2.o(.ARM.Collect$$libinit$$00000022) refers to argv_veneer.o(.emb_text) for __ARM_argv_veneer
    libinit2.o(.ARM.Collect$$libinit$$00000023) refers to argv_veneer.o(.emb_text) for __ARM_argv_veneer
    fpinit.o(x$fpl$fpinit) refers to rt_fp_status_addr_intlibspace.o(.text) for __rt_fp_status_addr
    rtexit2.o(.ARM.Collect$$rtexit$$00000003) refers to libshutdown.o(.ARM.Collect$$libshutdown$$00000000) for __rt_lib_shutdown
    rtexit2.o(.ARM.Collect$$rtexit$$00000004) refers to sys_exit.o(.text) for _sys_exit
    rtexit2.o(.ARM.exidx) refers to rtexit2.o(.ARM.Collect$$rtexit$$00000001) for .ARM.Collect$$rtexit$$00000001
    rtexit2.o(.ARM.exidx) refers to rtexit2.o(.ARM.Collect$$rtexit$$00000003) for .ARM.Collect$$rtexit$$00000003
    rtexit2.o(.ARM.exidx) refers to rtexit2.o(.ARM.Collect$$rtexit$$00000004) for .ARM.Collect$$rtexit$$00000004
    rt_fp_status_addr.o(.text) refers to rt_fp_status_addr.o(.bss) for __rt_fp_status_addr_data
    rt_fp_status_addr_intlibspace.o(.text) refers to libspace.o(.bss) for __libspace_start
    argv_veneer.o(.emb_text) refers to no_argv.o(.text) for __ARM_get_argv
    sys_exit.o(.text) refers (Special) to use_no_semi.o(.text) for __I$use$semihosting
    sys_exit.o(.text) refers (Special) to indicate_semi.o(.text) for __semihosting_library_function
    _get_argv_nomalloc.o(.text) refers (Special) to hrguard.o(.text) for __heap_region$guard
    _get_argv_nomalloc.o(.text) refers to defsig_rtmem_outer.o(.text) for __rt_SIGRTMEM
    _get_argv_nomalloc.o(.text) refers to sys_command.o(.text) for _sys_command_string
    libshutdown.o(.ARM.Collect$$libshutdown$$00000000) refers (Special) to libshutdown2.o(.ARM.Collect$$libshutdown$$00000006) for __rt_lib_shutdown_fp_trap_1
    libshutdown.o(.ARM.Collect$$libshutdown$$00000000) refers (Special) to libshutdown2.o(.ARM.Collect$$libshutdown$$0000000E) for __rt_lib_shutdown_heap_1
    libshutdown.o(.ARM.Collect$$libshutdown$$00000000) refers (Special) to libshutdown2.o(.ARM.Collect$$libshutdown$$0000000F) for __rt_lib_shutdown_return
    libshutdown.o(.ARM.Collect$$libshutdown$$00000000) refers (Special) to libshutdown2.o(.ARM.Collect$$libshutdown$$00000009) for __rt_lib_shutdown_signal_1
    libshutdown.o(.ARM.Collect$$libshutdown$$00000000) refers (Special) to libshutdown2.o(.ARM.Collect$$libshutdown$$00000003) for __rt_lib_shutdown_stdio_1
    libshutdown.o(.ARM.Collect$$libshutdown$$00000000) refers (Special) to libshutdown2.o(.ARM.Collect$$libshutdown$$0000000B) for __rt_lib_shutdown_user_alloc_1
    sys_command.o(.text) refers (Special) to use_no_semi.o(.text) for __I$use$semihosting
    sys_command.o(.text) refers (Special) to indicate_semi.o(.text) for __semihosting_library_function
    defsig_rtmem_outer.o(.text) refers to defsig_rtmem_inner.o(.text) for __rt_SIGRTMEM_inner
    defsig_rtmem_outer.o(.text) refers to defsig_exit.o(.text) for __sig_exit
    defsig_rtmem_formal.o(.text) refers to rt_raise.o(.text) for __rt_raise
    rt_raise.o(.text) refers to __raise.o(.text) for __raise
    rt_raise.o(.text) refers to sys_exit.o(.text) for _sys_exit
    defsig_exit.o(.text) refers to sys_exit.o(.text) for _sys_exit
    defsig_rtmem_inner.o(.text) refers to defsig_general.o(.text) for __default_signal_display
    __raise.o(.text) refers to defsig.o(CL$$defsig) for __default_signal_handler
    defsig_general.o(.text) refers to sys_wrch.o(.text) for _ttywrch
    sys_wrch.o(.text) refers (Special) to use_no_semi.o(.text) for __I$use$semihosting
    sys_wrch.o(.text) refers (Special) to indicate_semi.o(.text) for __semihosting_library_function
    defsig.o(CL$$defsig) refers to defsig_rtmem_inner.o(.text) for __rt_SIGRTMEM_inner
    defsig_abrt_inner.o(.text) refers to defsig_general.o(.text) for __default_signal_display
    defsig_fpe_inner.o(.text) refers to defsig_general.o(.text) for __default_signal_display
    defsig_rtred_inner.o(.text) refers to defsig_general.o(.text) for __default_signal_display
    defsig_stak_inner.o(.text) refers to defsig_general.o(.text) for __default_signal_display
    defsig_pvfn_inner.o(.text) refers to defsig_general.o(.text) for __default_signal_display
    defsig_cppl_inner.o(.text) refers to defsig_general.o(.text) for __default_signal_display
    defsig_segv_inner.o(.text) refers to defsig_general.o(.text) for __default_signal_display
    defsig_other.o(.text) refers to defsig_general.o(.text) for __default_signal_display
    spilcd.o(i.SPILCD_SetWindow) refers to spilcd.o(.text) for SPILCD_WR_REG
    spilcd.o(i.SPILCD_WriteRAM_Prepare) refers to spilcd.o(.text) for SPILCD_WR_REG


==============================================================================

Removing Unused input sections from the image.

    Removing system_mk60dz10.o(.rev16_text), (4 bytes).
    Removing system_mk60dz10.o(.revsh_text), (4 bytes).
    Removing main.o(.rev16_text), (4 bytes).
    Removing main.o(.revsh_text), (4 bytes).
    Removing main.o(.bss), (128 bytes).
    Removing isr.o(.rev16_text), (4 bytes).
    Removing isr.o(.revsh_text), (4 bytes).
    Removing motor.o(.rev16_text), (4 bytes).
    Removing motor.o(.revsh_text), (4 bytes).
    Removing motor.o(.text), (88 bytes).
    Removing steering.o(.rev16_text), (4 bytes).
    Removing steering.o(.revsh_text), (4 bytes).
    Removing ccd.o(.rev16_text), (4 bytes).
    Removing ccd.o(.revsh_text), (4 bytes).
    Removing ccd.o(.text), (260 bytes).
    Removing sys.o(.rev16_text), (4 bytes).
    Removing sys.o(.revsh_text), (4 bytes).
    Removing delay.o(.rev16_text), (4 bytes).
    Removing delay.o(.revsh_text), (4 bytes).
    Removing ftm.o(.rev16_text), (4 bytes).
    Removing ftm.o(.revsh_text), (4 bytes).
    Removing gpio.o(.rev16_text), (4 bytes).
    Removing gpio.o(.revsh_text), (4 bytes).
    Removing gpio.o(.text), (1800 bytes).
    Removing pit.o(.rev16_text), (4 bytes).
    Removing pit.o(.revsh_text), (4 bytes).
    Removing rtc.o(.rev16_text), (4 bytes).
    Removing rtc.o(.revsh_text), (4 bytes).
    Removing rtc.o(.text), (784 bytes).
    Removing rtc.o(.constdata), (24 bytes).
    Removing rtc.o(.data), (2 bytes).
    Removing adc.o(.rev16_text), (4 bytes).
    Removing adc.o(.revsh_text), (4 bytes).
    Removing adc.o(.text), (1284 bytes).
    Removing spi.o(.rev16_text), (4 bytes).
    Removing spi.o(.revsh_text), (4 bytes).
    Removing spi.o(.text), (2124 bytes).
    Removing tsi.o(.rev16_text), (4 bytes).
    Removing tsi.o(.revsh_text), (4 bytes).
    Removing tsi.o(.text), (1052 bytes).
    Removing uart.o(.rev16_text), (4 bytes).
    Removing uart.o(.revsh_text), (4 bytes).
    Removing led.o(.rev16_text), (4 bytes).
    Removing led.o(.revsh_text), (4 bytes).
    Removing led.o(.text), (40 bytes).
    Removing spilcd.o(.rev16_text), (4 bytes).
    Removing spilcd.o(.revsh_text), (4 bytes).
    Removing spilcd.o(.text), (1928 bytes).
    Removing spilcd.o(.constdata), (4183 bytes).
    Removing spilcd.o(.data), (4 bytes).
    Removing key.o(.rev16_text), (4 bytes).
    Removing key.o(.revsh_text), (4 bytes).
    Removing key.o(.text), (284 bytes).
    Removing key.o(.data), (4 bytes).
    Removing nrf2401.o(.rev16_text), (4 bytes).
    Removing nrf2401.o(.revsh_text), (4 bytes).
    Removing nrf2401.o(.text), (736 bytes).
    Removing nrf2401.o(.constdata), (10 bytes).
    Removing spilcd.o(i.SPILCD_SetWindow), (76 bytes).
    Removing spilcd.o(i.SPILCD_WriteRAM_Prepare), (10 bytes).

60 unused section(s) (total 14981 bytes) removed from the image.

==============================================================================

Image Symbol Table

    Local Symbols

    Symbol Name                              Value     Ov Type        Size  Object(Section)

    RESET                                    0x00000000   Section     1024  startup_mk60dz10.o(RESET)
    ../../angel/boardlib.s                   0x00000000   Number         0  boardinit3.o ABSOLUTE
    ../../angel/boardlib.s                   0x00000000   Number         0  boardinit1.o ABSOLUTE
    ../../angel/boardlib.s                   0x00000000   Number         0  boardshut.o ABSOLUTE
    ../../angel/boardlib.s                   0x00000000   Number         0  boardinit2.o ABSOLUTE
    ../../angel/handlers.s                   0x00000000   Number         0  __scatter_zi.o ABSOLUTE
    ../../angel/handlers.s                   0x00000000   Number         0  __scatter_copy.o ABSOLUTE
    ../../angel/kernel.s                     0x00000000   Number         0  rtexit.o ABSOLUTE
    ../../angel/kernel.s                     0x00000000   Number         0  rtentry2.o ABSOLUTE
    ../../angel/kernel.s                     0x00000000   Number         0  rtentry.o ABSOLUTE
    ../../angel/kernel.s                     0x00000000   Number         0  rtexit2.o ABSOLUTE
    ../../angel/kernel.s                     0x00000000   Number         0  rtentry4.o ABSOLUTE
    ../../angel/rt.s                         0x00000000   Number         0  rt_raise.o ABSOLUTE
    ../../angel/rt.s                         0x00000000   Number         0  rt_fp_status_addr.o ABSOLUTE
    ../../angel/rt.s                         0x00000000   Number         0  rt_fp_status_addr_intlibspace.o ABSOLUTE
    ../../angel/scatter.s                    0x00000000   Number         0  __scatter.o ABSOLUTE
    ../../angel/startup.s                    0x00000000   Number         0  __main.o ABSOLUTE
    ../../angel/sys.s                        0x00000000   Number         0  sys_stackheap_outer.o ABSOLUTE
    ../../angel/sys.s                        0x00000000   Number         0  use_no_semi.o ABSOLUTE
    ../../angel/sys.s                        0x00000000   Number         0  libspace.o ABSOLUTE
    ../../angel/sys.s                        0x00000000   Number         0  indicate_semi.o ABSOLUTE
    ../../angel/sysapp.c                     0x00000000   Number         0  sys_exit.o ABSOLUTE
    ../../angel/sysapp.c                     0x00000000   Number         0  sys_command.o ABSOLUTE
    ../../angel/sysapp.c                     0x00000000   Number         0  sys_wrch.o ABSOLUTE
    ../../armsys.c                           0x00000000   Number         0  argv_veneer.o ABSOLUTE
    ../../armsys.c                           0x00000000   Number         0  argv_veneer.o ABSOLUTE
    ../../armsys.c                           0x00000000   Number         0  _get_argv_nomalloc.o ABSOLUTE
    ../../armsys.c                           0x00000000   Number         0  no_argv.o ABSOLUTE
    ../../fpinit.s                           0x00000000   Number         0  fpinit.o ABSOLUTE
    ../../heapalloc.c                        0x00000000   Number         0  hrguard.o ABSOLUTE
    ../../heapaux.c                          0x00000000   Number         0  heapauxi.o ABSOLUTE
    ../../libinit.s                          0x00000000   Number         0  libshutdown2.o ABSOLUTE
    ../../libinit.s                          0x00000000   Number         0  libinit2.o ABSOLUTE
    ../../libinit.s                          0x00000000   Number         0  libshutdown.o ABSOLUTE
    ../../libinit.s                          0x00000000   Number         0  libinit.o ABSOLUTE
    ../../memcpset.s                         0x00000000   Number         0  rt_memcpy_v6.o ABSOLUTE
    ../../memcpset.s                         0x00000000   Number         0  rt_memcpy_w.o ABSOLUTE
    ../../signal.c                           0x00000000   Number         0  defsig_other.o ABSOLUTE
    ../../signal.c                           0x00000000   Number         0  defsig_segv_inner.o ABSOLUTE
    ../../signal.c                           0x00000000   Number         0  defsig_cppl_inner.o ABSOLUTE
    ../../signal.c                           0x00000000   Number         0  defsig_stak_inner.o ABSOLUTE
    ../../signal.c                           0x00000000   Number         0  defsig_rtred_inner.o ABSOLUTE
    ../../signal.c                           0x00000000   Number         0  defsig_fpe_inner.o ABSOLUTE
    ../../signal.c                           0x00000000   Number         0  defsig_exit.o ABSOLUTE
    ../../signal.c                           0x00000000   Number         0  defsig_rtmem_formal.o ABSOLUTE
    ../../signal.c                           0x00000000   Number         0  defsig_rtmem_outer.o ABSOLUTE
    ../../signal.c                           0x00000000   Number         0  __raise.o ABSOLUTE
    ../../signal.c                           0x00000000   Number         0  defsig_general.o ABSOLUTE
    ../../signal.c                           0x00000000   Number         0  defsig_pvfn_inner.o ABSOLUTE
    ../../signal.c                           0x00000000   Number         0  defsig_abrt_inner.o ABSOLUTE
    ../../signal.c                           0x00000000   Number         0  defsig_rtmem_inner.o ABSOLUTE
    ../../signal.s                           0x00000000   Number         0  defsig.o ABSOLUTE
    ../../stdlib.c                           0x00000000   Number         0  exit.o ABSOLUTE
    ..\SRC\FWLIB\ADC\adc.c                   0x00000000   Number         0  adc.o ABSOLUTE
    ..\SRC\FWLIB\CCD\ccd.c                   0x00000000   Number         0  ccd.o ABSOLUTE
    ..\SRC\FWLIB\DELAY\delay.c               0x00000000   Number         0  delay.o ABSOLUTE
    ..\SRC\FWLIB\FTM\ftm.c                   0x00000000   Number         0  ftm.o ABSOLUTE
    ..\SRC\FWLIB\GPIO\gpio.c                 0x00000000   Number         0  gpio.o ABSOLUTE
    ..\SRC\FWLIB\PIT\pit.c                   0x00000000   Number         0  pit.o ABSOLUTE
    ..\SRC\FWLIB\RTC\rtc.c                   0x00000000   Number         0  rtc.o ABSOLUTE
    ..\SRC\FWLIB\SPI\spi.c                   0x00000000   Number         0  spi.o ABSOLUTE
    ..\SRC\FWLIB\SYS\sys.c                   0x00000000   Number         0  sys.o ABSOLUTE
    ..\SRC\FWLIB\TSI\tsi.c                   0x00000000   Number         0  tsi.o ABSOLUTE
    ..\SRC\FWLIB\UART\uart.c                 0x00000000   Number         0  uart.o ABSOLUTE
    ..\SRC\HARDWARE\KEY\key.c                0x00000000   Number         0  key.o ABSOLUTE
    ..\SRC\HARDWARE\LED\led.c                0x00000000   Number         0  led.o ABSOLUTE
    ..\SRC\HARDWARE\NRF2401\nrf2401.c        0x00000000   Number         0  nrf2401.o ABSOLUTE
    ..\SRC\HARDWARE\SPILCD\spilcd.c          0x00000000   Number         0  spilcd.o ABSOLUTE
    ..\SRC\STARTUP\startup_MK60DZ10.s        0x00000000   Number         0  startup_mk60dz10.o ABSOLUTE
    ..\SRC\STARTUP\system_MK60DZ10.c         0x00000000   Number         0  system_mk60dz10.o ABSOLUTE
    ..\SRC\USER\isr.c                        0x00000000   Number         0  isr.o ABSOLUTE
    ..\SRC\USER\main.c                       0x00000000   Number         0  main.o ABSOLUTE
    ..\SRC\USER\motor.c                      0x00000000   Number         0  motor.o ABSOLUTE
    ..\SRC\USER\steering.c                   0x00000000   Number         0  steering.o ABSOLUTE
    ..\\SRC\\FWLIB\\ADC\\adc.c               0x00000000   Number         0  adc.o ABSOLUTE
    ..\\SRC\\FWLIB\\CCD\\ccd.c               0x00000000   Number         0  ccd.o ABSOLUTE
    ..\\SRC\\FWLIB\\DELAY\\delay.c           0x00000000   Number         0  delay.o ABSOLUTE
    ..\\SRC\\FWLIB\\FTM\\ftm.c               0x00000000   Number         0  ftm.o ABSOLUTE
    ..\\SRC\\FWLIB\\GPIO\\gpio.c             0x00000000   Number         0  gpio.o ABSOLUTE
    ..\\SRC\\FWLIB\\PIT\\pit.c               0x00000000   Number         0  pit.o ABSOLUTE
    ..\\SRC\\FWLIB\\RTC\\rtc.c               0x00000000   Number         0  rtc.o ABSOLUTE
    ..\\SRC\\FWLIB\\SPI\\spi.c               0x00000000   Number         0  spi.o ABSOLUTE
    ..\\SRC\\FWLIB\\SYS\\sys.c               0x00000000   Number         0  sys.o ABSOLUTE
    ..\\SRC\\FWLIB\\TSI\\tsi.c               0x00000000   Number         0  tsi.o ABSOLUTE
    ..\\SRC\\FWLIB\\UART\\uart.c             0x00000000   Number         0  uart.o ABSOLUTE
    ..\\SRC\\HARDWARE\\KEY\\key.c            0x00000000   Number         0  key.o ABSOLUTE
    ..\\SRC\\HARDWARE\\LED\\led.c            0x00000000   Number         0  led.o ABSOLUTE
    ..\\SRC\\HARDWARE\\NRF2401\\nrf2401.c    0x00000000   Number         0  nrf2401.o ABSOLUTE
    ..\\SRC\\HARDWARE\\SPILCD\\spilcd.c      0x00000000   Number         0  spilcd.o ABSOLUTE
    ..\\SRC\\STARTUP\\system_MK60DZ10.c      0x00000000   Number         0  system_mk60dz10.o ABSOLUTE
    ..\\SRC\\USER\\isr.c                     0x00000000   Number         0  isr.o ABSOLUTE
    ..\\SRC\\USER\\main.c                    0x00000000   Number         0  main.o ABSOLUTE
    ..\\SRC\\USER\\motor.c                   0x00000000   Number         0  motor.o ABSOLUTE
    ..\\SRC\\USER\\steering.c                0x00000000   Number         0  steering.o ABSOLUTE
    dc.s                                     0x00000000   Number         0  dc.o ABSOLUTE
    .ARM.__at_0x400                          0x00000400   Section       16  startup_mk60dz10.o(.ARM.__at_0x400)
    !!!main                                  0x00000410   Section        8  __main.o(!!!main)
    !!!scatter                               0x00000418   Section       52  __scatter.o(!!!scatter)
    !!handler_copy                           0x0000044c   Section       26  __scatter_copy.o(!!handler_copy)
    !!handler_zi                             0x00000468   Section       28  __scatter_zi.o(!!handler_zi)
    .ARM.Collect$$libinit$$00000000          0x00000484   Section        6  libinit.o(.ARM.Collect$$libinit$$00000000)
    .ARM.Collect$$libinit$$00000006          0x0000048a   Section        0  libinit2.o(.ARM.Collect$$libinit$$00000006)
    .ARM.Collect$$libinit$$00000008          0x0000048a   Section        0  libinit2.o(.ARM.Collect$$libinit$$00000008)
    .ARM.Collect$$libinit$$0000000A          0x0000048a   Section        0  libinit2.o(.ARM.Collect$$libinit$$0000000A)
    .ARM.Collect$$libinit$$0000000D          0x0000048a   Section        0  libinit2.o(.ARM.Collect$$libinit$$0000000D)
    .ARM.Collect$$libinit$$0000000F          0x0000048a   Section        0  libinit2.o(.ARM.Collect$$libinit$$0000000F)
    .ARM.Collect$$libinit$$00000011          0x0000048a   Section        0  libinit2.o(.ARM.Collect$$libinit$$00000011)
    .ARM.Collect$$libinit$$00000013          0x0000048a   Section        0  libinit2.o(.ARM.Collect$$libinit$$00000013)
    .ARM.Collect$$libinit$$00000015          0x0000048a   Section        0  libinit2.o(.ARM.Collect$$libinit$$00000015)
    .ARM.Collect$$libinit$$00000017          0x0000048a   Section        0  libinit2.o(.ARM.Collect$$libinit$$00000017)
    .ARM.Collect$$libinit$$00000019          0x0000048a   Section        0  libinit2.o(.ARM.Collect$$libinit$$00000019)
    .ARM.Collect$$libinit$$0000001B          0x0000048a   Section        0  libinit2.o(.ARM.Collect$$libinit$$0000001B)
    .ARM.Collect$$libinit$$0000001D          0x0000048a   Section        0  libinit2.o(.ARM.Collect$$libinit$$0000001D)
    .ARM.Collect$$libinit$$0000001F          0x0000048a   Section        0  libinit2.o(.ARM.Collect$$libinit$$0000001F)
    .ARM.Collect$$libinit$$00000021          0x0000048a   Section        0  libinit2.o(.ARM.Collect$$libinit$$00000021)
    .ARM.Collect$$libinit$$00000028          0x0000048a   Section        0  libinit2.o(.ARM.Collect$$libinit$$00000028)
    .ARM.Collect$$libinit$$0000002A          0x0000048a   Section        0  libinit2.o(.ARM.Collect$$libinit$$0000002A)
    .ARM.Collect$$libinit$$0000002C          0x0000048a   Section        0  libinit2.o(.ARM.Collect$$libinit$$0000002C)
    .ARM.Collect$$libinit$$0000002E          0x0000048a   Section        0  libinit2.o(.ARM.Collect$$libinit$$0000002E)
    .ARM.Collect$$libinit$$0000002F          0x0000048a   Section        2  libinit2.o(.ARM.Collect$$libinit$$0000002F)
    .ARM.Collect$$libshutdown$$00000000      0x0000048c   Section        2  libshutdown.o(.ARM.Collect$$libshutdown$$00000000)
    .ARM.Collect$$libshutdown$$00000003      0x0000048e   Section        0  libshutdown2.o(.ARM.Collect$$libshutdown$$00000003)
    .ARM.Collect$$libshutdown$$00000006      0x0000048e   Section        0  libshutdown2.o(.ARM.Collect$$libshutdown$$00000006)
    .ARM.Collect$$libshutdown$$00000009      0x0000048e   Section        0  libshutdown2.o(.ARM.Collect$$libshutdown$$00000009)
    .ARM.Collect$$libshutdown$$0000000B      0x0000048e   Section        0  libshutdown2.o(.ARM.Collect$$libshutdown$$0000000B)
    .ARM.Collect$$libshutdown$$0000000E      0x0000048e   Section        0  libshutdown2.o(.ARM.Collect$$libshutdown$$0000000E)
    .ARM.Collect$$libshutdown$$0000000F      0x0000048e   Section        2  libshutdown2.o(.ARM.Collect$$libshutdown$$0000000F)
    .ARM.Collect$$rtentry$$00000000          0x00000490   Section        0  rtentry.o(.ARM.Collect$$rtentry$$00000000)
    .ARM.Collect$$rtentry$$00000002          0x00000490   Section        0  rtentry2.o(.ARM.Collect$$rtentry$$00000002)
    .ARM.Collect$$rtentry$$00000004          0x00000490   Section        6  rtentry4.o(.ARM.Collect$$rtentry$$00000004)
    .ARM.Collect$$rtentry$$00000009          0x00000496   Section        0  rtentry2.o(.ARM.Collect$$rtentry$$00000009)
    .ARM.Collect$$rtentry$$0000000A          0x00000496   Section        4  rtentry2.o(.ARM.Collect$$rtentry$$0000000A)
    .ARM.Collect$$rtentry$$0000000C          0x0000049a   Section        0  rtentry2.o(.ARM.Collect$$rtentry$$0000000C)
    .ARM.Collect$$rtentry$$0000000D          0x0000049a   Section        8  rtentry2.o(.ARM.Collect$$rtentry$$0000000D)
    .ARM.Collect$$rtexit$$00000000           0x000004a2   Section        2  rtexit.o(.ARM.Collect$$rtexit$$00000000)
    .ARM.Collect$$rtexit$$00000002           0x000004a4   Section        0  rtexit2.o(.ARM.Collect$$rtexit$$00000002)
    .ARM.Collect$$rtexit$$00000003           0x000004a4   Section        4  rtexit2.o(.ARM.Collect$$rtexit$$00000003)
    .ARM.Collect$$rtexit$$00000004           0x000004a8   Section        6  rtexit2.o(.ARM.Collect$$rtexit$$00000004)
    .text                                    0x000004b0   Section        0  system_mk60dz10.o(.text)
    .text                                    0x00000648   Section       60  startup_mk60dz10.o(.text)
    .text                                    0x00000684   Section        0  main.o(.text)
    .text                                    0x0000070c   Section        0  isr.o(.text)
    .text                                    0x00000778   Section        0  steering.o(.text)
    .text                                    0x000007a8   Section        0  sys.o(.text)
    .text                                    0x00000ec4   Section        0  delay.o(.text)
    .text                                    0x00000f9c   Section        0  ftm.o(.text)
    FTM_PWM_SetMode                          0x00000f9d   Thumb Code  1076  ftm.o(.text)
    .text                                    0x000019b0   Section        0  pit.o(.text)
    NVIC_EnableIRQ                           0x00001c85   Thumb Code    24  pit.o(.text)
    NVIC_DisableIRQ                          0x00001c9d   Thumb Code    18  pit.o(.text)
    .text                                    0x00001cdc   Section        0  uart.o(.text)
    UART_puts                                0x0000234b   Thumb Code    26  uart.o(.text)
    printn                                   0x00002365   Thumb Code    48  uart.o(.text)
    NVIC_EnableIRQ                           0x0000254f   Thumb Code    24  uart.o(.text)
    .text                                    0x000027bc   Section      138  rt_memcpy_v6.o(.text)
    .text                                    0x00002846   Section        0  heapauxi.o(.text)
    .text                                    0x0000284c   Section      100  rt_memcpy_w.o(.text)
    .text                                    0x000028b0   Section       74  sys_stackheap_outer.o(.text)
    .text                                    0x000028fa   Section        0  exit.o(.text)
    .text                                    0x00002908   Section        8  libspace.o(.text)
    .text                                    0x00002910   Section        8  rt_fp_status_addr_intlibspace.o(.text)
    .text                                    0x00002918   Section        0  sys_exit.o(.text)
    .text                                    0x00002924   Section        2  use_no_semi.o(.text)
    .text                                    0x00002926   Section        0  indicate_semi.o(.text)
    x$fpl$fpinit                             0x00002926   Section       14  fpinit.o(x$fpl$fpinit)
    .conststring                             0x00002934   Section       17  uart.o(.conststring)
    .data                                    0x1fff8000   Section        4  system_mk60dz10.o(.data)
    .data                                    0x1fff8004   Section        8  delay.o(.data)
    fac_us                                   0x1fff8004   Data           1  delay.o(.data)
    fac_ms                                   0x1fff8008   Data           4  delay.o(.data)
    .data                                    0x1fff800c   Section        8  uart.o(.data)
    ntab                                     0x1fff8010   Data           4  uart.o(.data)
    .bss                                     0x1fff8014   Section       36  sys.o(.bss)
    .bss                                     0x1fff8038   Section      134  uart.o(.bss)
    .bss                                     0x1fff80c0   Section       96  libspace.o(.bss)
    HEAP                                     0x1fff8120   Section        0  startup_mk60dz10.o(HEAP)
    STACK                                    0x1fff8120   Section     1024  startup_mk60dz10.o(STACK)
    Heap_Mem                                 0x1fff8120   Data           0  startup_mk60dz10.o(HEAP)
    Stack_Mem                                0x1fff8120   Data        1024  startup_mk60dz10.o(STACK)
    __initial_sp                             0x1fff8520   Data           0  startup_mk60dz10.o(STACK)

    Global Symbols

    Symbol Name                              Value     Ov Type        Size  Object(Section)

    BuildAttributes$$THM_ISAv4$E$P$D$K$B$S$7EM$PE$A:L22UL41UL21$X:L11$S22US41US21$IEEE1$IW$USESV6$~STKCKD$USESV7$~SHL$OSPACE$ROPI$EBA8$UX$STANDARDLIB$REQ8$PRES8$EABIv2 0x00000000   Number         0  anon$$obj.o ABSOLUTE
    __ARM_use_no_argv                        0x00000000   Number         0  main.o ABSOLUTE
    __Vectors                                0x00000000   Data           4  startup_mk60dz10.o(RESET)
    __ARM_exceptions_init                     - Undefined Weak Reference
    __alloca_initialize                       - Undefined Weak Reference
    __cpp_initialize__aeabi_                  - Undefined Weak Reference
    __cxa_finalize                            - Undefined Weak Reference
    __rt_locale                               - Undefined Weak Reference
    __sigvec_lookup                           - Undefined Weak Reference
    _atexit_init                              - Undefined Weak Reference
    _call_atexit_fns                          - Undefined Weak Reference
    _clock_init                               - Undefined Weak Reference
    _fp_trap_init                             - Undefined Weak Reference
    _fp_trap_shutdown                         - Undefined Weak Reference
    _get_lc_collate                           - Undefined Weak Reference
    _get_lc_ctype                             - Undefined Weak Reference
    _get_lc_monetary                          - Undefined Weak Reference
    _get_lc_numeric                           - Undefined Weak Reference
    _get_lc_time                              - Undefined Weak Reference
    _getenv_init                              - Undefined Weak Reference
    _handle_redirection                       - Undefined Weak Reference
    _init_alloc                               - Undefined Weak Reference
    _init_user_alloc                          - Undefined Weak Reference
    _initio                                   - Undefined Weak Reference
    _rand_init                                - Undefined Weak Reference
    _signal_finish                            - Undefined Weak Reference
    _signal_init                              - Undefined Weak Reference
    _terminate_alloc                          - Undefined Weak Reference
    _terminate_user_alloc                     - Undefined Weak Reference
    _terminateio                              - Undefined Weak Reference
    __Vectors_End                            0x00000400   Data           0  startup_mk60dz10.o(RESET)
    __Vectors_Size                           0x00000400   Number         0  startup_mk60dz10.o ABSOLUTE
    __main                                   0x00000411   Thumb Code     8  __main.o(!!!main)
    __scatterload                            0x00000419   Thumb Code     0  __scatter.o(!!!scatter)
    __scatterload_rt2                        0x00000419   Thumb Code    44  __scatter.o(!!!scatter)
    __scatterload_rt2_thumb_only             0x00000419   Thumb Code     0  __scatter.o(!!!scatter)
    __scatterload_null                       0x00000427   Thumb Code     0  __scatter.o(!!!scatter)
    __scatterload_copy                       0x0000044d   Thumb Code    26  __scatter_copy.o(!!handler_copy)
    __scatterload_zeroinit                   0x00000469   Thumb Code    28  __scatter_zi.o(!!handler_zi)
    __rt_lib_init                            0x00000485   Thumb Code     0  libinit.o(.ARM.Collect$$libinit$$00000000)
    __rt_lib_init_alloca_1                   0x0000048b   Thumb Code     0  libinit2.o(.ARM.Collect$$libinit$$0000002A)
    __rt_lib_init_argv_1                     0x0000048b   Thumb Code     0  libinit2.o(.ARM.Collect$$libinit$$00000028)
    __rt_lib_init_atexit_1                   0x0000048b   Thumb Code     0  libinit2.o(.ARM.Collect$$libinit$$00000017)
    __rt_lib_init_clock_1                    0x0000048b   Thumb Code     0  libinit2.o(.ARM.Collect$$libinit$$0000001D)
    __rt_lib_init_cpp_1                      0x0000048b   Thumb Code     0  libinit2.o(.ARM.Collect$$libinit$$0000002E)
    __rt_lib_init_exceptions_1               0x0000048b   Thumb Code     0  libinit2.o(.ARM.Collect$$libinit$$0000002C)
    __rt_lib_init_fp_trap_1                  0x0000048b   Thumb Code     0  libinit2.o(.ARM.Collect$$libinit$$0000001B)
    __rt_lib_init_getenv_1                   0x0000048b   Thumb Code     0  libinit2.o(.ARM.Collect$$libinit$$0000001F)
    __rt_lib_init_heap_1                     0x0000048b   Thumb Code     0  libinit2.o(.ARM.Collect$$libinit$$00000006)
    __rt_lib_init_lc_collate_1               0x0000048b   Thumb Code     0  libinit2.o(.ARM.Collect$$libinit$$0000000D)
    __rt_lib_init_lc_ctype_1                 0x0000048b   Thumb Code     0  libinit2.o(.ARM.Collect$$libinit$$0000000F)
    __rt_lib_init_lc_monetary_1              0x0000048b   Thumb Code     0  libinit2.o(.ARM.Collect$$libinit$$00000011)
    __rt_lib_init_lc_numeric_1               0x0000048b   Thumb Code     0  libinit2.o(.ARM.Collect$$libinit$$00000013)
    __rt_lib_init_lc_time_1                  0x0000048b   Thumb Code     0  libinit2.o(.ARM.Collect$$libinit$$00000015)
    __rt_lib_init_rand_1                     0x0000048b   Thumb Code     0  libinit2.o(.ARM.Collect$$libinit$$0000000A)
    __rt_lib_init_return                     0x0000048b   Thumb Code     0  libinit2.o(.ARM.Collect$$libinit$$0000002F)
    __rt_lib_init_signal_1                   0x0000048b   Thumb Code     0  libinit2.o(.ARM.Collect$$libinit$$00000019)
    __rt_lib_init_stdio_1                    0x0000048b   Thumb Code     0  libinit2.o(.ARM.Collect$$libinit$$00000021)
    __rt_lib_init_user_alloc_1               0x0000048b   Thumb Code     0  libinit2.o(.ARM.Collect$$libinit$$00000008)
    __rt_lib_shutdown                        0x0000048d   Thumb Code     0  libshutdown.o(.ARM.Collect$$libshutdown$$00000000)
    __rt_lib_shutdown_fp_trap_1              0x0000048f   Thumb Code     0  libshutdown2.o(.ARM.Collect$$libshutdown$$00000006)
    __rt_lib_shutdown_heap_1                 0x0000048f   Thumb Code     0  libshutdown2.o(.ARM.Collect$$libshutdown$$0000000E)
    __rt_lib_shutdown_return                 0x0000048f   Thumb Code     0  libshutdown2.o(.ARM.Collect$$libshutdown$$0000000F)
    __rt_lib_shutdown_signal_1               0x0000048f   Thumb Code     0  libshutdown2.o(.ARM.Collect$$libshutdown$$00000009)
    __rt_lib_shutdown_stdio_1                0x0000048f   Thumb Code     0  libshutdown2.o(.ARM.Collect$$libshutdown$$00000003)
    __rt_lib_shutdown_user_alloc_1           0x0000048f   Thumb Code     0  libshutdown2.o(.ARM.Collect$$libshutdown$$0000000B)
    __rt_entry                               0x00000491   Thumb Code     0  rtentry.o(.ARM.Collect$$rtentry$$00000000)
    __rt_entry_presh_1                       0x00000491   Thumb Code     0  rtentry2.o(.ARM.Collect$$rtentry$$00000002)
    __rt_entry_sh                            0x00000491   Thumb Code     0  rtentry4.o(.ARM.Collect$$rtentry$$00000004)
    __rt_entry_li                            0x00000497   Thumb Code     0  rtentry2.o(.ARM.Collect$$rtentry$$0000000A)
    __rt_entry_postsh_1                      0x00000497   Thumb Code     0  rtentry2.o(.ARM.Collect$$rtentry$$00000009)
    __rt_entry_main                          0x0000049b   Thumb Code     0  rtentry2.o(.ARM.Collect$$rtentry$$0000000D)
    __rt_entry_postli_1                      0x0000049b   Thumb Code     0  rtentry2.o(.ARM.Collect$$rtentry$$0000000C)
    __rt_exit                                0x000004a3   Thumb Code     0  rtexit.o(.ARM.Collect$$rtexit$$00000000)
    __rt_exit_ls                             0x000004a5   Thumb Code     0  rtexit2.o(.ARM.Collect$$rtexit$$00000003)
    __rt_exit_prels_1                        0x000004a5   Thumb Code     0  rtexit2.o(.ARM.Collect$$rtexit$$00000002)
    __rt_exit_exit                           0x000004a9   Thumb Code     0  rtexit2.o(.ARM.Collect$$rtexit$$00000004)
    SystemInit                               0x000004b1   Thumb Code    84  system_mk60dz10.o(.text)
    SystemCoreClockUpdate                    0x00000505   Thumb Code   304  system_mk60dz10.o(.text)
    Reset_Handler                            0x00000649   Thumb Code     8  startup_mk60dz10.o(.text)
    NMI_Handler                              0x00000651   Thumb Code     2  startup_mk60dz10.o(.text)
    HardFault_Handler                        0x00000653   Thumb Code     2  startup_mk60dz10.o(.text)
    MemManage_Handler                        0x00000655   Thumb Code     2  startup_mk60dz10.o(.text)
    BusFault_Handler                         0x00000657   Thumb Code     2  startup_mk60dz10.o(.text)
    UsageFault_Handler                       0x00000659   Thumb Code     2  startup_mk60dz10.o(.text)
    SVC_Handler                              0x0000065b   Thumb Code     2  startup_mk60dz10.o(.text)
    DebugMon_Handler                         0x0000065d   Thumb Code     2  startup_mk60dz10.o(.text)
    PendSV_Handler                           0x0000065f   Thumb Code     2  startup_mk60dz10.o(.text)
    SysTick_Handler                          0x00000661   Thumb Code     2  startup_mk60dz10.o(.text)
    ADC0_IRQHandler                          0x00000663   Thumb Code     0  startup_mk60dz10.o(.text)
    ADC1_IRQHandler                          0x00000663   Thumb Code     0  startup_mk60dz10.o(.text)
    CAN0_Bus_Off_IRQHandler                  0x00000663   Thumb Code     0  startup_mk60dz10.o(.text)
    CAN0_Error_IRQHandler                    0x00000663   Thumb Code     0  startup_mk60dz10.o(.text)
    CAN0_ORed_Message_buffer_IRQHandler      0x00000663   Thumb Code     0  startup_mk60dz10.o(.text)
    CAN0_Rx_Warning_IRQHandler               0x00000663   Thumb Code     0  startup_mk60dz10.o(.text)
    CAN0_Tx_Warning_IRQHandler               0x00000663   Thumb Code     0  startup_mk60dz10.o(.text)
    CAN0_Wake_Up_IRQHandler                  0x00000663   Thumb Code     0  startup_mk60dz10.o(.text)
    CAN1_Bus_Off_IRQHandler                  0x00000663   Thumb Code     0  startup_mk60dz10.o(.text)
    CAN1_Error_IRQHandler                    0x00000663   Thumb Code     0  startup_mk60dz10.o(.text)
    CAN1_ORed_Message_buffer_IRQHandler      0x00000663   Thumb Code     0  startup_mk60dz10.o(.text)
    CAN1_Rx_Warning_IRQHandler               0x00000663   Thumb Code     0  startup_mk60dz10.o(.text)
    CAN1_Tx_Warning_IRQHandler               0x00000663   Thumb Code     0  startup_mk60dz10.o(.text)
    CAN1_Wake_Up_IRQHandler                  0x00000663   Thumb Code     0  startup_mk60dz10.o(.text)
    CMP0_IRQHandler                          0x00000663   Thumb Code     0  startup_mk60dz10.o(.text)
    CMP1_IRQHandler                          0x00000663   Thumb Code     0  startup_mk60dz10.o(.text)
    CMP2_IRQHandler                          0x00000663   Thumb Code     0  startup_mk60dz10.o(.text)
    CMT_IRQHandler                           0x00000663   Thumb Code     0  startup_mk60dz10.o(.text)
    DAC0_IRQHandler                          0x00000663   Thumb Code     0  startup_mk60dz10.o(.text)
    DAC1_IRQHandler                          0x00000663   Thumb Code     0  startup_mk60dz10.o(.text)
    DMA0_IRQHandler                          0x00000663   Thumb Code     0  startup_mk60dz10.o(.text)
    DMA10_IRQHandler                         0x00000663   Thumb Code     0  startup_mk60dz10.o(.text)
    DMA11_IRQHandler                         0x00000663   Thumb Code     0  startup_mk60dz10.o(.text)
    DMA12_IRQHandler                         0x00000663   Thumb Code     0  startup_mk60dz10.o(.text)
    DMA13_IRQHandler                         0x00000663   Thumb Code     0  startup_mk60dz10.o(.text)
    DMA14_IRQHandler                         0x00000663   Thumb Code     0  startup_mk60dz10.o(.text)
    DMA15_IRQHandler                         0x00000663   Thumb Code     0  startup_mk60dz10.o(.text)
    DMA1_IRQHandler                          0x00000663   Thumb Code     0  startup_mk60dz10.o(.text)
    DMA2_IRQHandler                          0x00000663   Thumb Code     0  startup_mk60dz10.o(.text)
    DMA3_IRQHandler                          0x00000663   Thumb Code     0  startup_mk60dz10.o(.text)
    DMA4_IRQHandler                          0x00000663   Thumb Code     0  startup_mk60dz10.o(.text)
    DMA5_IRQHandler                          0x00000663   Thumb Code     0  startup_mk60dz10.o(.text)
    DMA6_IRQHandler                          0x00000663   Thumb Code     0  startup_mk60dz10.o(.text)
    DMA7_IRQHandler                          0x00000663   Thumb Code     0  startup_mk60dz10.o(.text)
    DMA8_IRQHandler                          0x00000663   Thumb Code     0  startup_mk60dz10.o(.text)
    DMA9_IRQHandler                          0x00000663   Thumb Code     0  startup_mk60dz10.o(.text)
    DMA_Error_IRQHandler                     0x00000663   Thumb Code     0  startup_mk60dz10.o(.text)
    DefaultISR                               0x00000663   Thumb Code     0  startup_mk60dz10.o(.text)
    ENET_1588_Timer_IRQHandler               0x00000663   Thumb Code     0  startup_mk60dz10.o(.text)
    ENET_Error_IRQHandler                    0x00000663   Thumb Code     0  startup_mk60dz10.o(.text)
    ENET_Receive_IRQHandler                  0x00000663   Thumb Code     0  startup_mk60dz10.o(.text)
    ENET_Transmit_IRQHandler                 0x00000663   Thumb Code     0  startup_mk60dz10.o(.text)
    FTFL_IRQHandler                          0x00000663   Thumb Code     0  startup_mk60dz10.o(.text)
    FTM0_IRQHandler                          0x00000663   Thumb Code     0  startup_mk60dz10.o(.text)
    FTM1_IRQHandler                          0x00000663   Thumb Code     0  startup_mk60dz10.o(.text)
    FTM2_IRQHandler                          0x00000663   Thumb Code     0  startup_mk60dz10.o(.text)
    I2C0_IRQHandler                          0x00000663   Thumb Code     0  startup_mk60dz10.o(.text)
    I2C1_IRQHandler                          0x00000663   Thumb Code     0  startup_mk60dz10.o(.text)
    I2S0_IRQHandler                          0x00000663   Thumb Code     0  startup_mk60dz10.o(.text)
    LLW_IRQHandler                           0x00000663   Thumb Code     0  startup_mk60dz10.o(.text)
    LPTimer_IRQHandler                       0x00000663   Thumb Code     0  startup_mk60dz10.o(.text)
    LVD_LVW_IRQHandler                       0x00000663   Thumb Code     0  startup_mk60dz10.o(.text)
    MCG_IRQHandler                           0x00000663   Thumb Code     0  startup_mk60dz10.o(.text)
    MCM_IRQHandler                           0x00000663   Thumb Code     0  startup_mk60dz10.o(.text)
    PDB0_IRQHandler                          0x00000663   Thumb Code     0  startup_mk60dz10.o(.text)
    PIT0_IRQHandler                          0x00000663   Thumb Code     0  startup_mk60dz10.o(.text)
    PIT1_IRQHandler                          0x00000663   Thumb Code     0  startup_mk60dz10.o(.text)
    PORTA_IRQHandler                         0x00000663   Thumb Code     0  startup_mk60dz10.o(.text)
    PORTB_IRQHandler                         0x00000663   Thumb Code     0  startup_mk60dz10.o(.text)
    PORTC_IRQHandler                         0x00000663   Thumb Code     0  startup_mk60dz10.o(.text)
    PORTD_IRQHandler                         0x00000663   Thumb Code     0  startup_mk60dz10.o(.text)
    PORTE_IRQHandler                         0x00000663   Thumb Code     0  startup_mk60dz10.o(.text)
    RNG_IRQHandler                           0x00000663   Thumb Code     0  startup_mk60dz10.o(.text)
    RTC_IRQHandler                           0x00000663   Thumb Code     0  startup_mk60dz10.o(.text)
    Read_Collision_IRQHandler                0x00000663   Thumb Code     0  startup_mk60dz10.o(.text)
    Reserved102_IRQHandler                   0x00000663   Thumb Code     0  startup_mk60dz10.o(.text)
    Reserved108_IRQHandler                   0x00000663   Thumb Code     0  startup_mk60dz10.o(.text)
    Reserved109_IRQHandler                   0x00000663   Thumb Code     0  startup_mk60dz10.o(.text)
    Reserved110_IRQHandler                   0x00000663   Thumb Code     0  startup_mk60dz10.o(.text)
    Reserved111_IRQHandler                   0x00000663   Thumb Code     0  startup_mk60dz10.o(.text)
    Reserved112_IRQHandler                   0x00000663   Thumb Code     0  startup_mk60dz10.o(.text)
    Reserved113_IRQHandler                   0x00000663   Thumb Code     0  startup_mk60dz10.o(.text)
    Reserved114_IRQHandler                   0x00000663   Thumb Code     0  startup_mk60dz10.o(.text)
    Reserved115_IRQHandler                   0x00000663   Thumb Code     0  startup_mk60dz10.o(.text)
    Reserved116_IRQHandler                   0x00000663   Thumb Code     0  startup_mk60dz10.o(.text)
    Reserved117_IRQHandler                   0x00000663   Thumb Code     0  startup_mk60dz10.o(.text)
    Reserved118_IRQHandler                   0x00000663   Thumb Code     0  startup_mk60dz10.o(.text)
    Reserved119_IRQHandler                   0x00000663   Thumb Code     0  startup_mk60dz10.o(.text)
    Reserved51_IRQHandler                    0x00000663   Thumb Code     0  startup_mk60dz10.o(.text)
    Reserved52_IRQHandler                    0x00000663   Thumb Code     0  startup_mk60dz10.o(.text)
    Reserved59_IRQHandler                    0x00000663   Thumb Code     0  startup_mk60dz10.o(.text)
    Reserved60_IRQHandler                    0x00000663   Thumb Code     0  startup_mk60dz10.o(.text)
    Reserved83_IRQHandler                    0x00000663   Thumb Code     0  startup_mk60dz10.o(.text)
    SDHC_IRQHandler                          0x00000663   Thumb Code     0  startup_mk60dz10.o(.text)
    SPI0_IRQHandler                          0x00000663   Thumb Code     0  startup_mk60dz10.o(.text)
    SPI1_IRQHandler                          0x00000663   Thumb Code     0  startup_mk60dz10.o(.text)
    SPI2_IRQHandler                          0x00000663   Thumb Code     0  startup_mk60dz10.o(.text)
    TSI0_IRQHandler                          0x00000663   Thumb Code     0  startup_mk60dz10.o(.text)
    UART0_ERR_IRQHandler                     0x00000663   Thumb Code     0  startup_mk60dz10.o(.text)
    UART0_RX_TX_IRQHandler                   0x00000663   Thumb Code     0  startup_mk60dz10.o(.text)
    UART1_ERR_IRQHandler                     0x00000663   Thumb Code     0  startup_mk60dz10.o(.text)
    UART1_RX_TX_IRQHandler                   0x00000663   Thumb Code     0  startup_mk60dz10.o(.text)
    UART2_ERR_IRQHandler                     0x00000663   Thumb Code     0  startup_mk60dz10.o(.text)
    UART2_RX_TX_IRQHandler                   0x00000663   Thumb Code     0  startup_mk60dz10.o(.text)
    UART3_ERR_IRQHandler                     0x00000663   Thumb Code     0  startup_mk60dz10.o(.text)
    UART3_RX_TX_IRQHandler                   0x00000663   Thumb Code     0  startup_mk60dz10.o(.text)
    UART4_ERR_IRQHandler                     0x00000663   Thumb Code     0  startup_mk60dz10.o(.text)
    UART5_ERR_IRQHandler                     0x00000663   Thumb Code     0  startup_mk60dz10.o(.text)
    UART5_RX_TX_IRQHandler                   0x00000663   Thumb Code     0  startup_mk60dz10.o(.text)
    USB0_IRQHandler                          0x00000663   Thumb Code     0  startup_mk60dz10.o(.text)
    USBDCD_IRQHandler                        0x00000663   Thumb Code     0  startup_mk60dz10.o(.text)
    Watchdog_IRQHandler                      0x00000663   Thumb Code     0  startup_mk60dz10.o(.text)
    __user_initial_stackheap                 0x00000665   Thumb Code     0  startup_mk60dz10.o(.text)
    main                                     0x00000685   Thumb Code    82  main.o(.text)
    assert_failed                            0x000006d7   Thumb Code    18  main.o(.text)
    UART4_RX_TX_IRQHandler                   0x0000070d   Thumb Code    30  isr.o(.text)
    PIT2_IRQHandler                          0x0000072b   Thumb Code    34  isr.o(.text)
    PIT3_IRQHandler                          0x0000074d   Thumb Code    22  isr.o(.text)
    steering_init                            0x00000779   Thumb Code    28  steering.o(.text)
    set_steering_angle                       0x00000795   Thumb Code    14  steering.o(.text)
    GetCPUInfo                               0x000007a9   Thumb Code   736  sys.o(.text)
    SystemClockSetup                         0x00000a89   Thumb Code   700  sys.o(.text)
    NVIC_Init                                0x00000d45   Thumb Code   250  sys.o(.text)
    SystemSoftReset                          0x00000e3f   Thumb Code    34  sys.o(.text)
    EnableInterrupts                         0x00000e61   Thumb Code     4  sys.o(.text)
    DisableInterrupts                        0x00000e65   Thumb Code     4  sys.o(.text)
    SetVectorTable                           0x00000e69   Thumb Code    32  sys.o(.text)
    GetFWVersion                             0x00000e89   Thumb Code     4  sys.o(.text)
    DelayInit                                0x00000ec5   Thumb Code    54  delay.o(.text)
    DelayUs                                  0x00000efb   Thumb Code    66  delay.o(.text)
    DelayMs                                  0x00000f3d   Thumb Code    78  delay.o(.text)
    FTM_PWM_ChangeDuty                       0x000013d1   Thumb Code   270  ftm.o(.text)
    FTM_Init                                 0x000014df   Thumb Code   600  ftm.o(.text)
    FTM_ITConfig                             0x00001737   Thumb Code   310  ftm.o(.text)
    FTM_GetITStatus                          0x0000186d   Thumb Code   166  ftm.o(.text)
    FTM_ClearITPendingBit                    0x00001913   Thumb Code   144  ftm.o(.text)
    PIT_Init                                 0x000019b1   Thumb Code   154  pit.o(.text)
    PIT_GetLoadValue                         0x00001a4b   Thumb Code    38  pit.o(.text)
    PIT_GetCurrentValue                      0x00001a71   Thumb Code    38  pit.o(.text)
    PIT_SetLoadValue                         0x00001a97   Thumb Code    40  pit.o(.text)
    PIT_Start                                0x00001abf   Thumb Code    50  pit.o(.text)
    PIT_Stop                                 0x00001af1   Thumb Code    50  pit.o(.text)
    PIT_ITConfig                             0x00001b23   Thumb Code   220  pit.o(.text)
    PIT_GetITStatus                          0x00001bff   Thumb Code    70  pit.o(.text)
    PIT_ClearITPendingBit                    0x00001c45   Thumb Code    64  pit.o(.text)
    UART_Init                                0x00001cdd   Thumb Code   592  uart.o(.text)
    UART_DebugPortInit                       0x00001f2d   Thumb Code    94  uart.o(.text)
    UART_ITConfig                            0x00001f8b   Thumb Code   306  uart.o(.text)
    UART_GetITStatus                         0x000020bd   Thumb Code   276  uart.o(.text)
    UART_SendData                            0x000021d1   Thumb Code    14  uart.o(.text)
    UART_SendDataInt                         0x000021df   Thumb Code    98  uart.o(.text)
    UART_DMACmd                              0x00002241   Thumb Code   162  uart.o(.text)
    UART_SendDataIntProcess                  0x000022e3   Thumb Code    82  uart.o(.text)
    UART_ReceiveData                         0x00002335   Thumb Code    22  uart.o(.text)
    UART_printf                              0x00002395   Thumb Code   106  uart.o(.text)
    DisplayCPUInfo                           0x000023ff   Thumb Code   336  uart.o(.text)
    __aeabi_memcpy                           0x000027bd   Thumb Code     0  rt_memcpy_v6.o(.text)
    __rt_memcpy                              0x000027bd   Thumb Code   138  rt_memcpy_v6.o(.text)
    _memcpy_lastbytes                        0x00002823   Thumb Code     0  rt_memcpy_v6.o(.text)
    __use_two_region_memory                  0x00002847   Thumb Code     2  heapauxi.o(.text)
    __rt_heap_escrow$2region                 0x00002849   Thumb Code     2  heapauxi.o(.text)
    __rt_heap_expand$2region                 0x0000284b   Thumb Code     2  heapauxi.o(.text)
    __aeabi_memcpy4                          0x0000284d   Thumb Code     0  rt_memcpy_w.o(.text)
    __aeabi_memcpy8                          0x0000284d   Thumb Code     0  rt_memcpy_w.o(.text)
    __rt_memcpy_w                            0x0000284d   Thumb Code   100  rt_memcpy_w.o(.text)
    _memcpy_lastbytes_aligned                0x00002895   Thumb Code     0  rt_memcpy_w.o(.text)
    __user_setup_stackheap                   0x000028b1   Thumb Code    74  sys_stackheap_outer.o(.text)
    exit                                     0x000028fb   Thumb Code    12  exit.o(.text)
    __user_libspace                          0x00002909   Thumb Code     8  libspace.o(.text)
    __user_perproc_libspace                  0x00002909   Thumb Code     0  libspace.o(.text)
    __user_perthread_libspace                0x00002909   Thumb Code     0  libspace.o(.text)
    __rt_fp_status_addr                      0x00002911   Thumb Code     8  rt_fp_status_addr_intlibspace.o(.text)
    _sys_exit                                0x00002919   Thumb Code     8  sys_exit.o(.text)
    __I$use$semihosting                      0x00002925   Thumb Code     0  use_no_semi.o(.text)
    __use_no_semihosting_swi                 0x00002925   Thumb Code     2  use_no_semi.o(.text)
    __semihosting_library_function           0x00002927   Thumb Code     0  indicate_semi.o(.text)
    _fp_init                                 0x00002927   Thumb Code    14  fpinit.o(x$fpl$fpinit)
    __fplib_config_pureend_doubles           0x00002933   Thumb Code     0  fpinit.o(x$fpl$fpinit)
    Region$$Table$$Base                      0x00002948   Number         0  anon$$obj.o(Region$$Table)
    Region$$Table$$Limit                     0x00002968   Number         0  anon$$obj.o(Region$$Table)
    SystemCoreClock                          0x1fff8000   Data           4  system_mk60dz10.o(.data)
    UART_DebugPort                           0x1fff800c   Data           4  uart.o(.data)
    CPUInfo                                  0x1fff8014   Data          36  sys.o(.bss)
    UART_TxIntStruct1                        0x1fff8038   Data         134  uart.o(.bss)
    __libspace_start                         0x1fff80c0   Data          96  libspace.o(.bss)
    __temporary_stack_top$libspace           0x1fff8120   Data           0  libspace.o(.bss)



==============================================================================

Memory Map of the image

  Image Entry point : 0x00000411

  Load Region LR_IROM1 (Base: 0x00000000, Size: 0x0000297c, Max: 0x00050000, ABSOLUTE)

    Execution Region ER_IROM1 (Base: 0x00000000, Size: 0x00002968, Max: 0x00050000, ABSOLUTE)

    Base Addr    Size         Type   Attr      Idx    E Section Name        Object

    0x00000000   0x00000400   Data   RO           51    RESET               startup_mk60dz10.o
    0x00000400   0x00000010   Code   RO           52    .ARM.__at_0x400     startup_mk60dz10.o
    0x00000410   0x00000008   Code   RO          592  * !!!main             c_w.l(__main.o)
    0x00000418   0x00000034   Code   RO          751    !!!scatter          c_w.l(__scatter.o)
    0x0000044c   0x0000001a   Code   RO          753    !!handler_copy      c_w.l(__scatter_copy.o)
    0x00000466   0x00000002   PAD
    0x00000468   0x0000001c   Code   RO          755    !!handler_zi        c_w.l(__scatter_zi.o)
    0x00000484   0x00000006   Code   RO          621    .ARM.Collect$$libinit$$00000000  c_w.l(libinit.o)
    0x0000048a   0x00000000   Code   RO          629    .ARM.Collect$$libinit$$00000006  c_w.l(libinit2.o)
    0x0000048a   0x00000000   Code   RO          631    .ARM.Collect$$libinit$$00000008  c_w.l(libinit2.o)
    0x0000048a   0x00000000   Code   RO          633    .ARM.Collect$$libinit$$0000000A  c_w.l(libinit2.o)
    0x0000048a   0x00000000   Code   RO          636    .ARM.Collect$$libinit$$0000000D  c_w.l(libinit2.o)
    0x0000048a   0x00000000   Code   RO          638    .ARM.Collect$$libinit$$0000000F  c_w.l(libinit2.o)
    0x0000048a   0x00000000   Code   RO          640    .ARM.Collect$$libinit$$00000011  c_w.l(libinit2.o)
    0x0000048a   0x00000000   Code   RO          642    .ARM.Collect$$libinit$$00000013  c_w.l(libinit2.o)
    0x0000048a   0x00000000   Code   RO          644    .ARM.Collect$$libinit$$00000015  c_w.l(libinit2.o)
    0x0000048a   0x00000000   Code   RO          646    .ARM.Collect$$libinit$$00000017  c_w.l(libinit2.o)
    0x0000048a   0x00000000   Code   RO          648    .ARM.Collect$$libinit$$00000019  c_w.l(libinit2.o)
    0x0000048a   0x00000000   Code   RO          650    .ARM.Collect$$libinit$$0000001B  c_w.l(libinit2.o)
    0x0000048a   0x00000000   Code   RO          652    .ARM.Collect$$libinit$$0000001D  c_w.l(libinit2.o)
    0x0000048a   0x00000000   Code   RO          654    .ARM.Collect$$libinit$$0000001F  c_w.l(libinit2.o)
    0x0000048a   0x00000000   Code   RO          656    .ARM.Collect$$libinit$$00000021  c_w.l(libinit2.o)
    0x0000048a   0x00000000   Code   RO          660    .ARM.Collect$$libinit$$00000028  c_w.l(libinit2.o)
    0x0000048a   0x00000000   Code   RO          662    .ARM.Collect$$libinit$$0000002A  c_w.l(libinit2.o)
    0x0000048a   0x00000000   Code   RO          664    .ARM.Collect$$libinit$$0000002C  c_w.l(libinit2.o)
    0x0000048a   0x00000000   Code   RO          666    .ARM.Collect$$libinit$$0000002E  c_w.l(libinit2.o)
    0x0000048a   0x00000002   Code   RO          667    .ARM.Collect$$libinit$$0000002F  c_w.l(libinit2.o)
    0x0000048c   0x00000002   Code   RO          692    .ARM.Collect$$libshutdown$$00000000  c_w.l(libshutdown.o)
    0x0000048e   0x00000000   Code   RO          706    .ARM.Collect$$libshutdown$$00000003  c_w.l(libshutdown2.o)
    0x0000048e   0x00000000   Code   RO          709    .ARM.Collect$$libshutdown$$00000006  c_w.l(libshutdown2.o)
    0x0000048e   0x00000000   Code   RO          712    .ARM.Collect$$libshutdown$$00000009  c_w.l(libshutdown2.o)
    0x0000048e   0x00000000   Code   RO          714    .ARM.Collect$$libshutdown$$0000000B  c_w.l(libshutdown2.o)
    0x0000048e   0x00000000   Code   RO          717    .ARM.Collect$$libshutdown$$0000000E  c_w.l(libshutdown2.o)
    0x0000048e   0x00000002   Code   RO          718    .ARM.Collect$$libshutdown$$0000000F  c_w.l(libshutdown2.o)
    0x00000490   0x00000000   Code   RO          594    .ARM.Collect$$rtentry$$00000000  c_w.l(rtentry.o)
    0x00000490   0x00000000   Code   RO          598    .ARM.Collect$$rtentry$$00000002  c_w.l(rtentry2.o)
    0x00000490   0x00000006   Code   RO          610    .ARM.Collect$$rtentry$$00000004  c_w.l(rtentry4.o)
    0x00000496   0x00000000   Code   RO          600    .ARM.Collect$$rtentry$$00000009  c_w.l(rtentry2.o)
    0x00000496   0x00000004   Code   RO          601    .ARM.Collect$$rtentry$$0000000A  c_w.l(rtentry2.o)
    0x0000049a   0x00000000   Code   RO          603    .ARM.Collect$$rtentry$$0000000C  c_w.l(rtentry2.o)
    0x0000049a   0x00000008   Code   RO          604    .ARM.Collect$$rtentry$$0000000D  c_w.l(rtentry2.o)
    0x000004a2   0x00000002   Code   RO          625    .ARM.Collect$$rtexit$$00000000  c_w.l(rtexit.o)
    0x000004a4   0x00000000   Code   RO          671    .ARM.Collect$$rtexit$$00000002  c_w.l(rtexit2.o)
    0x000004a4   0x00000004   Code   RO          672    .ARM.Collect$$rtexit$$00000003  c_w.l(rtexit2.o)
    0x000004a8   0x00000006   Code   RO          673    .ARM.Collect$$rtexit$$00000004  c_w.l(rtexit2.o)
    0x000004ae   0x00000002   PAD
    0x000004b0   0x00000198   Code   RO            3    .text               system_mk60dz10.o
    0x00000648   0x0000003c   Code   RO           53    .text               startup_mk60dz10.o
    0x00000684   0x00000088   Code   RO           61    .text               main.o
    0x0000070c   0x0000006c   Code   RO          125    .text               isr.o
    0x00000778   0x00000030   Code   RO          193    .text               steering.o
    0x000007a8   0x0000071c   Code   RO          237    .text               sys.o
    0x00000ec4   0x000000d8   Code   RO          267    .text               delay.o
    0x00000f9c   0x00000a14   Code   RO          289    .text               ftm.o
    0x000019b0   0x0000032c   Code   RO          333    .text               pit.o
    0x00001cdc   0x00000ae0   Code   RO          443    .text               uart.o
    0x000027bc   0x0000008a   Code   RO          588    .text               c_w.l(rt_memcpy_v6.o)
    0x00002846   0x00000006   Code   RO          590    .text               c_w.l(heapauxi.o)
    0x0000284c   0x00000064   Code   RO          595    .text               c_w.l(rt_memcpy_w.o)
    0x000028b0   0x0000004a   Code   RO          612    .text               c_w.l(sys_stackheap_outer.o)
    0x000028fa   0x0000000c   Code   RO          614    .text               c_w.l(exit.o)
    0x00002906   0x00000002   PAD
    0x00002908   0x00000008   Code   RO          622    .text               c_w.l(libspace.o)
    0x00002910   0x00000008   Code   RO          680    .text               c_w.l(rt_fp_status_addr_intlibspace.o)
    0x00002918   0x0000000c   Code   RO          684    .text               c_w.l(sys_exit.o)
    0x00002924   0x00000002   Code   RO          695    .text               c_w.l(use_no_semi.o)
    0x00002926   0x00000000   Code   RO          697    .text               c_w.l(indicate_semi.o)
    0x00002926   0x0000000e   Code   RO          668    x$fpl$fpinit        fz_ws.l(fpinit.o)
    0x00002934   0x00000011   Data   RO          445    .conststring        uart.o
    0x00002945   0x00000003   PAD
    0x00002948   0x00000020   Data   RO          749    Region$$Table       anon$$obj.o


    Execution Region RW_IRAM1 (Base: 0x1fff8000, Size: 0x00000520, Max: 0x00008000, ABSOLUTE)

    Base Addr    Size         Type   Attr      Idx    E Section Name        Object

    0x1fff8000   0x00000004   Data   RW            4    .data               system_mk60dz10.o
    0x1fff8004   0x00000008   Data   RW          268    .data               delay.o
    0x1fff800c   0x00000008   Data   RW          446    .data               uart.o
    0x1fff8014   0x00000024   Zero   RW          238    .bss                sys.o
    0x1fff8038   0x00000086   Zero   RW          444    .bss                uart.o
    0x1fff80be   0x00000002   PAD
    0x1fff80c0   0x00000060   Zero   RW          623    .bss                c_w.l(libspace.o)
    0x1fff8120   0x00000000   Zero   RW           50    HEAP                startup_mk60dz10.o
    0x1fff8120   0x00000400   Zero   RW           49    STACK               startup_mk60dz10.o


==============================================================================

Image component sizes


      Code (inc. data)   RO Data    RW Data    ZI Data      Debug   Object Name

       216         18          0          8          0        972   delay.o
      2580        240          0          0          0       3305   ftm.o
         0          0          0          0          0      22083   gpio.o
       108         22          0          0          0        681   isr.o
       136         36          0          0          0       6403   main.o
       812         46          0          0          0      25034   pit.o
        76         38       1024          0       1024        868   startup_mk60dz10.o
        48          6          0          0          0        583   steering.o
      1820        158          0          0         36      27604   sys.o
       408         28          0          4          0     238829   system_mk60dz10.o
      2784        740         17          8        134       7332   uart.o

    ----------------------------------------------------------------------
      8988       1332       1076         20       1196     333694   Object Totals
         0          0         32          0          0          0   (incl. Generated)
         0          0          3          0          2          0   (incl. Padding)

    ----------------------------------------------------------------------

      Code (inc. data)   RO Data    RW Data    ZI Data      Debug   Library Member Name

         8          0          0          0          0         68   __main.o
        52          8          0          0          0          0   __scatter.o
        26          0          0          0          0          0   __scatter_copy.o
        28          0          0          0          0          0   __scatter_zi.o
        12          0          0          0          0         72   exit.o
         6          0          0          0          0        152   heapauxi.o
         0          0          0          0          0          0   indicate_semi.o
         6          0          0          0          0          0   libinit.o
         2          0          0          0          0          0   libinit2.o
         2          0          0          0          0          0   libshutdown.o
         2          0          0          0          0          0   libshutdown2.o
         8          4          0          0         96         68   libspace.o
         8          4          0          0          0         68   rt_fp_status_addr_intlibspace.o
       138          0          0          0          0         68   rt_memcpy_v6.o
       100          0          0          0          0         80   rt_memcpy_w.o
         0          0          0          0          0          0   rtentry.o
        12          0          0          0          0          0   rtentry2.o
         6          0          0          0          0          0   rtentry4.o
         2          0          0          0          0          0   rtexit.o
        10          0          0          0          0          0   rtexit2.o
        12          4          0          0          0         68   sys_exit.o
        74          0          0          0          0         80   sys_stackheap_outer.o
         2          0          0          0          0         68   use_no_semi.o
        14          0          0          0          0         76   fpinit.o

    ----------------------------------------------------------------------
       536         20          0          0         96        868   Library Totals
         6          0          0          0          0          0   (incl. Padding)

    ----------------------------------------------------------------------

      Code (inc. data)   RO Data    RW Data    ZI Data      Debug   Library Name

       516         20          0          0         96        792   c_w.l
        14          0          0          0          0         76   fz_ws.l

    ----------------------------------------------------------------------
       536         20          0          0         96        868   Library Totals

    ----------------------------------------------------------------------

==============================================================================


      Code (inc. data)   RO Data    RW Data    ZI Data      Debug   

      9524       1352       1076         20       1292     333522   Grand Totals
      9524       1352       1076         20       1292     333522   ELF Image Totals
      9524       1352       1076         20          0          0   ROM Totals

==============================================================================

    Total RO  Size (Code + RO Data)                10600 (  10.35kB)
    Total RW  Size (RW Data + ZI Data)              1312 (   1.28kB)
    Total ROM Size (Code + RO Data + RW Data)      10620 (  10.37kB)

==============================================================================

