<!doctype html public "-//w3c//dtd html 4.0 transitional//en">
<html><head>
<title>Static Call Graph - [..\OBJ\template.axf]</title></head>
<body><HR>
<H1>Static Call Graph for image ..\OBJ\template.axf</H1><HR>
<BR><P>#&#060CALLGRAPH&#062# ARM Linker, 4.1 [Build 894]: Last Updated: Mon Jul 21 22:31:09 2014
<BR><P>
<H3>Maximum Stack Usage =       1052 bytes + Unknown(Functions without stacksize, Cycles, Untraceable Function Pointers)</H3><H3>
Call chain for Maximum Stack Depth:</H3>
PIT2_IRQHandler &rArr; Adapted_Black_Thread &rArr; __aeabi_memclr4
<P>
<H3>
Functions with no stack information
</H3><UL>
 <LI><a href="#[115]">__user_initial_stackheap</a>
</UL>
</UL>
<P>
<H3>
Mutually Recursive functions
</H3> <LI><a href="#[3]">NMI_Handler</a>&nbsp;&nbsp;&nbsp;&rArr;&nbsp;&nbsp;&nbsp;<a href="#[3]">NMI_Handler</a><BR>
 <LI><a href="#[4]">HardFault_Handler</a>&nbsp;&nbsp;&nbsp;&rArr;&nbsp;&nbsp;&nbsp;<a href="#[4]">HardFault_Handler</a><BR>
 <LI><a href="#[5]">MemManage_Handler</a>&nbsp;&nbsp;&nbsp;&rArr;&nbsp;&nbsp;&nbsp;<a href="#[5]">MemManage_Handler</a><BR>
 <LI><a href="#[6]">BusFault_Handler</a>&nbsp;&nbsp;&nbsp;&rArr;&nbsp;&nbsp;&nbsp;<a href="#[6]">BusFault_Handler</a><BR>
 <LI><a href="#[7]">UsageFault_Handler</a>&nbsp;&nbsp;&nbsp;&rArr;&nbsp;&nbsp;&nbsp;<a href="#[7]">UsageFault_Handler</a><BR>
 <LI><a href="#[8]">SVC_Handler</a>&nbsp;&nbsp;&nbsp;&rArr;&nbsp;&nbsp;&nbsp;<a href="#[8]">SVC_Handler</a><BR>
 <LI><a href="#[9]">DebugMon_Handler</a>&nbsp;&nbsp;&nbsp;&rArr;&nbsp;&nbsp;&nbsp;<a href="#[9]">DebugMon_Handler</a><BR>
 <LI><a href="#[a]">PendSV_Handler</a>&nbsp;&nbsp;&nbsp;&rArr;&nbsp;&nbsp;&nbsp;<a href="#[a]">PendSV_Handler</a><BR>
 <LI><a href="#[b]">SysTick_Handler</a>&nbsp;&nbsp;&nbsp;&rArr;&nbsp;&nbsp;&nbsp;<a href="#[b]">SysTick_Handler</a><BR>
 <LI><a href="#[45]">ADC0_IRQHandler</a>&nbsp;&nbsp;&nbsp;&rArr;&nbsp;&nbsp;&nbsp;<a href="#[45]">ADC0_IRQHandler</a><BR>
 <LI><a href="#[10a]">printn</a>&nbsp;&nbsp;&nbsp;&rArr;&nbsp;&nbsp;&nbsp;<a href="#[10a]">printn</a><BR>
</UL>
<P>
<H3>
Function Pointers
</H3><UL>
 <LI><a href="#[45]">ADC0_IRQHandler</a> from startup_mk60dz10.o(.text) referenced from startup_mk60dz10.o(RESET)
 <LI><a href="#[46]">ADC1_IRQHandler</a> from startup_mk60dz10.o(.text) referenced from startup_mk60dz10.o(RESET)
 <LI><a href="#[6]">BusFault_Handler</a> from startup_mk60dz10.o(.text) referenced from startup_mk60dz10.o(RESET)
 <LI><a href="#[2a]">CAN0_Bus_Off_IRQHandler</a> from startup_mk60dz10.o(.text) referenced from startup_mk60dz10.o(RESET)
 <LI><a href="#[2b]">CAN0_Error_IRQHandler</a> from startup_mk60dz10.o(.text) referenced from startup_mk60dz10.o(RESET)
 <LI><a href="#[29]">CAN0_ORed_Message_buffer_IRQHandler</a> from startup_mk60dz10.o(.text) referenced from startup_mk60dz10.o(RESET)
 <LI><a href="#[2d]">CAN0_Rx_Warning_IRQHandler</a> from startup_mk60dz10.o(.text) referenced from startup_mk60dz10.o(RESET)
 <LI><a href="#[2c]">CAN0_Tx_Warning_IRQHandler</a> from startup_mk60dz10.o(.text) referenced from startup_mk60dz10.o(RESET)
 <LI><a href="#[2e]">CAN0_Wake_Up_IRQHandler</a> from startup_mk60dz10.o(.text) referenced from startup_mk60dz10.o(RESET)
 <LI><a href="#[32]">CAN1_Bus_Off_IRQHandler</a> from startup_mk60dz10.o(.text) referenced from startup_mk60dz10.o(RESET)
 <LI><a href="#[33]">CAN1_Error_IRQHandler</a> from startup_mk60dz10.o(.text) referenced from startup_mk60dz10.o(RESET)
 <LI><a href="#[31]">CAN1_ORed_Message_buffer_IRQHandler</a> from startup_mk60dz10.o(.text) referenced from startup_mk60dz10.o(RESET)
 <LI><a href="#[35]">CAN1_Rx_Warning_IRQHandler</a> from startup_mk60dz10.o(.text) referenced from startup_mk60dz10.o(RESET)
 <LI><a href="#[34]">CAN1_Tx_Warning_IRQHandler</a> from startup_mk60dz10.o(.text) referenced from startup_mk60dz10.o(RESET)
 <LI><a href="#[36]">CAN1_Wake_Up_IRQHandler</a> from startup_mk60dz10.o(.text) referenced from startup_mk60dz10.o(RESET)
 <LI><a href="#[47]">CMP0_IRQHandler</a> from startup_mk60dz10.o(.text) referenced from startup_mk60dz10.o(RESET)
 <LI><a href="#[48]">CMP1_IRQHandler</a> from startup_mk60dz10.o(.text) referenced from startup_mk60dz10.o(RESET)
 <LI><a href="#[49]">CMP2_IRQHandler</a> from startup_mk60dz10.o(.text) referenced from startup_mk60dz10.o(RESET)
 <LI><a href="#[4d]">CMT_IRQHandler</a> from startup_mk60dz10.o(.text) referenced from startup_mk60dz10.o(RESET)
 <LI><a href="#[5d]">DAC0_IRQHandler</a> from startup_mk60dz10.o(.text) referenced from startup_mk60dz10.o(RESET)
 <LI><a href="#[5e]">DAC1_IRQHandler</a> from startup_mk60dz10.o(.text) referenced from startup_mk60dz10.o(RESET)
 <LI><a href="#[c]">DMA0_IRQHandler</a> from startup_mk60dz10.o(.text) referenced from startup_mk60dz10.o(RESET)
 <LI><a href="#[16]">DMA10_IRQHandler</a> from startup_mk60dz10.o(.text) referenced from startup_mk60dz10.o(RESET)
 <LI><a href="#[17]">DMA11_IRQHandler</a> from startup_mk60dz10.o(.text) referenced from startup_mk60dz10.o(RESET)
 <LI><a href="#[18]">DMA12_IRQHandler</a> from startup_mk60dz10.o(.text) referenced from startup_mk60dz10.o(RESET)
 <LI><a href="#[19]">DMA13_IRQHandler</a> from startup_mk60dz10.o(.text) referenced from startup_mk60dz10.o(RESET)
 <LI><a href="#[1a]">DMA14_IRQHandler</a> from startup_mk60dz10.o(.text) referenced from startup_mk60dz10.o(RESET)
 <LI><a href="#[1b]">DMA15_IRQHandler</a> from startup_mk60dz10.o(.text) referenced from startup_mk60dz10.o(RESET)
 <LI><a href="#[d]">DMA1_IRQHandler</a> from startup_mk60dz10.o(.text) referenced from startup_mk60dz10.o(RESET)
 <LI><a href="#[e]">DMA2_IRQHandler</a> from startup_mk60dz10.o(.text) referenced from startup_mk60dz10.o(RESET)
 <LI><a href="#[f]">DMA3_IRQHandler</a> from startup_mk60dz10.o(.text) referenced from startup_mk60dz10.o(RESET)
 <LI><a href="#[10]">DMA4_IRQHandler</a> from startup_mk60dz10.o(.text) referenced from startup_mk60dz10.o(RESET)
 <LI><a href="#[11]">DMA5_IRQHandler</a> from startup_mk60dz10.o(.text) referenced from startup_mk60dz10.o(RESET)
 <LI><a href="#[12]">DMA6_IRQHandler</a> from startup_mk60dz10.o(.text) referenced from startup_mk60dz10.o(RESET)
 <LI><a href="#[13]">DMA7_IRQHandler</a> from startup_mk60dz10.o(.text) referenced from startup_mk60dz10.o(RESET)
 <LI><a href="#[14]">DMA8_IRQHandler</a> from startup_mk60dz10.o(.text) referenced from startup_mk60dz10.o(RESET)
 <LI><a href="#[15]">DMA9_IRQHandler</a> from startup_mk60dz10.o(.text) referenced from startup_mk60dz10.o(RESET)
 <LI><a href="#[1c]">DMA_Error_IRQHandler</a> from startup_mk60dz10.o(.text) referenced from startup_mk60dz10.o(RESET)
 <LI><a href="#[9]">DebugMon_Handler</a> from startup_mk60dz10.o(.text) referenced from startup_mk60dz10.o(RESET)
 <LI><a href="#[74]">DefaultISR</a> from startup_mk60dz10.o(.text) referenced 136 times from startup_mk60dz10.o(RESET)
 <LI><a href="#[57]">ENET_1588_Timer_IRQHandler</a> from startup_mk60dz10.o(.text) referenced from startup_mk60dz10.o(RESET)
 <LI><a href="#[5a]">ENET_Error_IRQHandler</a> from startup_mk60dz10.o(.text) referenced from startup_mk60dz10.o(RESET)
 <LI><a href="#[59]">ENET_Receive_IRQHandler</a> from startup_mk60dz10.o(.text) referenced from startup_mk60dz10.o(RESET)
 <LI><a href="#[58]">ENET_Transmit_IRQHandler</a> from startup_mk60dz10.o(.text) referenced from startup_mk60dz10.o(RESET)
 <LI><a href="#[1e]">FTFL_IRQHandler</a> from startup_mk60dz10.o(.text) referenced from startup_mk60dz10.o(RESET)
 <LI><a href="#[4a]">FTM0_IRQHandler</a> from startup_mk60dz10.o(.text) referenced from startup_mk60dz10.o(RESET)
 <LI><a href="#[4b]">FTM1_IRQHandler</a> from startup_mk60dz10.o(.text) referenced from startup_mk60dz10.o(RESET)
 <LI><a href="#[4c]">FTM2_IRQHandler</a> from startup_mk60dz10.o(.text) referenced from startup_mk60dz10.o(RESET)
 <LI><a href="#[4]">HardFault_Handler</a> from startup_mk60dz10.o(.text) referenced from startup_mk60dz10.o(RESET)
 <LI><a href="#[24]">I2C0_IRQHandler</a> from startup_mk60dz10.o(.text) referenced from startup_mk60dz10.o(RESET)
 <LI><a href="#[25]">I2C1_IRQHandler</a> from startup_mk60dz10.o(.text) referenced from startup_mk60dz10.o(RESET)
 <LI><a href="#[5b]">I2S0_IRQHandler</a> from startup_mk60dz10.o(.text) referenced from startup_mk60dz10.o(RESET)
 <LI><a href="#[21]">LLW_IRQHandler</a> from startup_mk60dz10.o(.text) referenced from startup_mk60dz10.o(RESET)
 <LI><a href="#[61]">LPTimer_IRQHandler</a> from startup_mk60dz10.o(.text) referenced from startup_mk60dz10.o(RESET)
 <LI><a href="#[20]">LVD_LVW_IRQHandler</a> from startup_mk60dz10.o(.text) referenced from startup_mk60dz10.o(RESET)
 <LI><a href="#[60]">MCG_IRQHandler</a> from startup_mk60dz10.o(.text) referenced from startup_mk60dz10.o(RESET)
 <LI><a href="#[1d]">MCM_IRQHandler</a> from startup_mk60dz10.o(.text) referenced from startup_mk60dz10.o(RESET)
 <LI><a href="#[5]">MemManage_Handler</a> from startup_mk60dz10.o(.text) referenced from startup_mk60dz10.o(RESET)
 <LI><a href="#[3]">NMI_Handler</a> from startup_mk60dz10.o(.text) referenced from startup_mk60dz10.o(RESET)
 <LI><a href="#[54]">PDB0_IRQHandler</a> from startup_mk60dz10.o(.text) referenced from startup_mk60dz10.o(RESET)
 <LI><a href="#[50]">PIT0_IRQHandler</a> from startup_mk60dz10.o(.text) referenced from startup_mk60dz10.o(RESET)
 <LI><a href="#[51]">PIT1_IRQHandler</a> from startup_mk60dz10.o(.text) referenced from startup_mk60dz10.o(RESET)
 <LI><a href="#[52]">PIT2_IRQHandler</a> from isr.o(.text) referenced from startup_mk60dz10.o(RESET)
 <LI><a href="#[53]">PIT3_IRQHandler</a> from isr.o(.text) referenced from startup_mk60dz10.o(RESET)
 <LI><a href="#[63]">PORTA_IRQHandler</a> from startup_mk60dz10.o(.text) referenced from startup_mk60dz10.o(RESET)
 <LI><a href="#[64]">PORTB_IRQHandler</a> from startup_mk60dz10.o(.text) referenced from startup_mk60dz10.o(RESET)
 <LI><a href="#[65]">PORTC_IRQHandler</a> from startup_mk60dz10.o(.text) referenced from startup_mk60dz10.o(RESET)
 <LI><a href="#[66]">PORTD_IRQHandler</a> from startup_mk60dz10.o(.text) referenced from startup_mk60dz10.o(RESET)
 <LI><a href="#[67]">PORTE_IRQHandler</a> from startup_mk60dz10.o(.text) referenced from startup_mk60dz10.o(RESET)
 <LI><a href="#[a]">PendSV_Handler</a> from startup_mk60dz10.o(.text) referenced from startup_mk60dz10.o(RESET)
 <LI><a href="#[23]">RNG_IRQHandler</a> from startup_mk60dz10.o(.text) referenced from startup_mk60dz10.o(RESET)
 <LI><a href="#[4e]">RTC_IRQHandler</a> from startup_mk60dz10.o(.text) referenced from startup_mk60dz10.o(RESET)
 <LI><a href="#[1f]">Read_Collision_IRQHandler</a> from startup_mk60dz10.o(.text) referenced from startup_mk60dz10.o(RESET)
 <LI><a href="#[62]">Reserved102_IRQHandler</a> from startup_mk60dz10.o(.text) referenced from startup_mk60dz10.o(RESET)
 <LI><a href="#[68]">Reserved108_IRQHandler</a> from startup_mk60dz10.o(.text) referenced from startup_mk60dz10.o(RESET)
 <LI><a href="#[69]">Reserved109_IRQHandler</a> from startup_mk60dz10.o(.text) referenced from startup_mk60dz10.o(RESET)
 <LI><a href="#[6a]">Reserved110_IRQHandler</a> from startup_mk60dz10.o(.text) referenced from startup_mk60dz10.o(RESET)
 <LI><a href="#[6b]">Reserved111_IRQHandler</a> from startup_mk60dz10.o(.text) referenced from startup_mk60dz10.o(RESET)
 <LI><a href="#[6c]">Reserved112_IRQHandler</a> from startup_mk60dz10.o(.text) referenced from startup_mk60dz10.o(RESET)
 <LI><a href="#[6d]">Reserved113_IRQHandler</a> from startup_mk60dz10.o(.text) referenced from startup_mk60dz10.o(RESET)
 <LI><a href="#[6e]">Reserved114_IRQHandler</a> from startup_mk60dz10.o(.text) referenced from startup_mk60dz10.o(RESET)
 <LI><a href="#[6f]">Reserved115_IRQHandler</a> from startup_mk60dz10.o(.text) referenced from startup_mk60dz10.o(RESET)
 <LI><a href="#[70]">Reserved116_IRQHandler</a> from startup_mk60dz10.o(.text) referenced from startup_mk60dz10.o(RESET)
 <LI><a href="#[71]">Reserved117_IRQHandler</a> from startup_mk60dz10.o(.text) referenced from startup_mk60dz10.o(RESET)
 <LI><a href="#[72]">Reserved118_IRQHandler</a> from startup_mk60dz10.o(.text) referenced from startup_mk60dz10.o(RESET)
 <LI><a href="#[73]">Reserved119_IRQHandler</a> from startup_mk60dz10.o(.text) referenced from startup_mk60dz10.o(RESET)
 <LI><a href="#[2f]">Reserved51_IRQHandler</a> from startup_mk60dz10.o(.text) referenced from startup_mk60dz10.o(RESET)
 <LI><a href="#[30]">Reserved52_IRQHandler</a> from startup_mk60dz10.o(.text) referenced from startup_mk60dz10.o(RESET)
 <LI><a href="#[37]">Reserved59_IRQHandler</a> from startup_mk60dz10.o(.text) referenced from startup_mk60dz10.o(RESET)
 <LI><a href="#[38]">Reserved60_IRQHandler</a> from startup_mk60dz10.o(.text) referenced from startup_mk60dz10.o(RESET)
 <LI><a href="#[4f]">Reserved83_IRQHandler</a> from startup_mk60dz10.o(.text) referenced from startup_mk60dz10.o(RESET)
 <LI><a href="#[2]">Reset_Handler</a> from startup_mk60dz10.o(.text) referenced from startup_mk60dz10.o(RESET)
 <LI><a href="#[5c]">SDHC_IRQHandler</a> from startup_mk60dz10.o(.text) referenced from startup_mk60dz10.o(RESET)
 <LI><a href="#[26]">SPI0_IRQHandler</a> from startup_mk60dz10.o(.text) referenced from startup_mk60dz10.o(RESET)
 <LI><a href="#[27]">SPI1_IRQHandler</a> from startup_mk60dz10.o(.text) referenced from startup_mk60dz10.o(RESET)
 <LI><a href="#[28]">SPI2_IRQHandler</a> from startup_mk60dz10.o(.text) referenced from startup_mk60dz10.o(RESET)
 <LI><a href="#[8]">SVC_Handler</a> from startup_mk60dz10.o(.text) referenced from startup_mk60dz10.o(RESET)
 <LI><a href="#[b]">SysTick_Handler</a> from startup_mk60dz10.o(.text) referenced from startup_mk60dz10.o(RESET)
 <LI><a href="#[75]">SystemInit</a> from system_mk60dz10.o(.text) referenced from startup_mk60dz10.o(.text)
 <LI><a href="#[5f]">TSI0_IRQHandler</a> from startup_mk60dz10.o(.text) referenced from startup_mk60dz10.o(RESET)
 <LI><a href="#[3a]">UART0_ERR_IRQHandler</a> from startup_mk60dz10.o(.text) referenced from startup_mk60dz10.o(RESET)
 <LI><a href="#[39]">UART0_RX_TX_IRQHandler</a> from startup_mk60dz10.o(.text) referenced from startup_mk60dz10.o(RESET)
 <LI><a href="#[3c]">UART1_ERR_IRQHandler</a> from startup_mk60dz10.o(.text) referenced from startup_mk60dz10.o(RESET)
 <LI><a href="#[3b]">UART1_RX_TX_IRQHandler</a> from startup_mk60dz10.o(.text) referenced from startup_mk60dz10.o(RESET)
 <LI><a href="#[3e]">UART2_ERR_IRQHandler</a> from startup_mk60dz10.o(.text) referenced from startup_mk60dz10.o(RESET)
 <LI><a href="#[3d]">UART2_RX_TX_IRQHandler</a> from isr.o(.text) referenced from startup_mk60dz10.o(RESET)
 <LI><a href="#[40]">UART3_ERR_IRQHandler</a> from startup_mk60dz10.o(.text) referenced from startup_mk60dz10.o(RESET)
 <LI><a href="#[3f]">UART3_RX_TX_IRQHandler</a> from startup_mk60dz10.o(.text) referenced from startup_mk60dz10.o(RESET)
 <LI><a href="#[42]">UART4_ERR_IRQHandler</a> from startup_mk60dz10.o(.text) referenced from startup_mk60dz10.o(RESET)
 <LI><a href="#[41]">UART4_RX_TX_IRQHandler</a> from startup_mk60dz10.o(.text) referenced from startup_mk60dz10.o(RESET)
 <LI><a href="#[44]">UART5_ERR_IRQHandler</a> from startup_mk60dz10.o(.text) referenced from startup_mk60dz10.o(RESET)
 <LI><a href="#[43]">UART5_RX_TX_IRQHandler</a> from startup_mk60dz10.o(.text) referenced from startup_mk60dz10.o(RESET)
 <LI><a href="#[55]">USB0_IRQHandler</a> from startup_mk60dz10.o(.text) referenced from startup_mk60dz10.o(RESET)
 <LI><a href="#[56]">USBDCD_IRQHandler</a> from startup_mk60dz10.o(.text) referenced from startup_mk60dz10.o(RESET)
 <LI><a href="#[7]">UsageFault_Handler</a> from startup_mk60dz10.o(.text) referenced from startup_mk60dz10.o(RESET)
 <LI><a href="#[22]">Watchdog_IRQHandler</a> from startup_mk60dz10.o(.text) referenced from startup_mk60dz10.o(RESET)
 <LI><a href="#[77]">__main</a> from __main.o(!!!main) referenced from startup_mk60dz10.o(.text)
</UL>
<P>
<H3>
Global Symbols
</H3>
<P><STRONG><a name="[77]"></a>__main</STRONG> (Thumb, 8 bytes, Stack size 0 bytes, __main.o(!!!main))
<BR><BR>[Calls]<UL><LI><a href="#[78]">&gt;&gt;</a>&nbsp;&nbsp;&nbsp;__scatterload
<LI><a href="#[79]">&gt;&gt;</a>&nbsp;&nbsp;&nbsp;__rt_entry
</UL>

<P><STRONG><a name="[78]"></a>__scatterload</STRONG> (Thumb, 0 bytes, Stack size unknown bytes, __scatter.o(!!!scatter))
<BR><BR>[Called By]<UL><LI><a href="#[77]">&gt;&gt;</a>&nbsp;&nbsp;&nbsp;__main
</UL>

<P><STRONG><a name="[7a]"></a>__scatterload_rt2</STRONG> (Thumb, 44 bytes, Stack size unknown bytes, __scatter.o(!!!scatter), UNUSED)
<BR><BR>[Calls]<UL><LI><a href="#[79]">&gt;&gt;</a>&nbsp;&nbsp;&nbsp;__rt_entry
</UL>

<P><STRONG><a name="[118]"></a>__scatterload_rt2_thumb_only</STRONG> (Thumb, 0 bytes, Stack size unknown bytes, __scatter.o(!!!scatter), UNUSED)

<P><STRONG><a name="[119]"></a>__scatterload_null</STRONG> (Thumb, 0 bytes, Stack size unknown bytes, __scatter.o(!!!scatter), UNUSED)

<P><STRONG><a name="[11a]"></a>__decompress</STRONG> (Thumb, 90 bytes, Stack size unknown bytes, __dczerorl2.o(!!dczerorl2), UNUSED)

<P><STRONG><a name="[11b]"></a>__decompress1</STRONG> (Thumb, 0 bytes, Stack size unknown bytes, __dczerorl2.o(!!dczerorl2), UNUSED)

<P><STRONG><a name="[11c]"></a>__scatterload_zeroinit</STRONG> (Thumb, 28 bytes, Stack size unknown bytes, __scatter_zi.o(!!handler_zi), UNUSED)

<P><STRONG><a name="[7b]"></a>__rt_lib_init</STRONG> (Thumb, 0 bytes, Stack size unknown bytes, libinit.o(.ARM.Collect$$libinit$$00000000))
<BR><BR>[Stack]<UL><LI>Max Depth = 8 + Unknown Stack Size
<LI>Call Chain = __rt_lib_init &rArr; _fp_init
</UL>
<BR>[Calls]<UL><LI><a href="#[7c]">&gt;&gt;</a>&nbsp;&nbsp;&nbsp;_fp_init
</UL>
<BR>[Called By]<UL><LI><a href="#[7f]">&gt;&gt;</a>&nbsp;&nbsp;&nbsp;__rt_entry_li
</UL>

<P><STRONG><a name="[11d]"></a>__rt_lib_init_alloca_1</STRONG> (Thumb, 0 bytes, Stack size unknown bytes, libinit2.o(.ARM.Collect$$libinit$$0000002A))

<P><STRONG><a name="[11e]"></a>__rt_lib_init_argv_1</STRONG> (Thumb, 0 bytes, Stack size unknown bytes, libinit2.o(.ARM.Collect$$libinit$$00000028))

<P><STRONG><a name="[11f]"></a>__rt_lib_init_atexit_1</STRONG> (Thumb, 0 bytes, Stack size unknown bytes, libinit2.o(.ARM.Collect$$libinit$$00000017))

<P><STRONG><a name="[120]"></a>__rt_lib_init_clock_1</STRONG> (Thumb, 0 bytes, Stack size unknown bytes, libinit2.o(.ARM.Collect$$libinit$$0000001D))

<P><STRONG><a name="[121]"></a>__rt_lib_init_cpp_1</STRONG> (Thumb, 0 bytes, Stack size unknown bytes, libinit2.o(.ARM.Collect$$libinit$$0000002E))

<P><STRONG><a name="[122]"></a>__rt_lib_init_exceptions_1</STRONG> (Thumb, 0 bytes, Stack size unknown bytes, libinit2.o(.ARM.Collect$$libinit$$0000002C))

<P><STRONG><a name="[123]"></a>__rt_lib_init_fp_trap_1</STRONG> (Thumb, 0 bytes, Stack size unknown bytes, libinit2.o(.ARM.Collect$$libinit$$0000001B))

<P><STRONG><a name="[124]"></a>__rt_lib_init_getenv_1</STRONG> (Thumb, 0 bytes, Stack size unknown bytes, libinit2.o(.ARM.Collect$$libinit$$0000001F))

<P><STRONG><a name="[125]"></a>__rt_lib_init_heap_1</STRONG> (Thumb, 0 bytes, Stack size unknown bytes, libinit2.o(.ARM.Collect$$libinit$$00000006))

<P><STRONG><a name="[126]"></a>__rt_lib_init_lc_collate_1</STRONG> (Thumb, 0 bytes, Stack size unknown bytes, libinit2.o(.ARM.Collect$$libinit$$0000000D))

<P><STRONG><a name="[127]"></a>__rt_lib_init_lc_ctype_1</STRONG> (Thumb, 0 bytes, Stack size unknown bytes, libinit2.o(.ARM.Collect$$libinit$$0000000F))

<P><STRONG><a name="[128]"></a>__rt_lib_init_lc_monetary_1</STRONG> (Thumb, 0 bytes, Stack size unknown bytes, libinit2.o(.ARM.Collect$$libinit$$00000011))

<P><STRONG><a name="[129]"></a>__rt_lib_init_lc_numeric_1</STRONG> (Thumb, 0 bytes, Stack size unknown bytes, libinit2.o(.ARM.Collect$$libinit$$00000013))

<P><STRONG><a name="[12a]"></a>__rt_lib_init_lc_time_1</STRONG> (Thumb, 0 bytes, Stack size unknown bytes, libinit2.o(.ARM.Collect$$libinit$$00000015))

<P><STRONG><a name="[12b]"></a>__rt_lib_init_rand_1</STRONG> (Thumb, 0 bytes, Stack size unknown bytes, libinit2.o(.ARM.Collect$$libinit$$0000000A))

<P><STRONG><a name="[12c]"></a>__rt_lib_init_return</STRONG> (Thumb, 0 bytes, Stack size unknown bytes, libinit2.o(.ARM.Collect$$libinit$$0000002F))

<P><STRONG><a name="[12d]"></a>__rt_lib_init_signal_1</STRONG> (Thumb, 0 bytes, Stack size unknown bytes, libinit2.o(.ARM.Collect$$libinit$$00000019))

<P><STRONG><a name="[12e]"></a>__rt_lib_init_stdio_1</STRONG> (Thumb, 0 bytes, Stack size unknown bytes, libinit2.o(.ARM.Collect$$libinit$$00000021))

<P><STRONG><a name="[12f]"></a>__rt_lib_init_user_alloc_1</STRONG> (Thumb, 0 bytes, Stack size unknown bytes, libinit2.o(.ARM.Collect$$libinit$$00000008))

<P><STRONG><a name="[84]"></a>__rt_lib_shutdown</STRONG> (Thumb, 0 bytes, Stack size unknown bytes, libshutdown.o(.ARM.Collect$$libshutdown$$00000000))
<BR><BR>[Called By]<UL><LI><a href="#[83]">&gt;&gt;</a>&nbsp;&nbsp;&nbsp;__rt_exit_ls
</UL>

<P><STRONG><a name="[130]"></a>__rt_lib_shutdown_fp_trap_1</STRONG> (Thumb, 0 bytes, Stack size unknown bytes, libshutdown2.o(.ARM.Collect$$libshutdown$$00000006))

<P><STRONG><a name="[131]"></a>__rt_lib_shutdown_heap_1</STRONG> (Thumb, 0 bytes, Stack size unknown bytes, libshutdown2.o(.ARM.Collect$$libshutdown$$0000000E))

<P><STRONG><a name="[132]"></a>__rt_lib_shutdown_return</STRONG> (Thumb, 0 bytes, Stack size unknown bytes, libshutdown2.o(.ARM.Collect$$libshutdown$$0000000F))

<P><STRONG><a name="[133]"></a>__rt_lib_shutdown_signal_1</STRONG> (Thumb, 0 bytes, Stack size unknown bytes, libshutdown2.o(.ARM.Collect$$libshutdown$$00000009))

<P><STRONG><a name="[134]"></a>__rt_lib_shutdown_stdio_1</STRONG> (Thumb, 0 bytes, Stack size unknown bytes, libshutdown2.o(.ARM.Collect$$libshutdown$$00000003))

<P><STRONG><a name="[135]"></a>__rt_lib_shutdown_user_alloc_1</STRONG> (Thumb, 0 bytes, Stack size unknown bytes, libshutdown2.o(.ARM.Collect$$libshutdown$$0000000B))

<P><STRONG><a name="[79]"></a>__rt_entry</STRONG> (Thumb, 0 bytes, Stack size unknown bytes, rtentry.o(.ARM.Collect$$rtentry$$00000000))
<BR><BR>[Called By]<UL><LI><a href="#[7a]">&gt;&gt;</a>&nbsp;&nbsp;&nbsp;__scatterload_rt2
<LI><a href="#[77]">&gt;&gt;</a>&nbsp;&nbsp;&nbsp;__main
</UL>

<P><STRONG><a name="[136]"></a>__rt_entry_presh_1</STRONG> (Thumb, 0 bytes, Stack size unknown bytes, rtentry2.o(.ARM.Collect$$rtentry$$00000002))

<P><STRONG><a name="[7d]"></a>__rt_entry_sh</STRONG> (Thumb, 0 bytes, Stack size unknown bytes, rtentry4.o(.ARM.Collect$$rtentry$$00000004))
<BR><BR>[Stack]<UL><LI>Max Depth = 8 + Unknown Stack Size
<LI>Call Chain = __rt_entry_sh &rArr; __user_setup_stackheap
</UL>
<BR>[Calls]<UL><LI><a href="#[7e]">&gt;&gt;</a>&nbsp;&nbsp;&nbsp;__user_setup_stackheap
</UL>

<P><STRONG><a name="[7f]"></a>__rt_entry_li</STRONG> (Thumb, 0 bytes, Stack size unknown bytes, rtentry2.o(.ARM.Collect$$rtentry$$0000000A))
<BR><BR>[Stack]<UL><LI>Max Depth = 8 + Unknown Stack Size
<LI>Call Chain = __rt_entry_li &rArr; __rt_lib_init &rArr; _fp_init
</UL>
<BR>[Calls]<UL><LI><a href="#[7b]">&gt;&gt;</a>&nbsp;&nbsp;&nbsp;__rt_lib_init
</UL>

<P><STRONG><a name="[137]"></a>__rt_entry_postsh_1</STRONG> (Thumb, 0 bytes, Stack size unknown bytes, rtentry2.o(.ARM.Collect$$rtentry$$00000009))

<P><STRONG><a name="[80]"></a>__rt_entry_main</STRONG> (Thumb, 0 bytes, Stack size unknown bytes, rtentry2.o(.ARM.Collect$$rtentry$$0000000D))
<BR><BR>[Stack]<UL><LI>Max Depth = 188 + Unknown Stack Size
<LI>Call Chain = __rt_entry_main &rArr; main &rArr; switch_init &rArr; GPIO_Init &rArr; assert_failed &rArr; UART_printf &rArr; printn &rArr;  printn (Cycle)
</UL>
<BR>[Calls]<UL><LI><a href="#[81]">&gt;&gt;</a>&nbsp;&nbsp;&nbsp;main
<LI><a href="#[82]">&gt;&gt;</a>&nbsp;&nbsp;&nbsp;exit
</UL>

<P><STRONG><a name="[138]"></a>__rt_entry_postli_1</STRONG> (Thumb, 0 bytes, Stack size unknown bytes, rtentry2.o(.ARM.Collect$$rtentry$$0000000C))

<P><STRONG><a name="[116]"></a>__rt_exit</STRONG> (Thumb, 0 bytes, Stack size unknown bytes, rtexit.o(.ARM.Collect$$rtexit$$00000000))
<BR><BR>[Called By]<UL><LI><a href="#[82]">&gt;&gt;</a>&nbsp;&nbsp;&nbsp;exit
</UL>

<P><STRONG><a name="[83]"></a>__rt_exit_ls</STRONG> (Thumb, 0 bytes, Stack size unknown bytes, rtexit2.o(.ARM.Collect$$rtexit$$00000003))
<BR><BR>[Calls]<UL><LI><a href="#[84]">&gt;&gt;</a>&nbsp;&nbsp;&nbsp;__rt_lib_shutdown
</UL>

<P><STRONG><a name="[139]"></a>__rt_exit_prels_1</STRONG> (Thumb, 0 bytes, Stack size unknown bytes, rtexit2.o(.ARM.Collect$$rtexit$$00000002))

<P><STRONG><a name="[85]"></a>__rt_exit_exit</STRONG> (Thumb, 0 bytes, Stack size unknown bytes, rtexit2.o(.ARM.Collect$$rtexit$$00000004))
<BR><BR>[Calls]<UL><LI><a href="#[86]">&gt;&gt;</a>&nbsp;&nbsp;&nbsp;_sys_exit
</UL>

<P><STRONG><a name="[75]"></a>SystemInit</STRONG> (Thumb, 84 bytes, Stack size 0 bytes, system_mk60dz10.o(.text))
<BR>[Address Reference Count : 1]<UL><LI> startup_mk60dz10.o(.text)
</UL>
<P><STRONG><a name="[13a]"></a>SystemCoreClockUpdate</STRONG> (Thumb, 304 bytes, Stack size 0 bytes, system_mk60dz10.o(.text), UNUSED)

<P><STRONG><a name="[2]"></a>Reset_Handler</STRONG> (Thumb, 8 bytes, Stack size 0 bytes, startup_mk60dz10.o(.text))
<BR>[Address Reference Count : 1]<UL><LI> startup_mk60dz10.o(RESET)
</UL>
<P><STRONG><a name="[3]"></a>NMI_Handler</STRONG> (Thumb, 2 bytes, Stack size 0 bytes, startup_mk60dz10.o(.text))
<BR><BR>[Calls]<UL><LI><a href="#[3]">&gt;&gt;</a>&nbsp;&nbsp;&nbsp;NMI_Handler
</UL>
<BR>[Called By]<UL><LI><a href="#[3]">&gt;&gt;</a>&nbsp;&nbsp;&nbsp;NMI_Handler
</UL>
<BR>[Address Reference Count : 1]<UL><LI> startup_mk60dz10.o(RESET)
</UL>
<P><STRONG><a name="[4]"></a>HardFault_Handler</STRONG> (Thumb, 2 bytes, Stack size 0 bytes, startup_mk60dz10.o(.text))
<BR><BR>[Calls]<UL><LI><a href="#[4]">&gt;&gt;</a>&nbsp;&nbsp;&nbsp;HardFault_Handler
</UL>
<BR>[Called By]<UL><LI><a href="#[4]">&gt;&gt;</a>&nbsp;&nbsp;&nbsp;HardFault_Handler
</UL>
<BR>[Address Reference Count : 1]<UL><LI> startup_mk60dz10.o(RESET)
</UL>
<P><STRONG><a name="[5]"></a>MemManage_Handler</STRONG> (Thumb, 2 bytes, Stack size 0 bytes, startup_mk60dz10.o(.text))
<BR><BR>[Calls]<UL><LI><a href="#[5]">&gt;&gt;</a>&nbsp;&nbsp;&nbsp;MemManage_Handler
</UL>
<BR>[Called By]<UL><LI><a href="#[5]">&gt;&gt;</a>&nbsp;&nbsp;&nbsp;MemManage_Handler
</UL>
<BR>[Address Reference Count : 1]<UL><LI> startup_mk60dz10.o(RESET)
</UL>
<P><STRONG><a name="[6]"></a>BusFault_Handler</STRONG> (Thumb, 2 bytes, Stack size 0 bytes, startup_mk60dz10.o(.text))
<BR><BR>[Calls]<UL><LI><a href="#[6]">&gt;&gt;</a>&nbsp;&nbsp;&nbsp;BusFault_Handler
</UL>
<BR>[Called By]<UL><LI><a href="#[6]">&gt;&gt;</a>&nbsp;&nbsp;&nbsp;BusFault_Handler
</UL>
<BR>[Address Reference Count : 1]<UL><LI> startup_mk60dz10.o(RESET)
</UL>
<P><STRONG><a name="[7]"></a>UsageFault_Handler</STRONG> (Thumb, 2 bytes, Stack size 0 bytes, startup_mk60dz10.o(.text))
<BR><BR>[Calls]<UL><LI><a href="#[7]">&gt;&gt;</a>&nbsp;&nbsp;&nbsp;UsageFault_Handler
</UL>
<BR>[Called By]<UL><LI><a href="#[7]">&gt;&gt;</a>&nbsp;&nbsp;&nbsp;UsageFault_Handler
</UL>
<BR>[Address Reference Count : 1]<UL><LI> startup_mk60dz10.o(RESET)
</UL>
<P><STRONG><a name="[8]"></a>SVC_Handler</STRONG> (Thumb, 2 bytes, Stack size 0 bytes, startup_mk60dz10.o(.text))
<BR><BR>[Calls]<UL><LI><a href="#[8]">&gt;&gt;</a>&nbsp;&nbsp;&nbsp;SVC_Handler
</UL>
<BR>[Called By]<UL><LI><a href="#[8]">&gt;&gt;</a>&nbsp;&nbsp;&nbsp;SVC_Handler
</UL>
<BR>[Address Reference Count : 1]<UL><LI> startup_mk60dz10.o(RESET)
</UL>
<P><STRONG><a name="[9]"></a>DebugMon_Handler</STRONG> (Thumb, 2 bytes, Stack size 0 bytes, startup_mk60dz10.o(.text))
<BR><BR>[Calls]<UL><LI><a href="#[9]">&gt;&gt;</a>&nbsp;&nbsp;&nbsp;DebugMon_Handler
</UL>
<BR>[Called By]<UL><LI><a href="#[9]">&gt;&gt;</a>&nbsp;&nbsp;&nbsp;DebugMon_Handler
</UL>
<BR>[Address Reference Count : 1]<UL><LI> startup_mk60dz10.o(RESET)
</UL>
<P><STRONG><a name="[a]"></a>PendSV_Handler</STRONG> (Thumb, 2 bytes, Stack size 0 bytes, startup_mk60dz10.o(.text))
<BR><BR>[Calls]<UL><LI><a href="#[a]">&gt;&gt;</a>&nbsp;&nbsp;&nbsp;PendSV_Handler
</UL>
<BR>[Called By]<UL><LI><a href="#[a]">&gt;&gt;</a>&nbsp;&nbsp;&nbsp;PendSV_Handler
</UL>
<BR>[Address Reference Count : 1]<UL><LI> startup_mk60dz10.o(RESET)
</UL>
<P><STRONG><a name="[b]"></a>SysTick_Handler</STRONG> (Thumb, 2 bytes, Stack size 0 bytes, startup_mk60dz10.o(.text))
<BR><BR>[Calls]<UL><LI><a href="#[b]">&gt;&gt;</a>&nbsp;&nbsp;&nbsp;SysTick_Handler
</UL>
<BR>[Called By]<UL><LI><a href="#[b]">&gt;&gt;</a>&nbsp;&nbsp;&nbsp;SysTick_Handler
</UL>
<BR>[Address Reference Count : 1]<UL><LI> startup_mk60dz10.o(RESET)
</UL>
<P><STRONG><a name="[45]"></a>ADC0_IRQHandler</STRONG> (Thumb, 0 bytes, Stack size 0 bytes, startup_mk60dz10.o(.text))
<BR><BR>[Calls]<UL><LI><a href="#[45]">&gt;&gt;</a>&nbsp;&nbsp;&nbsp;ADC0_IRQHandler
</UL>
<BR>[Called By]<UL><LI><a href="#[45]">&gt;&gt;</a>&nbsp;&nbsp;&nbsp;ADC0_IRQHandler
</UL>
<BR>[Address Reference Count : 1]<UL><LI> startup_mk60dz10.o(RESET)
</UL>
<P><STRONG><a name="[46]"></a>ADC1_IRQHandler</STRONG> (Thumb, 0 bytes, Stack size 0 bytes, startup_mk60dz10.o(.text))
<BR>[Address Reference Count : 1]<UL><LI> startup_mk60dz10.o(RESET)
</UL>
<P><STRONG><a name="[2a]"></a>CAN0_Bus_Off_IRQHandler</STRONG> (Thumb, 0 bytes, Stack size 0 bytes, startup_mk60dz10.o(.text))
<BR>[Address Reference Count : 1]<UL><LI> startup_mk60dz10.o(RESET)
</UL>
<P><STRONG><a name="[2b]"></a>CAN0_Error_IRQHandler</STRONG> (Thumb, 0 bytes, Stack size 0 bytes, startup_mk60dz10.o(.text))
<BR>[Address Reference Count : 1]<UL><LI> startup_mk60dz10.o(RESET)
</UL>
<P><STRONG><a name="[29]"></a>CAN0_ORed_Message_buffer_IRQHandler</STRONG> (Thumb, 0 bytes, Stack size 0 bytes, startup_mk60dz10.o(.text))
<BR>[Address Reference Count : 1]<UL><LI> startup_mk60dz10.o(RESET)
</UL>
<P><STRONG><a name="[2d]"></a>CAN0_Rx_Warning_IRQHandler</STRONG> (Thumb, 0 bytes, Stack size 0 bytes, startup_mk60dz10.o(.text))
<BR>[Address Reference Count : 1]<UL><LI> startup_mk60dz10.o(RESET)
</UL>
<P><STRONG><a name="[2c]"></a>CAN0_Tx_Warning_IRQHandler</STRONG> (Thumb, 0 bytes, Stack size 0 bytes, startup_mk60dz10.o(.text))
<BR>[Address Reference Count : 1]<UL><LI> startup_mk60dz10.o(RESET)
</UL>
<P><STRONG><a name="[2e]"></a>CAN0_Wake_Up_IRQHandler</STRONG> (Thumb, 0 bytes, Stack size 0 bytes, startup_mk60dz10.o(.text))
<BR>[Address Reference Count : 1]<UL><LI> startup_mk60dz10.o(RESET)
</UL>
<P><STRONG><a name="[32]"></a>CAN1_Bus_Off_IRQHandler</STRONG> (Thumb, 0 bytes, Stack size 0 bytes, startup_mk60dz10.o(.text))
<BR>[Address Reference Count : 1]<UL><LI> startup_mk60dz10.o(RESET)
</UL>
<P><STRONG><a name="[33]"></a>CAN1_Error_IRQHandler</STRONG> (Thumb, 0 bytes, Stack size 0 bytes, startup_mk60dz10.o(.text))
<BR>[Address Reference Count : 1]<UL><LI> startup_mk60dz10.o(RESET)
</UL>
<P><STRONG><a name="[31]"></a>CAN1_ORed_Message_buffer_IRQHandler</STRONG> (Thumb, 0 bytes, Stack size 0 bytes, startup_mk60dz10.o(.text))
<BR>[Address Reference Count : 1]<UL><LI> startup_mk60dz10.o(RESET)
</UL>
<P><STRONG><a name="[35]"></a>CAN1_Rx_Warning_IRQHandler</STRONG> (Thumb, 0 bytes, Stack size 0 bytes, startup_mk60dz10.o(.text))
<BR>[Address Reference Count : 1]<UL><LI> startup_mk60dz10.o(RESET)
</UL>
<P><STRONG><a name="[34]"></a>CAN1_Tx_Warning_IRQHandler</STRONG> (Thumb, 0 bytes, Stack size 0 bytes, startup_mk60dz10.o(.text))
<BR>[Address Reference Count : 1]<UL><LI> startup_mk60dz10.o(RESET)
</UL>
<P><STRONG><a name="[36]"></a>CAN1_Wake_Up_IRQHandler</STRONG> (Thumb, 0 bytes, Stack size 0 bytes, startup_mk60dz10.o(.text))
<BR>[Address Reference Count : 1]<UL><LI> startup_mk60dz10.o(RESET)
</UL>
<P><STRONG><a name="[47]"></a>CMP0_IRQHandler</STRONG> (Thumb, 0 bytes, Stack size 0 bytes, startup_mk60dz10.o(.text))
<BR>[Address Reference Count : 1]<UL><LI> startup_mk60dz10.o(RESET)
</UL>
<P><STRONG><a name="[48]"></a>CMP1_IRQHandler</STRONG> (Thumb, 0 bytes, Stack size 0 bytes, startup_mk60dz10.o(.text))
<BR>[Address Reference Count : 1]<UL><LI> startup_mk60dz10.o(RESET)
</UL>
<P><STRONG><a name="[49]"></a>CMP2_IRQHandler</STRONG> (Thumb, 0 bytes, Stack size 0 bytes, startup_mk60dz10.o(.text))
<BR>[Address Reference Count : 1]<UL><LI> startup_mk60dz10.o(RESET)
</UL>
<P><STRONG><a name="[4d]"></a>CMT_IRQHandler</STRONG> (Thumb, 0 bytes, Stack size 0 bytes, startup_mk60dz10.o(.text))
<BR>[Address Reference Count : 1]<UL><LI> startup_mk60dz10.o(RESET)
</UL>
<P><STRONG><a name="[5d]"></a>DAC0_IRQHandler</STRONG> (Thumb, 0 bytes, Stack size 0 bytes, startup_mk60dz10.o(.text))
<BR>[Address Reference Count : 1]<UL><LI> startup_mk60dz10.o(RESET)
</UL>
<P><STRONG><a name="[5e]"></a>DAC1_IRQHandler</STRONG> (Thumb, 0 bytes, Stack size 0 bytes, startup_mk60dz10.o(.text))
<BR>[Address Reference Count : 1]<UL><LI> startup_mk60dz10.o(RESET)
</UL>
<P><STRONG><a name="[c]"></a>DMA0_IRQHandler</STRONG> (Thumb, 0 bytes, Stack size 0 bytes, startup_mk60dz10.o(.text))
<BR>[Address Reference Count : 1]<UL><LI> startup_mk60dz10.o(RESET)
</UL>
<P><STRONG><a name="[16]"></a>DMA10_IRQHandler</STRONG> (Thumb, 0 bytes, Stack size 0 bytes, startup_mk60dz10.o(.text))
<BR>[Address Reference Count : 1]<UL><LI> startup_mk60dz10.o(RESET)
</UL>
<P><STRONG><a name="[17]"></a>DMA11_IRQHandler</STRONG> (Thumb, 0 bytes, Stack size 0 bytes, startup_mk60dz10.o(.text))
<BR>[Address Reference Count : 1]<UL><LI> startup_mk60dz10.o(RESET)
</UL>
<P><STRONG><a name="[18]"></a>DMA12_IRQHandler</STRONG> (Thumb, 0 bytes, Stack size 0 bytes, startup_mk60dz10.o(.text))
<BR>[Address Reference Count : 1]<UL><LI> startup_mk60dz10.o(RESET)
</UL>
<P><STRONG><a name="[19]"></a>DMA13_IRQHandler</STRONG> (Thumb, 0 bytes, Stack size 0 bytes, startup_mk60dz10.o(.text))
<BR>[Address Reference Count : 1]<UL><LI> startup_mk60dz10.o(RESET)
</UL>
<P><STRONG><a name="[1a]"></a>DMA14_IRQHandler</STRONG> (Thumb, 0 bytes, Stack size 0 bytes, startup_mk60dz10.o(.text))
<BR>[Address Reference Count : 1]<UL><LI> startup_mk60dz10.o(RESET)
</UL>
<P><STRONG><a name="[1b]"></a>DMA15_IRQHandler</STRONG> (Thumb, 0 bytes, Stack size 0 bytes, startup_mk60dz10.o(.text))
<BR>[Address Reference Count : 1]<UL><LI> startup_mk60dz10.o(RESET)
</UL>
<P><STRONG><a name="[d]"></a>DMA1_IRQHandler</STRONG> (Thumb, 0 bytes, Stack size 0 bytes, startup_mk60dz10.o(.text))
<BR>[Address Reference Count : 1]<UL><LI> startup_mk60dz10.o(RESET)
</UL>
<P><STRONG><a name="[e]"></a>DMA2_IRQHandler</STRONG> (Thumb, 0 bytes, Stack size 0 bytes, startup_mk60dz10.o(.text))
<BR>[Address Reference Count : 1]<UL><LI> startup_mk60dz10.o(RESET)
</UL>
<P><STRONG><a name="[f]"></a>DMA3_IRQHandler</STRONG> (Thumb, 0 bytes, Stack size 0 bytes, startup_mk60dz10.o(.text))
<BR>[Address Reference Count : 1]<UL><LI> startup_mk60dz10.o(RESET)
</UL>
<P><STRONG><a name="[10]"></a>DMA4_IRQHandler</STRONG> (Thumb, 0 bytes, Stack size 0 bytes, startup_mk60dz10.o(.text))
<BR>[Address Reference Count : 1]<UL><LI> startup_mk60dz10.o(RESET)
</UL>
<P><STRONG><a name="[11]"></a>DMA5_IRQHandler</STRONG> (Thumb, 0 bytes, Stack size 0 bytes, startup_mk60dz10.o(.text))
<BR>[Address Reference Count : 1]<UL><LI> startup_mk60dz10.o(RESET)
</UL>
<P><STRONG><a name="[12]"></a>DMA6_IRQHandler</STRONG> (Thumb, 0 bytes, Stack size 0 bytes, startup_mk60dz10.o(.text))
<BR>[Address Reference Count : 1]<UL><LI> startup_mk60dz10.o(RESET)
</UL>
<P><STRONG><a name="[13]"></a>DMA7_IRQHandler</STRONG> (Thumb, 0 bytes, Stack size 0 bytes, startup_mk60dz10.o(.text))
<BR>[Address Reference Count : 1]<UL><LI> startup_mk60dz10.o(RESET)
</UL>
<P><STRONG><a name="[14]"></a>DMA8_IRQHandler</STRONG> (Thumb, 0 bytes, Stack size 0 bytes, startup_mk60dz10.o(.text))
<BR>[Address Reference Count : 1]<UL><LI> startup_mk60dz10.o(RESET)
</UL>
<P><STRONG><a name="[15]"></a>DMA9_IRQHandler</STRONG> (Thumb, 0 bytes, Stack size 0 bytes, startup_mk60dz10.o(.text))
<BR>[Address Reference Count : 1]<UL><LI> startup_mk60dz10.o(RESET)
</UL>
<P><STRONG><a name="[1c]"></a>DMA_Error_IRQHandler</STRONG> (Thumb, 0 bytes, Stack size 0 bytes, startup_mk60dz10.o(.text))
<BR>[Address Reference Count : 1]<UL><LI> startup_mk60dz10.o(RESET)
</UL>
<P><STRONG><a name="[74]"></a>DefaultISR</STRONG> (Thumb, 0 bytes, Stack size 0 bytes, startup_mk60dz10.o(.text))
<BR>[Address Reference Count : 1]<UL><LI> startup_mk60dz10.o(RESET)
</UL>
<P><STRONG><a name="[57]"></a>ENET_1588_Timer_IRQHandler</STRONG> (Thumb, 0 bytes, Stack size 0 bytes, startup_mk60dz10.o(.text))
<BR>[Address Reference Count : 1]<UL><LI> startup_mk60dz10.o(RESET)
</UL>
<P><STRONG><a name="[5a]"></a>ENET_Error_IRQHandler</STRONG> (Thumb, 0 bytes, Stack size 0 bytes, startup_mk60dz10.o(.text))
<BR>[Address Reference Count : 1]<UL><LI> startup_mk60dz10.o(RESET)
</UL>
<P><STRONG><a name="[59]"></a>ENET_Receive_IRQHandler</STRONG> (Thumb, 0 bytes, Stack size 0 bytes, startup_mk60dz10.o(.text))
<BR>[Address Reference Count : 1]<UL><LI> startup_mk60dz10.o(RESET)
</UL>
<P><STRONG><a name="[58]"></a>ENET_Transmit_IRQHandler</STRONG> (Thumb, 0 bytes, Stack size 0 bytes, startup_mk60dz10.o(.text))
<BR>[Address Reference Count : 1]<UL><LI> startup_mk60dz10.o(RESET)
</UL>
<P><STRONG><a name="[1e]"></a>FTFL_IRQHandler</STRONG> (Thumb, 0 bytes, Stack size 0 bytes, startup_mk60dz10.o(.text))
<BR>[Address Reference Count : 1]<UL><LI> startup_mk60dz10.o(RESET)
</UL>
<P><STRONG><a name="[4a]"></a>FTM0_IRQHandler</STRONG> (Thumb, 0 bytes, Stack size 0 bytes, startup_mk60dz10.o(.text))
<BR>[Address Reference Count : 1]<UL><LI> startup_mk60dz10.o(RESET)
</UL>
<P><STRONG><a name="[4b]"></a>FTM1_IRQHandler</STRONG> (Thumb, 0 bytes, Stack size 0 bytes, startup_mk60dz10.o(.text))
<BR>[Address Reference Count : 1]<UL><LI> startup_mk60dz10.o(RESET)
</UL>
<P><STRONG><a name="[4c]"></a>FTM2_IRQHandler</STRONG> (Thumb, 0 bytes, Stack size 0 bytes, startup_mk60dz10.o(.text))
<BR>[Address Reference Count : 1]<UL><LI> startup_mk60dz10.o(RESET)
</UL>
<P><STRONG><a name="[24]"></a>I2C0_IRQHandler</STRONG> (Thumb, 0 bytes, Stack size 0 bytes, startup_mk60dz10.o(.text))
<BR>[Address Reference Count : 1]<UL><LI> startup_mk60dz10.o(RESET)
</UL>
<P><STRONG><a name="[25]"></a>I2C1_IRQHandler</STRONG> (Thumb, 0 bytes, Stack size 0 bytes, startup_mk60dz10.o(.text))
<BR>[Address Reference Count : 1]<UL><LI> startup_mk60dz10.o(RESET)
</UL>
<P><STRONG><a name="[5b]"></a>I2S0_IRQHandler</STRONG> (Thumb, 0 bytes, Stack size 0 bytes, startup_mk60dz10.o(.text))
<BR>[Address Reference Count : 1]<UL><LI> startup_mk60dz10.o(RESET)
</UL>
<P><STRONG><a name="[21]"></a>LLW_IRQHandler</STRONG> (Thumb, 0 bytes, Stack size 0 bytes, startup_mk60dz10.o(.text))
<BR>[Address Reference Count : 1]<UL><LI> startup_mk60dz10.o(RESET)
</UL>
<P><STRONG><a name="[61]"></a>LPTimer_IRQHandler</STRONG> (Thumb, 0 bytes, Stack size 0 bytes, startup_mk60dz10.o(.text))
<BR>[Address Reference Count : 1]<UL><LI> startup_mk60dz10.o(RESET)
</UL>
<P><STRONG><a name="[20]"></a>LVD_LVW_IRQHandler</STRONG> (Thumb, 0 bytes, Stack size 0 bytes, startup_mk60dz10.o(.text))
<BR>[Address Reference Count : 1]<UL><LI> startup_mk60dz10.o(RESET)
</UL>
<P><STRONG><a name="[60]"></a>MCG_IRQHandler</STRONG> (Thumb, 0 bytes, Stack size 0 bytes, startup_mk60dz10.o(.text))
<BR>[Address Reference Count : 1]<UL><LI> startup_mk60dz10.o(RESET)
</UL>
<P><STRONG><a name="[1d]"></a>MCM_IRQHandler</STRONG> (Thumb, 0 bytes, Stack size 0 bytes, startup_mk60dz10.o(.text))
<BR>[Address Reference Count : 1]<UL><LI> startup_mk60dz10.o(RESET)
</UL>
<P><STRONG><a name="[54]"></a>PDB0_IRQHandler</STRONG> (Thumb, 0 bytes, Stack size 0 bytes, startup_mk60dz10.o(.text))
<BR>[Address Reference Count : 1]<UL><LI> startup_mk60dz10.o(RESET)
</UL>
<P><STRONG><a name="[50]"></a>PIT0_IRQHandler</STRONG> (Thumb, 0 bytes, Stack size 0 bytes, startup_mk60dz10.o(.text))
<BR>[Address Reference Count : 1]<UL><LI> startup_mk60dz10.o(RESET)
</UL>
<P><STRONG><a name="[51]"></a>PIT1_IRQHandler</STRONG> (Thumb, 0 bytes, Stack size 0 bytes, startup_mk60dz10.o(.text))
<BR>[Address Reference Count : 1]<UL><LI> startup_mk60dz10.o(RESET)
</UL>
<P><STRONG><a name="[63]"></a>PORTA_IRQHandler</STRONG> (Thumb, 0 bytes, Stack size 0 bytes, startup_mk60dz10.o(.text))
<BR>[Address Reference Count : 1]<UL><LI> startup_mk60dz10.o(RESET)
</UL>
<P><STRONG><a name="[64]"></a>PORTB_IRQHandler</STRONG> (Thumb, 0 bytes, Stack size 0 bytes, startup_mk60dz10.o(.text))
<BR>[Address Reference Count : 1]<UL><LI> startup_mk60dz10.o(RESET)
</UL>
<P><STRONG><a name="[65]"></a>PORTC_IRQHandler</STRONG> (Thumb, 0 bytes, Stack size 0 bytes, startup_mk60dz10.o(.text))
<BR>[Address Reference Count : 1]<UL><LI> startup_mk60dz10.o(RESET)
</UL>
<P><STRONG><a name="[66]"></a>PORTD_IRQHandler</STRONG> (Thumb, 0 bytes, Stack size 0 bytes, startup_mk60dz10.o(.text))
<BR>[Address Reference Count : 1]<UL><LI> startup_mk60dz10.o(RESET)
</UL>
<P><STRONG><a name="[67]"></a>PORTE_IRQHandler</STRONG> (Thumb, 0 bytes, Stack size 0 bytes, startup_mk60dz10.o(.text))
<BR>[Address Reference Count : 1]<UL><LI> startup_mk60dz10.o(RESET)
</UL>
<P><STRONG><a name="[23]"></a>RNG_IRQHandler</STRONG> (Thumb, 0 bytes, Stack size 0 bytes, startup_mk60dz10.o(.text))
<BR>[Address Reference Count : 1]<UL><LI> startup_mk60dz10.o(RESET)
</UL>
<P><STRONG><a name="[4e]"></a>RTC_IRQHandler</STRONG> (Thumb, 0 bytes, Stack size 0 bytes, startup_mk60dz10.o(.text))
<BR>[Address Reference Count : 1]<UL><LI> startup_mk60dz10.o(RESET)
</UL>
<P><STRONG><a name="[1f]"></a>Read_Collision_IRQHandler</STRONG> (Thumb, 0 bytes, Stack size 0 bytes, startup_mk60dz10.o(.text))
<BR>[Address Reference Count : 1]<UL><LI> startup_mk60dz10.o(RESET)
</UL>
<P><STRONG><a name="[62]"></a>Reserved102_IRQHandler</STRONG> (Thumb, 0 bytes, Stack size 0 bytes, startup_mk60dz10.o(.text))
<BR>[Address Reference Count : 1]<UL><LI> startup_mk60dz10.o(RESET)
</UL>
<P><STRONG><a name="[68]"></a>Reserved108_IRQHandler</STRONG> (Thumb, 0 bytes, Stack size 0 bytes, startup_mk60dz10.o(.text))
<BR>[Address Reference Count : 1]<UL><LI> startup_mk60dz10.o(RESET)
</UL>
<P><STRONG><a name="[69]"></a>Reserved109_IRQHandler</STRONG> (Thumb, 0 bytes, Stack size 0 bytes, startup_mk60dz10.o(.text))
<BR>[Address Reference Count : 1]<UL><LI> startup_mk60dz10.o(RESET)
</UL>
<P><STRONG><a name="[6a]"></a>Reserved110_IRQHandler</STRONG> (Thumb, 0 bytes, Stack size 0 bytes, startup_mk60dz10.o(.text))
<BR>[Address Reference Count : 1]<UL><LI> startup_mk60dz10.o(RESET)
</UL>
<P><STRONG><a name="[6b]"></a>Reserved111_IRQHandler</STRONG> (Thumb, 0 bytes, Stack size 0 bytes, startup_mk60dz10.o(.text))
<BR>[Address Reference Count : 1]<UL><LI> startup_mk60dz10.o(RESET)
</UL>
<P><STRONG><a name="[6c]"></a>Reserved112_IRQHandler</STRONG> (Thumb, 0 bytes, Stack size 0 bytes, startup_mk60dz10.o(.text))
<BR>[Address Reference Count : 1]<UL><LI> startup_mk60dz10.o(RESET)
</UL>
<P><STRONG><a name="[6d]"></a>Reserved113_IRQHandler</STRONG> (Thumb, 0 bytes, Stack size 0 bytes, startup_mk60dz10.o(.text))
<BR>[Address Reference Count : 1]<UL><LI> startup_mk60dz10.o(RESET)
</UL>
<P><STRONG><a name="[6e]"></a>Reserved114_IRQHandler</STRONG> (Thumb, 0 bytes, Stack size 0 bytes, startup_mk60dz10.o(.text))
<BR>[Address Reference Count : 1]<UL><LI> startup_mk60dz10.o(RESET)
</UL>
<P><STRONG><a name="[6f]"></a>Reserved115_IRQHandler</STRONG> (Thumb, 0 bytes, Stack size 0 bytes, startup_mk60dz10.o(.text))
<BR>[Address Reference Count : 1]<UL><LI> startup_mk60dz10.o(RESET)
</UL>
<P><STRONG><a name="[70]"></a>Reserved116_IRQHandler</STRONG> (Thumb, 0 bytes, Stack size 0 bytes, startup_mk60dz10.o(.text))
<BR>[Address Reference Count : 1]<UL><LI> startup_mk60dz10.o(RESET)
</UL>
<P><STRONG><a name="[71]"></a>Reserved117_IRQHandler</STRONG> (Thumb, 0 bytes, Stack size 0 bytes, startup_mk60dz10.o(.text))
<BR>[Address Reference Count : 1]<UL><LI> startup_mk60dz10.o(RESET)
</UL>
<P><STRONG><a name="[72]"></a>Reserved118_IRQHandler</STRONG> (Thumb, 0 bytes, Stack size 0 bytes, startup_mk60dz10.o(.text))
<BR>[Address Reference Count : 1]<UL><LI> startup_mk60dz10.o(RESET)
</UL>
<P><STRONG><a name="[73]"></a>Reserved119_IRQHandler</STRONG> (Thumb, 0 bytes, Stack size 0 bytes, startup_mk60dz10.o(.text))
<BR>[Address Reference Count : 1]<UL><LI> startup_mk60dz10.o(RESET)
</UL>
<P><STRONG><a name="[2f]"></a>Reserved51_IRQHandler</STRONG> (Thumb, 0 bytes, Stack size 0 bytes, startup_mk60dz10.o(.text))
<BR>[Address Reference Count : 1]<UL><LI> startup_mk60dz10.o(RESET)
</UL>
<P><STRONG><a name="[30]"></a>Reserved52_IRQHandler</STRONG> (Thumb, 0 bytes, Stack size 0 bytes, startup_mk60dz10.o(.text))
<BR>[Address Reference Count : 1]<UL><LI> startup_mk60dz10.o(RESET)
</UL>
<P><STRONG><a name="[37]"></a>Reserved59_IRQHandler</STRONG> (Thumb, 0 bytes, Stack size 0 bytes, startup_mk60dz10.o(.text))
<BR>[Address Reference Count : 1]<UL><LI> startup_mk60dz10.o(RESET)
</UL>
<P><STRONG><a name="[38]"></a>Reserved60_IRQHandler</STRONG> (Thumb, 0 bytes, Stack size 0 bytes, startup_mk60dz10.o(.text))
<BR>[Address Reference Count : 1]<UL><LI> startup_mk60dz10.o(RESET)
</UL>
<P><STRONG><a name="[4f]"></a>Reserved83_IRQHandler</STRONG> (Thumb, 0 bytes, Stack size 0 bytes, startup_mk60dz10.o(.text))
<BR>[Address Reference Count : 1]<UL><LI> startup_mk60dz10.o(RESET)
</UL>
<P><STRONG><a name="[5c]"></a>SDHC_IRQHandler</STRONG> (Thumb, 0 bytes, Stack size 0 bytes, startup_mk60dz10.o(.text))
<BR>[Address Reference Count : 1]<UL><LI> startup_mk60dz10.o(RESET)
</UL>
<P><STRONG><a name="[26]"></a>SPI0_IRQHandler</STRONG> (Thumb, 0 bytes, Stack size 0 bytes, startup_mk60dz10.o(.text))
<BR>[Address Reference Count : 1]<UL><LI> startup_mk60dz10.o(RESET)
</UL>
<P><STRONG><a name="[27]"></a>SPI1_IRQHandler</STRONG> (Thumb, 0 bytes, Stack size 0 bytes, startup_mk60dz10.o(.text))
<BR>[Address Reference Count : 1]<UL><LI> startup_mk60dz10.o(RESET)
</UL>
<P><STRONG><a name="[28]"></a>SPI2_IRQHandler</STRONG> (Thumb, 0 bytes, Stack size 0 bytes, startup_mk60dz10.o(.text))
<BR>[Address Reference Count : 1]<UL><LI> startup_mk60dz10.o(RESET)
</UL>
<P><STRONG><a name="[5f]"></a>TSI0_IRQHandler</STRONG> (Thumb, 0 bytes, Stack size 0 bytes, startup_mk60dz10.o(.text))
<BR>[Address Reference Count : 1]<UL><LI> startup_mk60dz10.o(RESET)
</UL>
<P><STRONG><a name="[3a]"></a>UART0_ERR_IRQHandler</STRONG> (Thumb, 0 bytes, Stack size 0 bytes, startup_mk60dz10.o(.text))
<BR>[Address Reference Count : 1]<UL><LI> startup_mk60dz10.o(RESET)
</UL>
<P><STRONG><a name="[39]"></a>UART0_RX_TX_IRQHandler</STRONG> (Thumb, 0 bytes, Stack size 0 bytes, startup_mk60dz10.o(.text))
<BR>[Address Reference Count : 1]<UL><LI> startup_mk60dz10.o(RESET)
</UL>
<P><STRONG><a name="[3c]"></a>UART1_ERR_IRQHandler</STRONG> (Thumb, 0 bytes, Stack size 0 bytes, startup_mk60dz10.o(.text))
<BR>[Address Reference Count : 1]<UL><LI> startup_mk60dz10.o(RESET)
</UL>
<P><STRONG><a name="[3b]"></a>UART1_RX_TX_IRQHandler</STRONG> (Thumb, 0 bytes, Stack size 0 bytes, startup_mk60dz10.o(.text))
<BR>[Address Reference Count : 1]<UL><LI> startup_mk60dz10.o(RESET)
</UL>
<P><STRONG><a name="[3e]"></a>UART2_ERR_IRQHandler</STRONG> (Thumb, 0 bytes, Stack size 0 bytes, startup_mk60dz10.o(.text))
<BR>[Address Reference Count : 1]<UL><LI> startup_mk60dz10.o(RESET)
</UL>
<P><STRONG><a name="[40]"></a>UART3_ERR_IRQHandler</STRONG> (Thumb, 0 bytes, Stack size 0 bytes, startup_mk60dz10.o(.text))
<BR>[Address Reference Count : 1]<UL><LI> startup_mk60dz10.o(RESET)
</UL>
<P><STRONG><a name="[3f]"></a>UART3_RX_TX_IRQHandler</STRONG> (Thumb, 0 bytes, Stack size 0 bytes, startup_mk60dz10.o(.text))
<BR>[Address Reference Count : 1]<UL><LI> startup_mk60dz10.o(RESET)
</UL>
<P><STRONG><a name="[42]"></a>UART4_ERR_IRQHandler</STRONG> (Thumb, 0 bytes, Stack size 0 bytes, startup_mk60dz10.o(.text))
<BR>[Address Reference Count : 1]<UL><LI> startup_mk60dz10.o(RESET)
</UL>
<P><STRONG><a name="[41]"></a>UART4_RX_TX_IRQHandler</STRONG> (Thumb, 0 bytes, Stack size 0 bytes, startup_mk60dz10.o(.text))
<BR>[Address Reference Count : 1]<UL><LI> startup_mk60dz10.o(RESET)
</UL>
<P><STRONG><a name="[44]"></a>UART5_ERR_IRQHandler</STRONG> (Thumb, 0 bytes, Stack size 0 bytes, startup_mk60dz10.o(.text))
<BR>[Address Reference Count : 1]<UL><LI> startup_mk60dz10.o(RESET)
</UL>
<P><STRONG><a name="[43]"></a>UART5_RX_TX_IRQHandler</STRONG> (Thumb, 0 bytes, Stack size 0 bytes, startup_mk60dz10.o(.text))
<BR>[Address Reference Count : 1]<UL><LI> startup_mk60dz10.o(RESET)
</UL>
<P><STRONG><a name="[55]"></a>USB0_IRQHandler</STRONG> (Thumb, 0 bytes, Stack size 0 bytes, startup_mk60dz10.o(.text))
<BR>[Address Reference Count : 1]<UL><LI> startup_mk60dz10.o(RESET)
</UL>
<P><STRONG><a name="[56]"></a>USBDCD_IRQHandler</STRONG> (Thumb, 0 bytes, Stack size 0 bytes, startup_mk60dz10.o(.text))
<BR>[Address Reference Count : 1]<UL><LI> startup_mk60dz10.o(RESET)
</UL>
<P><STRONG><a name="[22]"></a>Watchdog_IRQHandler</STRONG> (Thumb, 0 bytes, Stack size 0 bytes, startup_mk60dz10.o(.text))
<BR>[Address Reference Count : 1]<UL><LI> startup_mk60dz10.o(RESET)
</UL>
<P><STRONG><a name="[115]"></a>__user_initial_stackheap</STRONG> (Thumb, 0 bytes, Stack size unknown bytes, startup_mk60dz10.o(.text))
<BR><BR>[Called By]<UL><LI><a href="#[7e]">&gt;&gt;</a>&nbsp;&nbsp;&nbsp;__user_setup_stackheap
</UL>

<P><STRONG><a name="[97]"></a>set_speed</STRONG> (Thumb, 352 bytes, Stack size 0 bytes, main.o(.text))
<BR><BR>[Called By]<UL><LI><a href="#[81]">&gt;&gt;</a>&nbsp;&nbsp;&nbsp;main
</UL>

<P><STRONG><a name="[81]"></a>main</STRONG> (Thumb, 224 bytes, Stack size 16 bytes, main.o(.text))
<BR><BR>[Stack]<UL><LI>Max Depth = 188<LI>Call Chain = main &rArr; switch_init &rArr; GPIO_Init &rArr; assert_failed &rArr; UART_printf &rArr; printn &rArr;  printn (Cycle)
</UL>
<BR>[Calls]<UL><LI><a href="#[91]">&gt;&gt;</a>&nbsp;&nbsp;&nbsp;switch_init
<LI><a href="#[8b]">&gt;&gt;</a>&nbsp;&nbsp;&nbsp;steer_init
<LI><a href="#[92]">&gt;&gt;</a>&nbsp;&nbsp;&nbsp;oled_init
<LI><a href="#[8f]">&gt;&gt;</a>&nbsp;&nbsp;&nbsp;motor_init
<LI><a href="#[96]">&gt;&gt;</a>&nbsp;&nbsp;&nbsp;is_open_stop_function
<LI><a href="#[95]">&gt;&gt;</a>&nbsp;&nbsp;&nbsp;is_open_ramp_people_function
<LI><a href="#[93]">&gt;&gt;</a>&nbsp;&nbsp;&nbsp;gyro_init
<LI><a href="#[94]">&gt;&gt;</a>&nbsp;&nbsp;&nbsp;get_speed_switch
<LI><a href="#[90]">&gt;&gt;</a>&nbsp;&nbsp;&nbsp;encoder_init
<LI><a href="#[99]">&gt;&gt;</a>&nbsp;&nbsp;&nbsp;bell_open
<LI><a href="#[98]">&gt;&gt;</a>&nbsp;&nbsp;&nbsp;bell_init
<LI><a href="#[9b]">&gt;&gt;</a>&nbsp;&nbsp;&nbsp;bell_close
<LI><a href="#[89]">&gt;&gt;</a>&nbsp;&nbsp;&nbsp;UART_ITConfig
<LI><a href="#[88]">&gt;&gt;</a>&nbsp;&nbsp;&nbsp;UART_DebugPortInit
<LI><a href="#[87]">&gt;&gt;</a>&nbsp;&nbsp;&nbsp;SystemClockSetup
<LI><a href="#[a1]">&gt;&gt;</a>&nbsp;&nbsp;&nbsp;Picture
<LI><a href="#[9d]">&gt;&gt;</a>&nbsp;&nbsp;&nbsp;PIT_Init
<LI><a href="#[9e]">&gt;&gt;</a>&nbsp;&nbsp;&nbsp;PIT_ITConfig
<LI><a href="#[a0]">&gt;&gt;</a>&nbsp;&nbsp;&nbsp;Display_Pixel
<LI><a href="#[9f]">&gt;&gt;</a>&nbsp;&nbsp;&nbsp;Display_Info
<LI><a href="#[9a]">&gt;&gt;</a>&nbsp;&nbsp;&nbsp;DelayMs
<LI><a href="#[8a]">&gt;&gt;</a>&nbsp;&nbsp;&nbsp;DelayInit
<LI><a href="#[9c]">&gt;&gt;</a>&nbsp;&nbsp;&nbsp;CCD_Value
<LI><a href="#[8e]">&gt;&gt;</a>&nbsp;&nbsp;&nbsp;CCD3_init
<LI><a href="#[8d]">&gt;&gt;</a>&nbsp;&nbsp;&nbsp;CCD2_init
<LI><a href="#[8c]">&gt;&gt;</a>&nbsp;&nbsp;&nbsp;CCD1_init
<LI><a href="#[97]">&gt;&gt;</a>&nbsp;&nbsp;&nbsp;set_speed
</UL>
<BR>[Called By]<UL><LI><a href="#[80]">&gt;&gt;</a>&nbsp;&nbsp;&nbsp;__rt_entry_main
</UL>

<P><STRONG><a name="[a2]"></a>led_init</STRONG> (Thumb, 36 bytes, Stack size 16 bytes, main.o(.text), UNUSED)
<BR><BR>[Calls]<UL><LI><a href="#[a3]">&gt;&gt;</a>&nbsp;&nbsp;&nbsp;GPIO_Init
</UL>

<P><STRONG><a name="[a4]"></a>led_flash</STRONG> (Thumb, 100 bytes, Stack size 8 bytes, main.o(.text), UNUSED)
<BR><BR>[Calls]<UL><LI><a href="#[a5]">&gt;&gt;</a>&nbsp;&nbsp;&nbsp;GPIO_SetBits
<LI><a href="#[a6]">&gt;&gt;</a>&nbsp;&nbsp;&nbsp;GPIO_ResetBits
</UL>

<P><STRONG><a name="[a7]"></a>assert_failed</STRONG> (Thumb, 18 bytes, Stack size 0 bytes, main.o(.text))
<BR><BR>[Stack]<UL><LI>Max Depth = 52<LI>Call Chain = assert_failed &rArr; UART_printf &rArr; printn &rArr;  printn (Cycle)
</UL>
<BR>[Calls]<UL><LI><a href="#[a8]">&gt;&gt;</a>&nbsp;&nbsp;&nbsp;UART_printf
</UL>
<BR>[Called By]<UL><LI><a href="#[ee]">&gt;&gt;</a>&nbsp;&nbsp;&nbsp;FTM_ClearITPendingBit
<LI><a href="#[ed]">&gt;&gt;</a>&nbsp;&nbsp;&nbsp;FTM_GetITStatus
<LI><a href="#[ec]">&gt;&gt;</a>&nbsp;&nbsp;&nbsp;FTM_ITConfig
<LI><a href="#[ea]">&gt;&gt;</a>&nbsp;&nbsp;&nbsp;SetVectorTable
<LI><a href="#[e9]">&gt;&gt;</a>&nbsp;&nbsp;&nbsp;NVIC_Init
<LI><a href="#[103]">&gt;&gt;</a>&nbsp;&nbsp;&nbsp;UART_Init
<LI><a href="#[c9]">&gt;&gt;</a>&nbsp;&nbsp;&nbsp;GPIO_ReadInputDataBit
<LI><a href="#[c8]">&gt;&gt;</a>&nbsp;&nbsp;&nbsp;LPTM_ResetTimeCounter
<LI><a href="#[c6]">&gt;&gt;</a>&nbsp;&nbsp;&nbsp;LPTM_Init
<LI><a href="#[c7]">&gt;&gt;</a>&nbsp;&nbsp;&nbsp;LPTM_GetTimerCounterValue
<LI><a href="#[c2]">&gt;&gt;</a>&nbsp;&nbsp;&nbsp;FTM_PWM_ChangeDuty
<LI><a href="#[c5]">&gt;&gt;</a>&nbsp;&nbsp;&nbsp;FTM_Init
<LI><a href="#[b7]">&gt;&gt;</a>&nbsp;&nbsp;&nbsp;ADC_Init
<LI><a href="#[b6]">&gt;&gt;</a>&nbsp;&nbsp;&nbsp;PIT_ClearITPendingBit
<LI><a href="#[89]">&gt;&gt;</a>&nbsp;&nbsp;&nbsp;UART_ITConfig
<LI><a href="#[87]">&gt;&gt;</a>&nbsp;&nbsp;&nbsp;SystemClockSetup
<LI><a href="#[9d]">&gt;&gt;</a>&nbsp;&nbsp;&nbsp;PIT_Init
<LI><a href="#[9e]">&gt;&gt;</a>&nbsp;&nbsp;&nbsp;PIT_ITConfig
<LI><a href="#[a5]">&gt;&gt;</a>&nbsp;&nbsp;&nbsp;GPIO_SetBits
<LI><a href="#[a6]">&gt;&gt;</a>&nbsp;&nbsp;&nbsp;GPIO_ResetBits
<LI><a href="#[a3]">&gt;&gt;</a>&nbsp;&nbsp;&nbsp;GPIO_Init
<LI><a href="#[112]">&gt;&gt;</a>&nbsp;&nbsp;&nbsp;LPTM_DelayMs
<LI><a href="#[111]">&gt;&gt;</a>&nbsp;&nbsp;&nbsp;LPTM_ClearITPendingBit
<LI><a href="#[110]">&gt;&gt;</a>&nbsp;&nbsp;&nbsp;LPTM_GetITStatus
<LI><a href="#[10f]">&gt;&gt;</a>&nbsp;&nbsp;&nbsp;LPTM_ITConfig
<LI><a href="#[10e]">&gt;&gt;</a>&nbsp;&nbsp;&nbsp;LPTM_GetCompareValue
<LI><a href="#[10d]">&gt;&gt;</a>&nbsp;&nbsp;&nbsp;LPTM_SetCompareValue
<LI><a href="#[108]">&gt;&gt;</a>&nbsp;&nbsp;&nbsp;UART_DMACmd
<LI><a href="#[106]">&gt;&gt;</a>&nbsp;&nbsp;&nbsp;UART_SendDataInt
<LI><a href="#[105]">&gt;&gt;</a>&nbsp;&nbsp;&nbsp;UART_GetITStatus
<LI><a href="#[102]">&gt;&gt;</a>&nbsp;&nbsp;&nbsp;ADC_DMACmd
<LI><a href="#[101]">&gt;&gt;</a>&nbsp;&nbsp;&nbsp;ADC_GetITStatus
<LI><a href="#[ff]">&gt;&gt;</a>&nbsp;&nbsp;&nbsp;ADC_ITConfig
<LI><a href="#[fd]">&gt;&gt;</a>&nbsp;&nbsp;&nbsp;PIT_GetITStatus
<LI><a href="#[fa]">&gt;&gt;</a>&nbsp;&nbsp;&nbsp;PIT_Stop
<LI><a href="#[f9]">&gt;&gt;</a>&nbsp;&nbsp;&nbsp;PIT_Start
<LI><a href="#[f8]">&gt;&gt;</a>&nbsp;&nbsp;&nbsp;PIT_SetLoadValue
<LI><a href="#[f7]">&gt;&gt;</a>&nbsp;&nbsp;&nbsp;PIT_GetCurrentValue
<LI><a href="#[f6]">&gt;&gt;</a>&nbsp;&nbsp;&nbsp;PIT_GetLoadValue
<LI><a href="#[f5]">&gt;&gt;</a>&nbsp;&nbsp;&nbsp;GPIO_ReadInputData
<LI><a href="#[f4]">&gt;&gt;</a>&nbsp;&nbsp;&nbsp;GPIO_ReadOutputData
<LI><a href="#[f3]">&gt;&gt;</a>&nbsp;&nbsp;&nbsp;GPIO_ReadOutputDataBit
<LI><a href="#[f2]">&gt;&gt;</a>&nbsp;&nbsp;&nbsp;GPIO_Write
<LI><a href="#[f1]">&gt;&gt;</a>&nbsp;&nbsp;&nbsp;GPIO_ToggleBit
<LI><a href="#[f0]">&gt;&gt;</a>&nbsp;&nbsp;&nbsp;GPIO_WriteBit
</UL>

<P><STRONG><a name="[a9]"></a>stop</STRONG> (Thumb, 66 bytes, Stack size 8 bytes, isr.o(.text))
<BR><BR>[Stack]<UL><LI>Max Depth = 116<LI>Call Chain = stop &rArr; motor_PID &rArr; set_motor_pwm &rArr; FTM_PWM_ChangeDuty &rArr; assert_failed &rArr; UART_printf &rArr; printn &rArr;  printn (Cycle)
</UL>
<BR>[Calls]<UL><LI><a href="#[ab]">&gt;&gt;</a>&nbsp;&nbsp;&nbsp;set_motor_pwm
<LI><a href="#[aa]">&gt;&gt;</a>&nbsp;&nbsp;&nbsp;motor_PID
<LI><a href="#[ac]">&gt;&gt;</a>&nbsp;&nbsp;&nbsp;NVIC_DisableIRQ
<LI><a href="#[99]">&gt;&gt;</a>&nbsp;&nbsp;&nbsp;bell_open
<LI><a href="#[9b]">&gt;&gt;</a>&nbsp;&nbsp;&nbsp;bell_close
</UL>
<BR>[Called By]<UL><LI><a href="#[52]">&gt;&gt;</a>&nbsp;&nbsp;&nbsp;PIT2_IRQHandler
<LI><a href="#[3d]">&gt;&gt;</a>&nbsp;&nbsp;&nbsp;UART2_RX_TX_IRQHandler
</UL>

<P><STRONG><a name="[3d]"></a>UART2_RX_TX_IRQHandler</STRONG> (Thumb, 308 bytes, Stack size 8 bytes, isr.o(.text))
<BR><BR>[Stack]<UL><LI>Max Depth = 124<LI>Call Chain = UART2_RX_TX_IRQHandler &rArr; stop &rArr; motor_PID &rArr; set_motor_pwm &rArr; FTM_PWM_ChangeDuty &rArr; assert_failed &rArr; UART_printf &rArr; printn &rArr;  printn (Cycle)
</UL>
<BR>[Calls]<UL><LI><a href="#[ad]">&gt;&gt;</a>&nbsp;&nbsp;&nbsp;UART_SendDataIntProcess
<LI><a href="#[ae]">&gt;&gt;</a>&nbsp;&nbsp;&nbsp;UART_ReceiveData
<LI><a href="#[af]">&gt;&gt;</a>&nbsp;&nbsp;&nbsp;EnableInterrupts
<LI><a href="#[a9]">&gt;&gt;</a>&nbsp;&nbsp;&nbsp;stop
<LI><a href="#[ac]">&gt;&gt;</a>&nbsp;&nbsp;&nbsp;NVIC_DisableIRQ
</UL>
<BR>[Address Reference Count : 1]<UL><LI> startup_mk60dz10.o(RESET)
</UL>
<P><STRONG><a name="[b5]"></a>should_stop</STRONG> (Thumb, 302 bytes, Stack size 212 bytes, isr.o(.text))
<BR><BR>[Stack]<UL><LI>Max Depth = 212<LI>Call Chain = should_stop
</UL>
<BR>[Called By]<UL><LI><a href="#[52]">&gt;&gt;</a>&nbsp;&nbsp;&nbsp;PIT2_IRQHandler
</UL>

<P><STRONG><a name="[52]"></a>PIT2_IRQHandler</STRONG> (Thumb, 148 bytes, Stack size 8 bytes, isr.o(.text))
<BR><BR>[Stack]<UL><LI>Max Depth = 1052<LI>Call Chain = PIT2_IRQHandler &rArr; Adapted_Black_Thread &rArr; __aeabi_memclr4
</UL>
<BR>[Calls]<UL><LI><a href="#[b3]">&gt;&gt;</a>&nbsp;&nbsp;&nbsp;steer_PID
<LI><a href="#[aa]">&gt;&gt;</a>&nbsp;&nbsp;&nbsp;motor_PID
<LI><a href="#[b2]">&gt;&gt;</a>&nbsp;&nbsp;&nbsp;get_gyro_value
<LI><a href="#[b4]">&gt;&gt;</a>&nbsp;&nbsp;&nbsp;get_encoder
<LI><a href="#[b6]">&gt;&gt;</a>&nbsp;&nbsp;&nbsp;PIT_ClearITPendingBit
<LI><a href="#[b0]">&gt;&gt;</a>&nbsp;&nbsp;&nbsp;Adapted_Black_Thread
<LI><a href="#[b1]">&gt;&gt;</a>&nbsp;&nbsp;&nbsp;Adapted2_Black_Thread
<LI><a href="#[b5]">&gt;&gt;</a>&nbsp;&nbsp;&nbsp;should_stop
<LI><a href="#[a9]">&gt;&gt;</a>&nbsp;&nbsp;&nbsp;stop
<LI><a href="#[9c]">&gt;&gt;</a>&nbsp;&nbsp;&nbsp;CCD_Value
</UL>
<BR>[Address Reference Count : 1]<UL><LI> startup_mk60dz10.o(RESET)
</UL>
<P><STRONG><a name="[53]"></a>PIT3_IRQHandler</STRONG> (Thumb, 240 bytes, Stack size 8 bytes, isr.o(.text))
<BR><BR>[Stack]<UL><LI>Max Depth = 1052<LI>Call Chain = PIT3_IRQHandler &rArr; Adapted_Black_Thread &rArr; __aeabi_memclr4
</UL>
<BR>[Calls]<UL><LI><a href="#[b3]">&gt;&gt;</a>&nbsp;&nbsp;&nbsp;steer_PID
<LI><a href="#[ab]">&gt;&gt;</a>&nbsp;&nbsp;&nbsp;set_motor_pwm
<LI><a href="#[aa]">&gt;&gt;</a>&nbsp;&nbsp;&nbsp;motor_PID
<LI><a href="#[b4]">&gt;&gt;</a>&nbsp;&nbsp;&nbsp;get_encoder
<LI><a href="#[b6]">&gt;&gt;</a>&nbsp;&nbsp;&nbsp;PIT_ClearITPendingBit
<LI><a href="#[b0]">&gt;&gt;</a>&nbsp;&nbsp;&nbsp;Adapted_Black_Thread
<LI><a href="#[b1]">&gt;&gt;</a>&nbsp;&nbsp;&nbsp;Adapted2_Black_Thread
<LI><a href="#[ac]">&gt;&gt;</a>&nbsp;&nbsp;&nbsp;NVIC_DisableIRQ
<LI><a href="#[99]">&gt;&gt;</a>&nbsp;&nbsp;&nbsp;bell_open
<LI><a href="#[9b]">&gt;&gt;</a>&nbsp;&nbsp;&nbsp;bell_close
<LI><a href="#[9c]">&gt;&gt;</a>&nbsp;&nbsp;&nbsp;CCD_Value
</UL>
<BR>[Address Reference Count : 1]<UL><LI> startup_mk60dz10.o(RESET)
</UL>
<P><STRONG><a name="[13b]"></a>should_stop_second</STRONG> (Thumb, 78 bytes, Stack size 8 bytes, isr.o(.text), UNUSED)

<P><STRONG><a name="[8c]"></a>CCD1_init</STRONG> (Thumb, 80 bytes, Stack size 8 bytes, ccd.o(.text))
<BR><BR>[Stack]<UL><LI>Max Depth = 84<LI>Call Chain = CCD1_init &rArr; ADC_Init &rArr; assert_failed &rArr; UART_printf &rArr; printn &rArr;  printn (Cycle)
</UL>
<BR>[Calls]<UL><LI><a href="#[b7]">&gt;&gt;</a>&nbsp;&nbsp;&nbsp;ADC_Init
<LI><a href="#[a3]">&gt;&gt;</a>&nbsp;&nbsp;&nbsp;GPIO_Init
</UL>
<BR>[Called By]<UL><LI><a href="#[81]">&gt;&gt;</a>&nbsp;&nbsp;&nbsp;main
</UL>

<P><STRONG><a name="[8d]"></a>CCD2_init</STRONG> (Thumb, 82 bytes, Stack size 8 bytes, ccd.o(.text))
<BR><BR>[Stack]<UL><LI>Max Depth = 84<LI>Call Chain = CCD2_init &rArr; ADC_Init &rArr; assert_failed &rArr; UART_printf &rArr; printn &rArr;  printn (Cycle)
</UL>
<BR>[Calls]<UL><LI><a href="#[b7]">&gt;&gt;</a>&nbsp;&nbsp;&nbsp;ADC_Init
<LI><a href="#[a3]">&gt;&gt;</a>&nbsp;&nbsp;&nbsp;GPIO_Init
</UL>
<BR>[Called By]<UL><LI><a href="#[81]">&gt;&gt;</a>&nbsp;&nbsp;&nbsp;main
</UL>

<P><STRONG><a name="[8e]"></a>CCD3_init</STRONG> (Thumb, 78 bytes, Stack size 8 bytes, ccd.o(.text))
<BR><BR>[Stack]<UL><LI>Max Depth = 84<LI>Call Chain = CCD3_init &rArr; ADC_Init &rArr; assert_failed &rArr; UART_printf &rArr; printn &rArr;  printn (Cycle)
</UL>
<BR>[Calls]<UL><LI><a href="#[b7]">&gt;&gt;</a>&nbsp;&nbsp;&nbsp;ADC_Init
<LI><a href="#[a3]">&gt;&gt;</a>&nbsp;&nbsp;&nbsp;GPIO_Init
</UL>
<BR>[Called By]<UL><LI><a href="#[81]">&gt;&gt;</a>&nbsp;&nbsp;&nbsp;main
</UL>

<P><STRONG><a name="[b9]"></a>CCD_Delay</STRONG> (Thumb, 14 bytes, Stack size 0 bytes, ccd.o(.text))
<BR><BR>[Called By]<UL><LI><a href="#[bd]">&gt;&gt;</a>&nbsp;&nbsp;&nbsp;CCD3_Value
<LI><a href="#[b8]">&gt;&gt;</a>&nbsp;&nbsp;&nbsp;CCD1_Value
<LI><a href="#[9c]">&gt;&gt;</a>&nbsp;&nbsp;&nbsp;CCD_Value
</UL>

<P><STRONG><a name="[b8]"></a>CCD1_Value</STRONG> (Thumb, 168 bytes, Stack size 16 bytes, ccd.o(.text), UNUSED)
<BR><BR>[Calls]<UL><LI><a href="#[ba]">&gt;&gt;</a>&nbsp;&nbsp;&nbsp;ADC_GetConversionValue
<LI><a href="#[b9]">&gt;&gt;</a>&nbsp;&nbsp;&nbsp;CCD_Delay
<LI><a href="#[a5]">&gt;&gt;</a>&nbsp;&nbsp;&nbsp;GPIO_SetBits
<LI><a href="#[a6]">&gt;&gt;</a>&nbsp;&nbsp;&nbsp;GPIO_ResetBits
</UL>

<P><STRONG><a name="[bb]"></a>CCD2_Value</STRONG> (Thumb, 150 bytes, Stack size 16 bytes, ccd.o(.text), UNUSED)
<BR><BR>[Calls]<UL><LI><a href="#[bc]">&gt;&gt;</a>&nbsp;&nbsp;&nbsp;DelayUs
<LI><a href="#[ba]">&gt;&gt;</a>&nbsp;&nbsp;&nbsp;ADC_GetConversionValue
<LI><a href="#[a5]">&gt;&gt;</a>&nbsp;&nbsp;&nbsp;GPIO_SetBits
<LI><a href="#[a6]">&gt;&gt;</a>&nbsp;&nbsp;&nbsp;GPIO_ResetBits
</UL>

<P><STRONG><a name="[bd]"></a>CCD3_Value</STRONG> (Thumb, 172 bytes, Stack size 16 bytes, ccd.o(.text), UNUSED)
<BR><BR>[Calls]<UL><LI><a href="#[ba]">&gt;&gt;</a>&nbsp;&nbsp;&nbsp;ADC_GetConversionValue
<LI><a href="#[b9]">&gt;&gt;</a>&nbsp;&nbsp;&nbsp;CCD_Delay
<LI><a href="#[a5]">&gt;&gt;</a>&nbsp;&nbsp;&nbsp;GPIO_SetBits
<LI><a href="#[a6]">&gt;&gt;</a>&nbsp;&nbsp;&nbsp;GPIO_ResetBits
</UL>

<P><STRONG><a name="[b0]"></a>Adapted_Black_Thread</STRONG> (Thumb, 818 bytes, Stack size 1040 bytes, ccd.o(.text))
<BR><BR>[Stack]<UL><LI>Max Depth = 1044<LI>Call Chain = Adapted_Black_Thread &rArr; __aeabi_memclr4
</UL>
<BR>[Calls]<UL><LI><a href="#[be]">&gt;&gt;</a>&nbsp;&nbsp;&nbsp;__aeabi_memclr4
</UL>
<BR>[Called By]<UL><LI><a href="#[53]">&gt;&gt;</a>&nbsp;&nbsp;&nbsp;PIT3_IRQHandler
<LI><a href="#[52]">&gt;&gt;</a>&nbsp;&nbsp;&nbsp;PIT2_IRQHandler
</UL>

<P><STRONG><a name="[b1]"></a>Adapted2_Black_Thread</STRONG> (Thumb, 384 bytes, Stack size 16 bytes, ccd.o(.text))
<BR><BR>[Stack]<UL><LI>Max Depth = 16<LI>Call Chain = Adapted2_Black_Thread
</UL>
<BR>[Called By]<UL><LI><a href="#[53]">&gt;&gt;</a>&nbsp;&nbsp;&nbsp;PIT3_IRQHandler
<LI><a href="#[52]">&gt;&gt;</a>&nbsp;&nbsp;&nbsp;PIT2_IRQHandler
</UL>

<P><STRONG><a name="[bf]"></a>Adapted3_Black_Thread</STRONG> (Thumb, 510 bytes, Stack size 1040 bytes, ccd.o(.text), UNUSED)
<BR><BR>[Calls]<UL><LI><a href="#[be]">&gt;&gt;</a>&nbsp;&nbsp;&nbsp;__aeabi_memclr4
</UL>

<P><STRONG><a name="[13c]"></a>road_middle_width</STRONG> (Thumb, 130 bytes, Stack size 16 bytes, ccd.o(.text), UNUSED)

<P><STRONG><a name="[13d]"></a>modify_CCD_Middle</STRONG> (Thumb, 16 bytes, Stack size 0 bytes, ccd.o(.text), UNUSED)

<P><STRONG><a name="[c0]"></a>guassfilter</STRONG> (Thumb, 128 bytes, Stack size 160 bytes, ccd.o(.text), UNUSED)
<BR><BR>[Calls]<UL><LI><a href="#[c1]">&gt;&gt;</a>&nbsp;&nbsp;&nbsp;__aeabi_memcpy4
</UL>

<P><STRONG><a name="[9c]"></a>CCD_Value</STRONG> (Thumb, 388 bytes, Stack size 24 bytes, ccd.o(.text))
<BR><BR>[Stack]<UL><LI>Max Depth = 24<LI>Call Chain = CCD_Value
</UL>
<BR>[Calls]<UL><LI><a href="#[b9]">&gt;&gt;</a>&nbsp;&nbsp;&nbsp;CCD_Delay
</UL>
<BR>[Called By]<UL><LI><a href="#[53]">&gt;&gt;</a>&nbsp;&nbsp;&nbsp;PIT3_IRQHandler
<LI><a href="#[52]">&gt;&gt;</a>&nbsp;&nbsp;&nbsp;PIT2_IRQHandler
<LI><a href="#[81]">&gt;&gt;</a>&nbsp;&nbsp;&nbsp;main
</UL>

<P><STRONG><a name="[ab]"></a>set_motor_pwm</STRONG> (Thumb, 24 bytes, Stack size 16 bytes, motor.o(.text))
<BR><BR>[Stack]<UL><LI>Max Depth = 100<LI>Call Chain = set_motor_pwm &rArr; FTM_PWM_ChangeDuty &rArr; assert_failed &rArr; UART_printf &rArr; printn &rArr;  printn (Cycle)
</UL>
<BR>[Calls]<UL><LI><a href="#[c2]">&gt;&gt;</a>&nbsp;&nbsp;&nbsp;FTM_PWM_ChangeDuty
</UL>
<BR>[Called By]<UL><LI><a href="#[aa]">&gt;&gt;</a>&nbsp;&nbsp;&nbsp;motor_PID
<LI><a href="#[53]">&gt;&gt;</a>&nbsp;&nbsp;&nbsp;PIT3_IRQHandler
<LI><a href="#[a9]">&gt;&gt;</a>&nbsp;&nbsp;&nbsp;stop
</UL>

<P><STRONG><a name="[c4]"></a>de_speed</STRONG> (Thumb, 50 bytes, Stack size 0 bytes, motor.o(.text))
<BR><BR>[Called By]<UL><LI><a href="#[aa]">&gt;&gt;</a>&nbsp;&nbsp;&nbsp;motor_PID
</UL>

<P><STRONG><a name="[c3]"></a>wan_speed</STRONG> (Thumb, 68 bytes, Stack size 0 bytes, motor.o(.text))
<BR><BR>[Called By]<UL><LI><a href="#[aa]">&gt;&gt;</a>&nbsp;&nbsp;&nbsp;motor_PID
</UL>

<P><STRONG><a name="[aa]"></a>motor_PID</STRONG> (Thumb, 372 bytes, Stack size 8 bytes, motor.o(.text))
<BR><BR>[Stack]<UL><LI>Max Depth = 108<LI>Call Chain = motor_PID &rArr; set_motor_pwm &rArr; FTM_PWM_ChangeDuty &rArr; assert_failed &rArr; UART_printf &rArr; printn &rArr;  printn (Cycle)
</UL>
<BR>[Calls]<UL><LI><a href="#[c3]">&gt;&gt;</a>&nbsp;&nbsp;&nbsp;wan_speed
<LI><a href="#[c4]">&gt;&gt;</a>&nbsp;&nbsp;&nbsp;de_speed
<LI><a href="#[ab]">&gt;&gt;</a>&nbsp;&nbsp;&nbsp;set_motor_pwm
</UL>
<BR>[Called By]<UL><LI><a href="#[53]">&gt;&gt;</a>&nbsp;&nbsp;&nbsp;PIT3_IRQHandler
<LI><a href="#[52]">&gt;&gt;</a>&nbsp;&nbsp;&nbsp;PIT2_IRQHandler
<LI><a href="#[a9]">&gt;&gt;</a>&nbsp;&nbsp;&nbsp;stop
</UL>

<P><STRONG><a name="[13e]"></a>protect</STRONG> (Thumb, 78 bytes, Stack size 0 bytes, motor.o(.text), UNUSED)

<P><STRONG><a name="[8f]"></a>motor_init</STRONG> (Thumb, 56 bytes, Stack size 40 bytes, motor.o(.text))
<BR><BR>[Stack]<UL><LI>Max Depth = 156<LI>Call Chain = motor_init &rArr; FTM_Init &rArr; FTM_PWM_ChangeDuty &rArr; assert_failed &rArr; UART_printf &rArr; printn &rArr;  printn (Cycle)
</UL>
<BR>[Calls]<UL><LI><a href="#[c5]">&gt;&gt;</a>&nbsp;&nbsp;&nbsp;FTM_Init
</UL>
<BR>[Called By]<UL><LI><a href="#[81]">&gt;&gt;</a>&nbsp;&nbsp;&nbsp;main
</UL>

<P><STRONG><a name="[90]"></a>encoder_init</STRONG> (Thumb, 24 bytes, Stack size 16 bytes, encoder.o(.text))
<BR><BR>[Stack]<UL><LI>Max Depth = 84<LI>Call Chain = encoder_init &rArr; LPTM_Init &rArr; assert_failed &rArr; UART_printf &rArr; printn &rArr;  printn (Cycle)
</UL>
<BR>[Calls]<UL><LI><a href="#[c6]">&gt;&gt;</a>&nbsp;&nbsp;&nbsp;LPTM_Init
</UL>
<BR>[Called By]<UL><LI><a href="#[81]">&gt;&gt;</a>&nbsp;&nbsp;&nbsp;main
</UL>

<P><STRONG><a name="[b4]"></a>get_encoder</STRONG> (Thumb, 24 bytes, Stack size 8 bytes, encoder.o(.text))
<BR><BR>[Stack]<UL><LI>Max Depth = 68<LI>Call Chain = get_encoder &rArr; LPTM_ResetTimeCounter &rArr; assert_failed &rArr; UART_printf &rArr; printn &rArr;  printn (Cycle)
</UL>
<BR>[Calls]<UL><LI><a href="#[c8]">&gt;&gt;</a>&nbsp;&nbsp;&nbsp;LPTM_ResetTimeCounter
<LI><a href="#[c7]">&gt;&gt;</a>&nbsp;&nbsp;&nbsp;LPTM_GetTimerCounterValue
</UL>
<BR>[Called By]<UL><LI><a href="#[53]">&gt;&gt;</a>&nbsp;&nbsp;&nbsp;PIT3_IRQHandler
<LI><a href="#[52]">&gt;&gt;</a>&nbsp;&nbsp;&nbsp;PIT2_IRQHandler
</UL>

<P><STRONG><a name="[91]"></a>switch_init</STRONG> (Thumb, 264 bytes, Stack size 104 bytes, switch.o(.text))
<BR><BR>[Stack]<UL><LI>Max Depth = 172<LI>Call Chain = switch_init &rArr; GPIO_Init &rArr; assert_failed &rArr; UART_printf &rArr; printn &rArr;  printn (Cycle)
</UL>
<BR>[Calls]<UL><LI><a href="#[a3]">&gt;&gt;</a>&nbsp;&nbsp;&nbsp;GPIO_Init
</UL>
<BR>[Called By]<UL><LI><a href="#[81]">&gt;&gt;</a>&nbsp;&nbsp;&nbsp;main
</UL>

<P><STRONG><a name="[94]"></a>get_speed_switch</STRONG> (Thumb, 86 bytes, Stack size 8 bytes, switch.o(.text))
<BR><BR>[Stack]<UL><LI>Max Depth = 76<LI>Call Chain = get_speed_switch &rArr; GPIO_ReadInputDataBit &rArr; assert_failed &rArr; UART_printf &rArr; printn &rArr;  printn (Cycle)
</UL>
<BR>[Calls]<UL><LI><a href="#[c9]">&gt;&gt;</a>&nbsp;&nbsp;&nbsp;GPIO_ReadInputDataBit
</UL>
<BR>[Called By]<UL><LI><a href="#[81]">&gt;&gt;</a>&nbsp;&nbsp;&nbsp;main
</UL>

<P><STRONG><a name="[95]"></a>is_open_ramp_people_function</STRONG> (Thumb, 26 bytes, Stack size 8 bytes, switch.o(.text))
<BR><BR>[Stack]<UL><LI>Max Depth = 76<LI>Call Chain = is_open_ramp_people_function &rArr; GPIO_ReadInputDataBit &rArr; assert_failed &rArr; UART_printf &rArr; printn &rArr;  printn (Cycle)
</UL>
<BR>[Calls]<UL><LI><a href="#[c9]">&gt;&gt;</a>&nbsp;&nbsp;&nbsp;GPIO_ReadInputDataBit
</UL>
<BR>[Called By]<UL><LI><a href="#[81]">&gt;&gt;</a>&nbsp;&nbsp;&nbsp;main
</UL>

<P><STRONG><a name="[96]"></a>is_open_stop_function</STRONG> (Thumb, 26 bytes, Stack size 8 bytes, switch.o(.text))
<BR><BR>[Stack]<UL><LI>Max Depth = 76<LI>Call Chain = is_open_stop_function &rArr; GPIO_ReadInputDataBit &rArr; assert_failed &rArr; UART_printf &rArr; printn &rArr;  printn (Cycle)
</UL>
<BR>[Calls]<UL><LI><a href="#[c9]">&gt;&gt;</a>&nbsp;&nbsp;&nbsp;GPIO_ReadInputDataBit
</UL>
<BR>[Called By]<UL><LI><a href="#[81]">&gt;&gt;</a>&nbsp;&nbsp;&nbsp;main
</UL>

<P><STRONG><a name="[ca]"></a>set_steer_angle</STRONG> (Thumb, 14 bytes, Stack size 8 bytes, steer.o(.text))
<BR><BR>[Stack]<UL><LI>Max Depth = 92<LI>Call Chain = set_steer_angle &rArr; FTM_PWM_ChangeDuty &rArr; assert_failed &rArr; UART_printf &rArr; printn &rArr;  printn (Cycle)
</UL>
<BR>[Calls]<UL><LI><a href="#[c2]">&gt;&gt;</a>&nbsp;&nbsp;&nbsp;FTM_PWM_ChangeDuty
</UL>
<BR>[Called By]<UL><LI><a href="#[cb]">&gt;&gt;</a>&nbsp;&nbsp;&nbsp;steer_PID_test
<LI><a href="#[b3]">&gt;&gt;</a>&nbsp;&nbsp;&nbsp;steer_PID
</UL>

<P><STRONG><a name="[cb]"></a>steer_PID_test</STRONG> (Thumb, 134 bytes, Stack size 8 bytes, steer.o(.text), UNUSED)
<BR><BR>[Calls]<UL><LI><a href="#[ca]">&gt;&gt;</a>&nbsp;&nbsp;&nbsp;set_steer_angle
</UL>

<P><STRONG><a name="[d7]"></a>cross_road</STRONG> (Thumb, 212 bytes, Stack size 0 bytes, steer.o(.text))
<BR><BR>[Called By]<UL><LI><a href="#[b3]">&gt;&gt;</a>&nbsp;&nbsp;&nbsp;steer_PID
</UL>

<P><STRONG><a name="[d6]"></a>ramp_steer_pwm</STRONG> (Thumb, 228 bytes, Stack size 0 bytes, steer.o(.text))
<BR><BR>[Called By]<UL><LI><a href="#[b3]">&gt;&gt;</a>&nbsp;&nbsp;&nbsp;steer_PID
</UL>

<P><STRONG><a name="[d5]"></a>people_third</STRONG> (Thumb, 70 bytes, Stack size 8 bytes, steer.o(.text))
<BR><BR>[Stack]<UL><LI>Max Depth = 8<LI>Call Chain = people_third
</UL>
<BR>[Called By]<UL><LI><a href="#[b3]">&gt;&gt;</a>&nbsp;&nbsp;&nbsp;steer_PID
</UL>

<P><STRONG><a name="[d4]"></a>people_second</STRONG> (Thumb, 112 bytes, Stack size 12 bytes, steer.o(.text))
<BR><BR>[Stack]<UL><LI>Max Depth = 12<LI>Call Chain = people_second
</UL>
<BR>[Called By]<UL><LI><a href="#[b3]">&gt;&gt;</a>&nbsp;&nbsp;&nbsp;steer_PID
</UL>

<P><STRONG><a name="[d3]"></a>is_people_bent</STRONG> (Thumb, 104 bytes, Stack size 20 bytes, steer.o(.text))
<BR><BR>[Stack]<UL><LI>Max Depth = 20<LI>Call Chain = is_people_bent
</UL>
<BR>[Called By]<UL><LI><a href="#[b3]">&gt;&gt;</a>&nbsp;&nbsp;&nbsp;steer_PID
</UL>

<P><STRONG><a name="[d2]"></a>hold_deadly_pwm</STRONG> (Thumb, 70 bytes, Stack size 0 bytes, steer.o(.text))
<BR><BR>[Called By]<UL><LI><a href="#[b3]">&gt;&gt;</a>&nbsp;&nbsp;&nbsp;steer_PID
</UL>

<P><STRONG><a name="[cf]"></a>straight_speed_Kp_Kd</STRONG> (Thumb, 196 bytes, Stack size 0 bytes, steer.o(.text))
<BR><BR>[Called By]<UL><LI><a href="#[b3]">&gt;&gt;</a>&nbsp;&nbsp;&nbsp;steer_PID
</UL>

<P><STRONG><a name="[d1]"></a>wan_speed_Kp_Kd</STRONG> (Thumb, 144 bytes, Stack size 12 bytes, steer.o(.text))
<BR><BR>[Stack]<UL><LI>Max Depth = 12<LI>Call Chain = wan_speed_Kp_Kd
</UL>
<BR>[Called By]<UL><LI><a href="#[b3]">&gt;&gt;</a>&nbsp;&nbsp;&nbsp;steer_PID
</UL>

<P><STRONG><a name="[d0]"></a>whereIsRoad</STRONG> (Thumb, 122 bytes, Stack size 20 bytes, steer.o(.text))
<BR><BR>[Stack]<UL><LI>Max Depth = 20<LI>Call Chain = whereIsRoad
</UL>
<BR>[Called By]<UL><LI><a href="#[b3]">&gt;&gt;</a>&nbsp;&nbsp;&nbsp;steer_PID
</UL>

<P><STRONG><a name="[ce]"></a>speed_Kp_Kd</STRONG> (Thumb, 484 bytes, Stack size 8 bytes, steer.o(.text))
<BR><BR>[Stack]<UL><LI>Max Depth = 8<LI>Call Chain = speed_Kp_Kd
</UL>
<BR>[Called By]<UL><LI><a href="#[b3]">&gt;&gt;</a>&nbsp;&nbsp;&nbsp;steer_PID
</UL>

<P><STRONG><a name="[cd]"></a>delete_wan_speed</STRONG> (Thumb, 150 bytes, Stack size 0 bytes, steer.o(.text))
<BR><BR>[Called By]<UL><LI><a href="#[b3]">&gt;&gt;</a>&nbsp;&nbsp;&nbsp;steer_PID
</UL>

<P><STRONG><a name="[cc]"></a>memory_turn</STRONG> (Thumb, 470 bytes, Stack size 0 bytes, steer.o(.text))
<BR><BR>[Called By]<UL><LI><a href="#[b3]">&gt;&gt;</a>&nbsp;&nbsp;&nbsp;steer_PID
</UL>

<P><STRONG><a name="[b3]"></a>steer_PID</STRONG> (Thumb, 1126 bytes, Stack size 16 bytes, steer.o(.text))
<BR><BR>[Stack]<UL><LI>Max Depth = 108<LI>Call Chain = steer_PID &rArr; set_steer_angle &rArr; FTM_PWM_ChangeDuty &rArr; assert_failed &rArr; UART_printf &rArr; printn &rArr;  printn (Cycle)
</UL>
<BR>[Calls]<UL><LI><a href="#[cc]">&gt;&gt;</a>&nbsp;&nbsp;&nbsp;memory_turn
<LI><a href="#[cd]">&gt;&gt;</a>&nbsp;&nbsp;&nbsp;delete_wan_speed
<LI><a href="#[ce]">&gt;&gt;</a>&nbsp;&nbsp;&nbsp;speed_Kp_Kd
<LI><a href="#[d0]">&gt;&gt;</a>&nbsp;&nbsp;&nbsp;whereIsRoad
<LI><a href="#[d1]">&gt;&gt;</a>&nbsp;&nbsp;&nbsp;wan_speed_Kp_Kd
<LI><a href="#[cf]">&gt;&gt;</a>&nbsp;&nbsp;&nbsp;straight_speed_Kp_Kd
<LI><a href="#[d2]">&gt;&gt;</a>&nbsp;&nbsp;&nbsp;hold_deadly_pwm
<LI><a href="#[d3]">&gt;&gt;</a>&nbsp;&nbsp;&nbsp;is_people_bent
<LI><a href="#[d4]">&gt;&gt;</a>&nbsp;&nbsp;&nbsp;people_second
<LI><a href="#[d5]">&gt;&gt;</a>&nbsp;&nbsp;&nbsp;people_third
<LI><a href="#[d6]">&gt;&gt;</a>&nbsp;&nbsp;&nbsp;ramp_steer_pwm
<LI><a href="#[d7]">&gt;&gt;</a>&nbsp;&nbsp;&nbsp;cross_road
<LI><a href="#[ca]">&gt;&gt;</a>&nbsp;&nbsp;&nbsp;set_steer_angle
<LI><a href="#[99]">&gt;&gt;</a>&nbsp;&nbsp;&nbsp;bell_open
<LI><a href="#[9b]">&gt;&gt;</a>&nbsp;&nbsp;&nbsp;bell_close
</UL>
<BR>[Called By]<UL><LI><a href="#[53]">&gt;&gt;</a>&nbsp;&nbsp;&nbsp;PIT3_IRQHandler
<LI><a href="#[52]">&gt;&gt;</a>&nbsp;&nbsp;&nbsp;PIT2_IRQHandler
</UL>

<P><STRONG><a name="[13f]"></a>left_right_wrong</STRONG> (Thumb, 22 bytes, Stack size 0 bytes, steer.o(.text), UNUSED)

<P><STRONG><a name="[140]"></a>ramp_middle</STRONG> (Thumb, 96 bytes, Stack size 12 bytes, steer.o(.text), UNUSED)

<P><STRONG><a name="[141]"></a>confirm_people_bent</STRONG> (Thumb, 76 bytes, Stack size 8 bytes, steer.o(.text), UNUSED)

<P><STRONG><a name="[8b]"></a>steer_init</STRONG> (Thumb, 100 bytes, Stack size 32 bytes, steer.o(.text))
<BR><BR>[Stack]<UL><LI>Max Depth = 148<LI>Call Chain = steer_init &rArr; FTM_Init &rArr; FTM_PWM_ChangeDuty &rArr; assert_failed &rArr; UART_printf &rArr; printn &rArr;  printn (Cycle)
</UL>
<BR>[Calls]<UL><LI><a href="#[c5]">&gt;&gt;</a>&nbsp;&nbsp;&nbsp;FTM_Init
<LI><a href="#[a3]">&gt;&gt;</a>&nbsp;&nbsp;&nbsp;GPIO_Init
</UL>
<BR>[Called By]<UL><LI><a href="#[81]">&gt;&gt;</a>&nbsp;&nbsp;&nbsp;main
</UL>

<P><STRONG><a name="[142]"></a>turn_where</STRONG> (Thumb, 38 bytes, Stack size 0 bytes, steer.o(.text), UNUSED)

<P><STRONG><a name="[d8]"></a>changeParameter</STRONG> (Thumb, 162 bytes, Stack size 16 bytes, steer.o(.text), UNUSED)
<BR><BR>[Calls]<UL><LI><a href="#[d9]">&gt;&gt;</a>&nbsp;&nbsp;&nbsp;UART_SendData
<LI><a href="#[af]">&gt;&gt;</a>&nbsp;&nbsp;&nbsp;EnableInterrupts
<LI><a href="#[a8]">&gt;&gt;</a>&nbsp;&nbsp;&nbsp;UART_printf
</UL>

<P><STRONG><a name="[98]"></a>bell_init</STRONG> (Thumb, 36 bytes, Stack size 16 bytes, bell.o(.text))
<BR><BR>[Stack]<UL><LI>Max Depth = 84<LI>Call Chain = bell_init &rArr; GPIO_Init &rArr; assert_failed &rArr; UART_printf &rArr; printn &rArr;  printn (Cycle)
</UL>
<BR>[Calls]<UL><LI><a href="#[a3]">&gt;&gt;</a>&nbsp;&nbsp;&nbsp;GPIO_Init
</UL>
<BR>[Called By]<UL><LI><a href="#[81]">&gt;&gt;</a>&nbsp;&nbsp;&nbsp;main
</UL>

<P><STRONG><a name="[99]"></a>bell_open</STRONG> (Thumb, 12 bytes, Stack size 8 bytes, bell.o(.text))
<BR><BR>[Stack]<UL><LI>Max Depth = 76<LI>Call Chain = bell_open &rArr; GPIO_SetBits &rArr; assert_failed &rArr; UART_printf &rArr; printn &rArr;  printn (Cycle)
</UL>
<BR>[Calls]<UL><LI><a href="#[a5]">&gt;&gt;</a>&nbsp;&nbsp;&nbsp;GPIO_SetBits
</UL>
<BR>[Called By]<UL><LI><a href="#[da]">&gt;&gt;</a>&nbsp;&nbsp;&nbsp;bell_open_ms
<LI><a href="#[b3]">&gt;&gt;</a>&nbsp;&nbsp;&nbsp;steer_PID
<LI><a href="#[53]">&gt;&gt;</a>&nbsp;&nbsp;&nbsp;PIT3_IRQHandler
<LI><a href="#[a9]">&gt;&gt;</a>&nbsp;&nbsp;&nbsp;stop
<LI><a href="#[81]">&gt;&gt;</a>&nbsp;&nbsp;&nbsp;main
</UL>

<P><STRONG><a name="[9b]"></a>bell_close</STRONG> (Thumb, 12 bytes, Stack size 8 bytes, bell.o(.text))
<BR><BR>[Stack]<UL><LI>Max Depth = 76<LI>Call Chain = bell_close &rArr; GPIO_ResetBits &rArr; assert_failed &rArr; UART_printf &rArr; printn &rArr;  printn (Cycle)
</UL>
<BR>[Calls]<UL><LI><a href="#[a6]">&gt;&gt;</a>&nbsp;&nbsp;&nbsp;GPIO_ResetBits
</UL>
<BR>[Called By]<UL><LI><a href="#[da]">&gt;&gt;</a>&nbsp;&nbsp;&nbsp;bell_open_ms
<LI><a href="#[b3]">&gt;&gt;</a>&nbsp;&nbsp;&nbsp;steer_PID
<LI><a href="#[53]">&gt;&gt;</a>&nbsp;&nbsp;&nbsp;PIT3_IRQHandler
<LI><a href="#[a9]">&gt;&gt;</a>&nbsp;&nbsp;&nbsp;stop
<LI><a href="#[81]">&gt;&gt;</a>&nbsp;&nbsp;&nbsp;main
</UL>

<P><STRONG><a name="[da]"></a>bell_open_ms</STRONG> (Thumb, 40 bytes, Stack size 8 bytes, bell.o(.text), UNUSED)
<BR><BR>[Calls]<UL><LI><a href="#[99]">&gt;&gt;</a>&nbsp;&nbsp;&nbsp;bell_open
<LI><a href="#[9b]">&gt;&gt;</a>&nbsp;&nbsp;&nbsp;bell_close
</UL>

<P><STRONG><a name="[dc]"></a>Display_Char</STRONG> (Thumb, 50 bytes, Stack size 20 bytes, oled.o(.text))
<BR><BR>[Stack]<UL><LI>Max Depth = 20<LI>Call Chain = Display_Char
</UL>
<BR>[Called By]<UL><LI><a href="#[db]">&gt;&gt;</a>&nbsp;&nbsp;&nbsp;Display_String
</UL>

<P><STRONG><a name="[db]"></a>Display_String</STRONG> (Thumb, 36 bytes, Stack size 20 bytes, oled.o(.text))
<BR><BR>[Stack]<UL><LI>Max Depth = 40<LI>Call Chain = Display_String &rArr; Display_Char
</UL>
<BR>[Calls]<UL><LI><a href="#[dc]">&gt;&gt;</a>&nbsp;&nbsp;&nbsp;Display_Char
</UL>
<BR>[Called By]<UL><LI><a href="#[dd]">&gt;&gt;</a>&nbsp;&nbsp;&nbsp;Display_Number
<LI><a href="#[a0]">&gt;&gt;</a>&nbsp;&nbsp;&nbsp;Display_Pixel
<LI><a href="#[9f]">&gt;&gt;</a>&nbsp;&nbsp;&nbsp;Display_Info
</UL>

<P><STRONG><a name="[de]"></a>ValueOf</STRONG> (Thumb, 88 bytes, Stack size 16 bytes, oled.o(.text))
<BR><BR>[Stack]<UL><LI>Max Depth = 16<LI>Call Chain = ValueOf
</UL>
<BR>[Called By]<UL><LI><a href="#[dd]">&gt;&gt;</a>&nbsp;&nbsp;&nbsp;Display_Number
</UL>

<P><STRONG><a name="[dd]"></a>Display_Number</STRONG> (Thumb, 40 bytes, Stack size 40 bytes, oled.o(.text))
<BR><BR>[Stack]<UL><LI>Max Depth = 80<LI>Call Chain = Display_Number &rArr; Display_String &rArr; Display_Char
</UL>
<BR>[Calls]<UL><LI><a href="#[de]">&gt;&gt;</a>&nbsp;&nbsp;&nbsp;ValueOf
<LI><a href="#[db]">&gt;&gt;</a>&nbsp;&nbsp;&nbsp;Display_String
<LI><a href="#[be]">&gt;&gt;</a>&nbsp;&nbsp;&nbsp;__aeabi_memclr4
</UL>
<BR>[Called By]<UL><LI><a href="#[a0]">&gt;&gt;</a>&nbsp;&nbsp;&nbsp;Display_Pixel
<LI><a href="#[9f]">&gt;&gt;</a>&nbsp;&nbsp;&nbsp;Display_Info
</UL>

<P><STRONG><a name="[df]"></a>Clean_Screen</STRONG> (Thumb, 20 bytes, Stack size 0 bytes, oled.o(.text))
<BR><BR>[Called By]<UL><LI><a href="#[9f]">&gt;&gt;</a>&nbsp;&nbsp;&nbsp;Display_Info
</UL>

<P><STRONG><a name="[9f]"></a>Display_Info</STRONG> (Thumb, 462 bytes, Stack size 16 bytes, oled.o(.text))
<BR><BR>[Stack]<UL><LI>Max Depth = 96<LI>Call Chain = Display_Info &rArr; Display_Number &rArr; Display_String &rArr; Display_Char
</UL>
<BR>[Calls]<UL><LI><a href="#[df]">&gt;&gt;</a>&nbsp;&nbsp;&nbsp;Clean_Screen
<LI><a href="#[dd]">&gt;&gt;</a>&nbsp;&nbsp;&nbsp;Display_Number
<LI><a href="#[db]">&gt;&gt;</a>&nbsp;&nbsp;&nbsp;Display_String
</UL>
<BR>[Called By]<UL><LI><a href="#[81]">&gt;&gt;</a>&nbsp;&nbsp;&nbsp;main
</UL>

<P><STRONG><a name="[e0]"></a>Write_IIC_Byte</STRONG> (Thumb, 86 bytes, Stack size 16 bytes, oled.o(.text))
<BR><BR>[Stack]<UL><LI>Max Depth = 84<LI>Call Chain = Write_IIC_Byte &rArr; GPIO_SetBits &rArr; assert_failed &rArr; UART_printf &rArr; printn &rArr;  printn (Cycle)
</UL>
<BR>[Calls]<UL><LI><a href="#[a5]">&gt;&gt;</a>&nbsp;&nbsp;&nbsp;GPIO_SetBits
[...]
<BR><BR>[Calls]<UL><LI><a href="#[a7]">&gt;&gt;</a>&nbsp;&nbsp;&nbsp;assert_failed
</UL>

<P><STRONG><a name="[f4]"></a>GPIO_ReadOutputData</STRONG> (Thumb, 60 bytes, Stack size 8 bytes, gpio.o(.text), UNUSED)
<BR><BR>[Calls]<UL><LI><a href="#[a7]">&gt;&gt;</a>&nbsp;&nbsp;&nbsp;assert_failed
</UL>

<P><STRONG><a name="[c9]"></a>GPIO_ReadInputDataBit</STRONG> (Thumb, 96 bytes, Stack size 16 bytes, gpio.o(.text))
<BR><BR>[Stack]<UL><LI>Max Depth = 68<LI>Call Chain = GPIO_ReadInputDataBit &rArr; assert_failed &rArr; UART_printf &rArr; printn &rArr;  printn (Cycle)
</UL>
<BR>[Calls]<UL><LI><a href="#[a7]">&gt;&gt;</a>&nbsp;&nbsp;&nbsp;assert_failed
</UL>
<BR>[Called By]<UL><LI><a href="#[96]">&gt;&gt;</a>&nbsp;&nbsp;&nbsp;is_open_stop_function
<LI><a href="#[95]">&gt;&gt;</a>&nbsp;&nbsp;&nbsp;is_open_ramp_people_function
<LI><a href="#[94]">&gt;&gt;</a>&nbsp;&nbsp;&nbsp;get_speed_switch
</UL>

<P><STRONG><a name="[f5]"></a>GPIO_ReadInputData</STRONG> (Thumb, 58 bytes, Stack size 8 bytes, gpio.o(.text), UNUSED)
<BR><BR>[Calls]<UL><LI><a href="#[a7]">&gt;&gt;</a>&nbsp;&nbsp;&nbsp;assert_failed
</UL>

<P><STRONG><a name="[9d]"></a>PIT_Init</STRONG> (Thumb, 154 bytes, Stack size 16 bytes, pit.o(.text))
<BR><BR>[Stack]<UL><LI>Max Depth = 68<LI>Call Chain = PIT_Init &rArr; assert_failed &rArr; UART_printf &rArr; printn &rArr;  printn (Cycle)
</UL>
<BR>[Calls]<UL><LI><a href="#[e8]">&gt;&gt;</a>&nbsp;&nbsp;&nbsp;GetCPUInfo
<LI><a href="#[a7]">&gt;&gt;</a>&nbsp;&nbsp;&nbsp;assert_failed
</UL>
<BR>[Called By]<UL><LI><a href="#[81]">&gt;&gt;</a>&nbsp;&nbsp;&nbsp;main
</UL>

<P><STRONG><a name="[f6]"></a>PIT_GetLoadValue</STRONG> (Thumb, 38 bytes, Stack size 8 bytes, pit.o(.text), UNUSED)
<BR><BR>[Calls]<UL><LI><a href="#[a7]">&gt;&gt;</a>&nbsp;&nbsp;&nbsp;assert_failed
</UL>

<P><STRONG><a name="[f7]"></a>PIT_GetCurrentValue</STRONG> (Thumb, 38 bytes, Stack size 8 bytes, pit.o(.text), UNUSED)
<BR><BR>[Calls]<UL><LI><a href="#[a7]">&gt;&gt;</a>&nbsp;&nbsp;&nbsp;assert_failed
</UL>

<P><STRONG><a name="[f8]"></a>PIT_SetLoadValue</STRONG> (Thumb, 40 bytes, Stack size 16 bytes, pit.o(.text), UNUSED)
<BR><BR>[Calls]<UL><LI><a href="#[a7]">&gt;&gt;</a>&nbsp;&nbsp;&nbsp;assert_failed
</UL>

<P><STRONG><a name="[f9]"></a>PIT_Start</STRONG> (Thumb, 50 bytes, Stack size 8 bytes, pit.o(.text), UNUSED)
<BR><BR>[Calls]<UL><LI><a href="#[a7]">&gt;&gt;</a>&nbsp;&nbsp;&nbsp;assert_failed
</UL>

<P><STRONG><a name="[fa]"></a>PIT_Stop</STRONG> (Thumb, 50 bytes, Stack size 8 bytes, pit.o(.text), UNUSED)
<BR><BR>[Calls]<UL><LI><a href="#[a7]">&gt;&gt;</a>&nbsp;&nbsp;&nbsp;assert_failed
</UL>

<P><STRONG><a name="[9e]"></a>PIT_ITConfig</STRONG> (Thumb, 220 bytes, Stack size 16 bytes, pit.o(.text))
<BR><BR>[Stack]<UL><LI>Max Depth = 68<LI>Call Chain = PIT_ITConfig &rArr; assert_failed &rArr; UART_printf &rArr; printn &rArr;  printn (Cycle)
</UL>
<BR>[Calls]<UL><LI><a href="#[a7]">&gt;&gt;</a>&nbsp;&nbsp;&nbsp;assert_failed
<LI><a href="#[fc]">&gt;&gt;</a>&nbsp;&nbsp;&nbsp;NVIC_DisableIRQ
<LI><a href="#[fb]">&gt;&gt;</a>&nbsp;&nbsp;&nbsp;NVIC_EnableIRQ
</UL>
<BR>[Called By]<UL><LI><a href="#[81]">&gt;&gt;</a>&nbsp;&nbsp;&nbsp;main
</UL>

<P><STRONG><a name="[fd]"></a>PIT_GetITStatus</STRONG> (Thumb, 70 bytes, Stack size 16 bytes, pit.o(.text), UNUSED)
<BR><BR>[Calls]<UL><LI><a href="#[a7]">&gt;&gt;</a>&nbsp;&nbsp;&nbsp;assert_failed
</UL>

<P><STRONG><a name="[b6]"></a>PIT_ClearITPendingBit</STRONG> (Thumb, 64 bytes, Stack size 16 bytes, pit.o(.text))
<BR><BR>[Stack]<UL><LI>Max Depth = 68<LI>Call Chain = PIT_ClearITPendingBit &rArr; assert_failed &rArr; UART_printf &rArr; printn &rArr;  printn (Cycle)
</UL>
<BR>[Calls]<UL><LI><a href="#[a7]">&gt;&gt;</a>&nbsp;&nbsp;&nbsp;assert_failed
</UL>
<BR>[Called By]<UL><LI><a href="#[53]">&gt;&gt;</a>&nbsp;&nbsp;&nbsp;PIT3_IRQHandler
<LI><a href="#[52]">&gt;&gt;</a>&nbsp;&nbsp;&nbsp;PIT2_IRQHandler
</UL>

<P><STRONG><a name="[b7]"></a>ADC_Init</STRONG> (Thumb, 594 bytes, Stack size 24 bytes, adc.o(.text))
<BR><BR>[Stack]<UL><LI>Max Depth = 76<LI>Call Chain = ADC_Init &rArr; assert_failed &rArr; UART_printf &rArr; printn &rArr;  printn (Cycle)
</UL>
<BR>[Calls]<UL><LI><a href="#[a7]">&gt;&gt;</a>&nbsp;&nbsp;&nbsp;assert_failed
<LI><a href="#[fe]">&gt;&gt;</a>&nbsp;&nbsp;&nbsp;ADC_Cal
</UL>
<BR>[Called By]<UL><LI><a href="#[93]">&gt;&gt;</a>&nbsp;&nbsp;&nbsp;gyro_init
<LI><a href="#[8e]">&gt;&gt;</a>&nbsp;&nbsp;&nbsp;CCD3_init
<LI><a href="#[8d]">&gt;&gt;</a>&nbsp;&nbsp;&nbsp;CCD2_init
<LI><a href="#[8c]">&gt;&gt;</a>&nbsp;&nbsp;&nbsp;CCD1_init
</UL>

<P><STRONG><a name="[ba]"></a>ADC_GetConversionValue</STRONG> (Thumb, 116 bytes, Stack size 8 bytes, adc.o(.text))
<BR><BR>[Stack]<UL><LI>Max Depth = 8<LI>Call Chain = ADC_GetConversionValue
</UL>
<BR>[Called By]<UL><LI><a href="#[bd]">&gt;&gt;</a>&nbsp;&nbsp;&nbsp;CCD3_Value
<LI><a href="#[bb]">&gt;&gt;</a>&nbsp;&nbsp;&nbsp;CCD2_Value
<LI><a href="#[b8]">&gt;&gt;</a>&nbsp;&nbsp;&nbsp;CCD1_Value
<LI><a href="#[b2]">&gt;&gt;</a>&nbsp;&nbsp;&nbsp;get_gyro_value
</UL>

<P><STRONG><a name="[ff]"></a>ADC_ITConfig</STRONG> (Thumb, 144 bytes, Stack size 24 bytes, adc.o(.text), UNUSED)
<BR><BR>[Calls]<UL><LI><a href="#[a7]">&gt;&gt;</a>&nbsp;&nbsp;&nbsp;assert_failed
<LI><a href="#[100]">&gt;&gt;</a>&nbsp;&nbsp;&nbsp;NVIC_EnableIRQ
</UL>

<P><STRONG><a name="[101]"></a>ADC_GetITStatus</STRONG> (Thumb, 90 bytes, Stack size 24 bytes, adc.o(.text), UNUSED)
<BR><BR>[Calls]<UL><LI><a href="#[a7]">&gt;&gt;</a>&nbsp;&nbsp;&nbsp;assert_failed
</UL>

<P><STRONG><a name="[102]"></a>ADC_DMACmd</STRONG> (Thumb, 90 bytes, Stack size 16 bytes, adc.o(.text), UNUSED)
<BR><BR>[Calls]<UL><LI><a href="#[a7]">&gt;&gt;</a>&nbsp;&nbsp;&nbsp;assert_failed
</UL>

<P><STRONG><a name="[103]"></a>UART_Init</STRONG> (Thumb, 592 bytes, Stack size 32 bytes, uart.o(.text))
<BR><BR>[Stack]<UL><LI>Max Depth = 84<LI>Call Chain = UART_Init &rArr; assert_failed &rArr; UART_printf &rArr; printn &rArr;  printn (Cycle)
</UL>
<BR>[Calls]<UL><LI><a href="#[e8]">&gt;&gt;</a>&nbsp;&nbsp;&nbsp;GetCPUInfo
<LI><a href="#[a7]">&gt;&gt;</a>&nbsp;&nbsp;&nbsp;assert_failed
</UL>
<BR>[Called By]<UL><LI><a href="#[88]">&gt;&gt;</a>&nbsp;&nbsp;&nbsp;UART_DebugPortInit
</UL>

<P><STRONG><a name="[88]"></a>UART_DebugPortInit</STRONG> (Thumb, 94 bytes, Stack size 32 bytes, uart.o(.text))
<BR><BR>[Stack]<UL><LI>Max Depth = 116<LI>Call Chain = UART_DebugPortInit &rArr; UART_Init &rArr; assert_failed &rArr; UART_printf &rArr; printn &rArr;  printn (Cycle)
</UL>
<BR>[Calls]<UL><LI><a href="#[103]">&gt;&gt;</a>&nbsp;&nbsp;&nbsp;UART_Init
</UL>
<BR>[Called By]<UL><LI><a href="#[81]">&gt;&gt;</a>&nbsp;&nbsp;&nbsp;main
</UL>

<P><STRONG><a name="[89]"></a>UART_ITConfig</STRONG> (Thumb, 306 bytes, Stack size 16 bytes, uart.o(.text))
<BR><BR>[Stack]<UL><LI>Max Depth = 68<LI>Call Chain = UART_ITConfig &rArr; assert_failed &rArr; UART_printf &rArr; printn &rArr;  printn (Cycle)
</UL>
<BR>[Calls]<UL><LI><a href="#[a7]">&gt;&gt;</a>&nbsp;&nbsp;&nbsp;assert_failed
<LI><a href="#[104]">&gt;&gt;</a>&nbsp;&nbsp;&nbsp;NVIC_EnableIRQ
</UL>
<BR>[Called By]<UL><LI><a href="#[81]">&gt;&gt;</a>&nbsp;&nbsp;&nbsp;main
</UL>

<P><STRONG><a name="[105]"></a>UART_GetITStatus</STRONG> (Thumb, 276 bytes, Stack size 16 bytes, uart.o(.text), UNUSED)
<BR><BR>[Calls]<UL><LI><a href="#[a7]">&gt;&gt;</a>&nbsp;&nbsp;&nbsp;assert_failed
</UL>

<P><STRONG><a name="[d9]"></a>UART_SendData</STRONG> (Thumb, 14 bytes, Stack size 0 bytes, uart.o(.text))
<BR><BR>[Called By]<UL><LI><a href="#[d8]">&gt;&gt;</a>&nbsp;&nbsp;&nbsp;changeParameter
<LI><a href="#[a8]">&gt;&gt;</a>&nbsp;&nbsp;&nbsp;UART_printf
<LI><a href="#[10a]">&gt;&gt;</a>&nbsp;&nbsp;&nbsp;printn
<LI><a href="#[109]">&gt;&gt;</a>&nbsp;&nbsp;&nbsp;UART_puts
</UL>

<P><STRONG><a name="[106]"></a>UART_SendDataInt</STRONG> (Thumb, 98 bytes, Stack size 16 bytes, uart.o(.text), UNUSED)
<BR><BR>[Calls]<UL><LI><a href="#[a7]">&gt;&gt;</a>&nbsp;&nbsp;&nbsp;assert_failed
<LI><a href="#[107]">&gt;&gt;</a>&nbsp;&nbsp;&nbsp;__aeabi_memcpy
</UL>

<P><STRONG><a name="[108]"></a>UART_DMACmd</STRONG> (Thumb, 162 bytes, Stack size 16 bytes, uart.o(.text), UNUSED)
<BR><BR>[Calls]<UL><LI><a href="#[a7]">&gt;&gt;</a>&nbsp;&nbsp;&nbsp;assert_failed
</UL>

<P><STRONG><a name="[ad]"></a>UART_SendDataIntProcess</STRONG> (Thumb, 82 bytes, Stack size 0 bytes, uart.o(.text))
<BR><BR>[Called By]<UL><LI><a href="#[3d]">&gt;&gt;</a>&nbsp;&nbsp;&nbsp;UART2_RX_TX_IRQHandler
</UL>

<P><STRONG><a name="[ae]"></a>UART_ReceiveData</STRONG> (Thumb, 22 bytes, Stack size 0 bytes, uart.o(.text))
<BR><BR>[Called By]<UL><LI><a href="#[3d]">&gt;&gt;</a>&nbsp;&nbsp;&nbsp;UART2_RX_TX_IRQHandler
</UL>

<P><STRONG><a name="[a8]"></a>UART_printf</STRONG> (Thumb, 106 bytes, Stack size 32 bytes, uart.o(.text))
<BR><BR>[Stack]<UL><LI>Max Depth = 52<LI>Call Chain = UART_printf &rArr; printn &rArr;  printn (Cycle)
</UL>
<BR>[Calls]<UL><LI><a href="#[d9]">&gt;&gt;</a>&nbsp;&nbsp;&nbsp;UART_SendData
<LI><a href="#[10a]">&gt;&gt;</a>&nbsp;&nbsp;&nbsp;printn
<LI><a href="#[109]">&gt;&gt;</a>&nbsp;&nbsp;&nbsp;UART_puts
</UL>
<BR>[Called By]<UL><LI><a href="#[d8]">&gt;&gt;</a>&nbsp;&nbsp;&nbsp;changeParameter
<LI><a href="#[a7]">&gt;&gt;</a>&nbsp;&nbsp;&nbsp;assert_failed
<LI><a href="#[10b]">&gt;&gt;</a>&nbsp;&nbsp;&nbsp;DisplayCPUInfo
</UL>

<P><STRONG><a name="[10b]"></a>DisplayCPUInfo</STRONG> (Thumb, 336 bytes, Stack size 16 bytes, uart.o(.text), UNUSED)
<BR><BR>[Calls]<UL><LI><a href="#[10c]">&gt;&gt;</a>&nbsp;&nbsp;&nbsp;GetFWVersion
<LI><a href="#[a8]">&gt;&gt;</a>&nbsp;&nbsp;&nbsp;UART_printf
</UL>

<P><STRONG><a name="[c6]"></a>LPTM_Init</STRONG> (Thumb, 306 bytes, Stack size 16 bytes, lptm.o(.text))
<BR><BR>[Stack]<UL><LI>Max Depth = 68<LI>Call Chain = LPTM_Init &rArr; assert_failed &rArr; UART_printf &rArr; printn &rArr;  printn (Cycle)
</UL>
<BR>[Calls]<UL><LI><a href="#[a7]">&gt;&gt;</a>&nbsp;&nbsp;&nbsp;assert_failed
</UL>
<BR>[Called By]<UL><LI><a href="#[90]">&gt;&gt;</a>&nbsp;&nbsp;&nbsp;encoder_init
</UL>

<P><STRONG><a name="[10d]"></a>LPTM_SetCompareValue</STRONG> (Thumb, 28 bytes, Stack size 16 bytes, lptm.o(.text), UNUSED)
<BR><BR>[Calls]<UL><LI><a href="#[a7]">&gt;&gt;</a>&nbsp;&nbsp;&nbsp;assert_failed
</UL>

<P><STRONG><a name="[10e]"></a>LPTM_GetCompareValue</STRONG> (Thumb, 26 bytes, Stack size 8 bytes, lptm.o(.text), UNUSED)
<BR><BR>[Calls]<UL><LI><a href="#[a7]">&gt;&gt;</a>&nbsp;&nbsp;&nbsp;assert_failed
</UL>

<P><STRONG><a name="[c7]"></a>LPTM_GetTimerCounterValue</STRONG> (Thumb, 26 bytes, Stack size 8 bytes, lptm.o(.text))
<BR><BR>[Stack]<UL><LI>Max Depth = 60<LI>Call Chain = LPTM_GetTimerCounterValue &rArr; assert_failed &rArr; UART_printf &rArr; printn &rArr;  printn (Cycle)
</UL>
<BR>[Calls]<UL><LI><a href="#[a7]">&gt;&gt;</a>&nbsp;&nbsp;&nbsp;assert_failed
</UL>
<BR>[Called By]<UL><LI><a href="#[b4]">&gt;&gt;</a>&nbsp;&nbsp;&nbsp;get_encoder
</UL>

<P><STRONG><a name="[10f]"></a>LPTM_ITConfig</STRONG> (Thumb, 82 bytes, Stack size 16 bytes, lptm.o(.text), UNUSED)
<BR><BR>[Calls]<UL><LI><a href="#[a7]">&gt;&gt;</a>&nbsp;&nbsp;&nbsp;assert_failed
</UL>

<P><STRONG><a name="[110]"></a>LPTM_GetITStatus</STRONG> (Thumb, 42 bytes, Stack size 16 bytes, lptm.o(.text), UNUSED)
<BR><BR>[Calls]<UL><LI><a href="#[a7]">&gt;&gt;</a>&nbsp;&nbsp;&nbsp;assert_failed
</UL>
<BR>[Called By]<UL><LI><a href="#[112]">&gt;&gt;</a>&nbsp;&nbsp;&nbsp;LPTM_DelayMs
</UL>

<P><STRONG><a name="[111]"></a>LPTM_ClearITPendingBit</STRONG> (Thumb, 34 bytes, Stack size 16 bytes, lptm.o(.text), UNUSED)
<BR><BR>[Calls]<UL><LI><a href="#[a7]">&gt;&gt;</a>&nbsp;&nbsp;&nbsp;assert_failed
</UL>

<P><STRONG><a name="[112]"></a>LPTM_DelayMs</STRONG> (Thumb, 74 bytes, Stack size 16 bytes, lptm.o(.text), UNUSED)
<BR><BR>[Calls]<UL><LI><a href="#[a7]">&gt;&gt;</a>&nbsp;&nbsp;&nbsp;assert_failed
<LI><a href="#[110]">&gt;&gt;</a>&nbsp;&nbsp;&nbsp;LPTM_GetITStatus
</UL>

<P><STRONG><a name="[c8]"></a>LPTM_ResetTimeCounter</STRONG> (Thumb, 38 bytes, Stack size 8 bytes, lptm.o(.text))
<BR><BR>[Stack]<UL><LI>Max Depth = 60<LI>Call Chain = LPTM_ResetTimeCounter &rArr; assert_failed &rArr; UART_printf &rArr; printn &rArr;  printn (Cycle)
</UL>
<BR>[Calls]<UL><LI><a href="#[a7]">&gt;&gt;</a>&nbsp;&nbsp;&nbsp;assert_failed
</UL>
<BR>[Called By]<UL><LI><a href="#[b4]">&gt;&gt;</a>&nbsp;&nbsp;&nbsp;get_encoder
</UL>

<P><STRONG><a name="[107]"></a>__aeabi_memcpy</STRONG> (Thumb, 0 bytes, Stack size 0 bytes, rt_memcpy_v6.o(.text), UNUSED)
<BR><BR>[Called By]<UL><LI><a href="#[106]">&gt;&gt;</a>&nbsp;&nbsp;&nbsp;UART_SendDataInt
</UL>

<P><STRONG><a name="[113]"></a>__rt_memcpy</STRONG> (Thumb, 138 bytes, Stack size 0 bytes, rt_memcpy_v6.o(.text), UNUSED)
<BR><BR>[Calls]<UL><LI><a href="#[c1]">&gt;&gt;</a>&nbsp;&nbsp;&nbsp;__aeabi_memcpy4
</UL>

<P><STRONG><a name="[148]"></a>_memcpy_lastbytes</STRONG> (Thumb, 0 bytes, Stack size unknown bytes, rt_memcpy_v6.o(.text), UNUSED)

<P><STRONG><a name="[c1]"></a>__aeabi_memcpy4</STRONG> (Thumb, 0 bytes, Stack size 8 bytes, rt_memcpy_w.o(.text), UNUSED)
<BR><BR>[Called By]<UL><LI><a href="#[c0]">&gt;&gt;</a>&nbsp;&nbsp;&nbsp;guassfilter
<LI><a href="#[113]">&gt;&gt;</a>&nbsp;&nbsp;&nbsp;__rt_memcpy
</UL>

<P><STRONG><a name="[149]"></a>__aeabi_memcpy8</STRONG> (Thumb, 0 bytes, Stack size 8 bytes, rt_memcpy_w.o(.text), UNUSED)

<P><STRONG><a name="[14a]"></a>__rt_memcpy_w</STRONG> (Thumb, 100 bytes, Stack size 8 bytes, rt_memcpy_w.o(.text), UNUSED)

<P><STRONG><a name="[14b]"></a>_memcpy_lastbytes_aligned</STRONG> (Thumb, 0 bytes, Stack size unknown bytes, rt_memcpy_w.o(.text), UNUSED)

<P><STRONG><a name="[be]"></a>__aeabi_memclr4</STRONG> (Thumb, 0 bytes, Stack size 4 bytes, rt_memclr_w.o(.text))
<BR><BR>[Stack]<UL><LI>Max Depth = 4<LI>Call Chain = __aeabi_memclr4
</UL>
<BR>[Called By]<UL><LI><a href="#[dd]">&gt;&gt;</a>&nbsp;&nbsp;&nbsp;Display_Number
<LI><a href="#[bf]">&gt;&gt;</a>&nbsp;&nbsp;&nbsp;Adapted3_Black_Thread
<LI><a href="#[b0]">&gt;&gt;</a>&nbsp;&nbsp;&nbsp;Adapted_Black_Thread
</UL>

<P><STRONG><a name="[14c]"></a>__aeabi_memclr8</STRONG> (Thumb, 0 bytes, Stack size 4 bytes, rt_memclr_w.o(.text), UNUSED)

<P><STRONG><a name="[14d]"></a>__rt_memclr_w</STRONG> (Thumb, 78 bytes, Stack size 4 bytes, rt_memclr_w.o(.text), UNUSED)

<P><STRONG><a name="[14e]"></a>_memset_w</STRONG> (Thumb, 0 bytes, Stack size unknown bytes, rt_memclr_w.o(.text), UNUSED)

<P><STRONG><a name="[14f]"></a>__use_two_region_memory</STRONG> (Thumb, 2 bytes, Stack size 0 bytes, heapauxi.o(.text), UNUSED)

<P><STRONG><a name="[150]"></a>__rt_heap_escrow$2region</STRONG> (Thumb, 2 bytes, Stack size 0 bytes, heapauxi.o(.text), UNUSED)

<P><STRONG><a name="[151]"></a>__rt_heap_expand$2region</STRONG> (Thumb, 2 bytes, Stack size 0 bytes, heapauxi.o(.text), UNUSED)

<P><STRONG><a name="[7e]"></a>__user_setup_stackheap</STRONG> (Thumb, 74 bytes, Stack size 8 bytes, sys_stackheap_outer.o(.text))
<BR><BR>[Stack]<UL><LI>Max Depth = 8 + Unknown Stack Size
<LI>Call Chain = __user_setup_stackheap
</UL>
<BR>[Calls]<UL><LI><a href="#[115]">&gt;&gt;</a>&nbsp;&nbsp;&nbsp;__user_initial_stackheap
<LI><a href="#[114]">&gt;&gt;</a>&nbsp;&nbsp;&nbsp;__user_perproc_libspace
</UL>
<BR>[Called By]<UL><LI><a href="#[7d]">&gt;&gt;</a>&nbsp;&nbsp;&nbsp;__rt_entry_sh
</UL>

<P><STRONG><a name="[82]"></a>exit</STRONG> (Thumb, 12 bytes, Stack size 0 bytes, exit.o(.text))
<BR><BR>[Calls]<UL><LI><a href="#[116]">&gt;&gt;</a>&nbsp;&nbsp;&nbsp;__rt_exit
</UL>
<BR>[Called By]<UL><LI><a href="#[80]">&gt;&gt;</a>&nbsp;&nbsp;&nbsp;__rt_entry_main
</UL>

<P><STRONG><a name="[152]"></a>__user_libspace</STRONG> (Thumb, 8 bytes, Stack size 0 bytes, libspace.o(.text), UNUSED)

<P><STRONG><a name="[114]"></a>__user_perproc_libspace</STRONG> (Thumb, 0 bytes, Stack size 0 bytes, libspace.o(.text))
<BR><BR>[Called By]<UL><LI><a href="#[7e]">&gt;&gt;</a>&nbsp;&nbsp;&nbsp;__user_setup_stackheap
</UL>

<P><STRONG><a name="[153]"></a>__user_perthread_libspace</STRONG> (Thumb, 0 bytes, Stack size 0 bytes, libspace.o(.text), UNUSED)

<P><STRONG><a name="[117]"></a>__rt_fp_status_addr</STRONG> (Thumb, 8 bytes, Stack size 0 bytes, rt_fp_status_addr_intlibspace.o(.text))
<BR><BR>[Called By]<UL><LI><a href="#[7c]">&gt;&gt;</a>&nbsp;&nbsp;&nbsp;_fp_init
</UL>

<P><STRONG><a name="[86]"></a>_sys_exit</STRONG> (Thumb, 8 bytes, Stack size 0 bytes, sys_exit.o(.text))
<BR><BR>[Called By]<UL><LI><a href="#[85]">&gt;&gt;</a>&nbsp;&nbsp;&nbsp;__rt_exit_exit
</UL>

<P><STRONG><a name="[154]"></a>__I$use$semihosting</STRONG> (Thumb, 0 bytes, Stack size 0 bytes, use_no_semi.o(.text), UNUSED)

<P><STRONG><a name="[155]"></a>__use_no_semihosting_swi</STRONG> (Thumb, 2 bytes, Stack size 0 bytes, use_no_semi.o(.text), UNUSED)

<P><STRONG><a name="[156]"></a>__semihosting_library_function</STRONG> (Thumb, 0 bytes, Stack size 8 bytes, indicate_semi.o(.text), UNUSED)

<P><STRONG><a name="[7c]"></a>_fp_init</STRONG> (Thumb, 14 bytes, Stack size 8 bytes, fpinit.o(x$fpl$fpinit))
<BR><BR>[Stack]<UL><LI>Max Depth = 8<LI>Call Chain = _fp_init
</UL>
<BR>[Calls]<UL><LI><a href="#[117]">&gt;&gt;</a>&nbsp;&nbsp;&nbsp;__rt_fp_status_addr
</UL>
<BR>[Called By]<UL><LI><a href="#[7b]">&gt;&gt;</a>&nbsp;&nbsp;&nbsp;__rt_lib_init
</UL>

<P><STRONG><a name="[157]"></a>__fplib_config_pureend_doubles</STRONG> (Thumb, 0 bytes, Stack size unknown bytes, fpinit.o(x$fpl$fpinit), UNUSED)
<P>
<H3>
Local Symbols
</H3>
<P><STRONG><a name="[ac]"></a>NVIC_DisableIRQ</STRONG> (Thumb, 18 bytes, Stack size 0 bytes, isr.o(.text))
<BR><BR>[Called By]<UL><LI><a href="#[53]">&gt;&gt;</a>&nbsp;&nbsp;&nbsp;PIT3_IRQHandler
<LI><a href="#[3d]">&gt;&gt;</a>&nbsp;&nbsp;&nbsp;UART2_RX_TX_IRQHandler
<LI><a href="#[a9]">&gt;&gt;</a>&nbsp;&nbsp;&nbsp;stop
</UL>

<P><STRONG><a name="[eb]"></a>FTM_PWM_SetMode</STRONG> (Thumb, 1076 bytes, Stack size 12 bytes, ftm.o(.text))
<BR><BR>[Stack]<UL><LI>Max Depth = 12<LI>Call Chain = FTM_PWM_SetMode
</UL>
<BR>[Called By]<UL><LI><a href="#[c5]">&gt;&gt;</a>&nbsp;&nbsp;&nbsp;FTM_Init
</UL>

<P><STRONG><a name="[ef]"></a>NVIC_EnableIRQ</STRONG> (Thumb, 24 bytes, Stack size 0 bytes, gpio.o(.text))
<BR><BR>[Called By]<UL><LI><a href="#[a3]">&gt;&gt;</a>&nbsp;&nbsp;&nbsp;GPIO_Init
</UL>

<P><STRONG><a name="[fb]"></a>NVIC_EnableIRQ</STRONG> (Thumb, 24 bytes, Stack size 0 bytes, pit.o(.text))
<BR><BR>[Called By]<UL><LI><a href="#[9e]">&gt;&gt;</a>&nbsp;&nbsp;&nbsp;PIT_ITConfig
</UL>

<P><STRONG><a name="[fc]"></a>NVIC_DisableIRQ</STRONG> (Thumb, 18 bytes, Stack size 0 bytes, pit.o(.text))
<BR><BR>[Called By]<UL><LI><a href="#[9e]">&gt;&gt;</a>&nbsp;&nbsp;&nbsp;PIT_ITConfig
</UL>

<P><STRONG><a name="[fe]"></a>ADC_Cal</STRONG> (Thumb, 170 bytes, Stack size 0 bytes, adc.o(.text))
<BR><BR>[Called By]<UL><LI><a href="#[b7]">&gt;&gt;</a>&nbsp;&nbsp;&nbsp;ADC_Init
</UL>

<P><STRONG><a name="[100]"></a>NVIC_EnableIRQ</STRONG> (Thumb, 24 bytes, Stack size 0 bytes, adc.o(.text), UNUSED)
<BR><BR>[Called By]<UL><LI><a href="#[ff]">&gt;&gt;</a>&nbsp;&nbsp;&nbsp;ADC_ITConfig
</UL>

<P><STRONG><a name="[109]"></a>UART_puts</STRONG> (Thumb, 26 bytes, Stack size 4 bytes, uart.o(.text))
<BR><BR>[Stack]<UL><LI>Max Depth = 4<LI>Call Chain = UART_puts
</UL>
<BR>[Calls]<UL><LI><a href="#[d9]">&gt;&gt;</a>&nbsp;&nbsp;&nbsp;UART_SendData
</UL>
<BR>[Called By]<UL><LI><a href="#[a8]">&gt;&gt;</a>&nbsp;&nbsp;&nbsp;UART_printf
</UL>

<P><STRONG><a name="[10a]"></a>printn</STRONG> (Thumb, 48 bytes, Stack size 20 bytes, uart.o(.text))
<BR><BR>[Stack]<UL><LI>Max Depth = 20 + In Cycle
<LI>Call Chain = printn &rArr;  printn (Cycle)
</UL>
<BR>[Calls]<UL><LI><a href="#[d9]">&gt;&gt;</a>&nbsp;&nbsp;&nbsp;UART_SendData
<LI><a href="#[10a]">&gt;&gt;</a>&nbsp;&nbsp;&nbsp;printn
</UL>
<BR>[Called By]<UL><LI><a href="#[a8]">&gt;&gt;</a>&nbsp;&nbsp;&nbsp;UART_printf
<LI><a href="#[10a]">&gt;&gt;</a>&nbsp;&nbsp;&nbsp;printn
</UL>

<P><STRONG><a name="[104]"></a>NVIC_EnableIRQ</STRONG> (Thumb, 24 bytes, Stack size 0 bytes, uart.o(.text))
<BR><BR>[Called By]<UL><LI><a href="#[89]">&gt;&gt;</a>&nbsp;&nbsp;&nbsp;UART_ITConfig
</UL>
<P>
<H3>
Undefined Global Symbols
</H3><HR></body></html>
